INET Master File                                                                                                                                                                                                                                                                                            
    0    0    0
    20     1    10     1     0    0.00     0.0
    20     1    10     2     0    0.00     0.0
    20     1    10     3     0    0.00     0.0
    20     2    10     1     0    0.00     0.0
    20     2    10     2     0    0.00     0.0
    20     2    10     3     0    0.00     0.0
    20     3    10     1     0    0.00     0.0
    20     3    10     2     0    0.00     0.0
    20     3    10     3     0    0.00     0.0
    20     4    10     1     0    0.00     0.0
    20     4    10     2     0    0.00     0.0
    20     4    10     3     0    0.00     0.0
    20     5     1    0.00     0     0     0.0     0
    20     6     1    0.00     0     0     0.0     0
    20     7     1    0.00     0     0     0.0     0
    20     8     1    0.00     0     0     0.0     0
    40     1    10     1   540   96.83    27.9
    40     1    10     2   900   97.93    45.8
    40     1    10     3   720   99.08    36.3
    40     2    10     1     0    0.00     0.0
    40     2    10     2     0    0.00     0.0
    40     2    10     3     0    0.00     0.0
    40     3    10     1     0    0.00     0.0
    40     3    10     2     0    0.00     0.0
    40     3    10     3     0    0.00     0.0
    40     4    10     1     0    0.00     0.0
    40     4    10     2     0    0.00     0.0
    40     4    10     3     0    0.00     0.0
    40     5     1   98.85  1980   660    33.3     1
    40     6     1    0.00     0     0     0.0     0
    40     7     1    0.00     0     0     0.0     0
    40     8     1    0.00     0     0     0.0     0
    60     1    10     1   540   94.40    22.0
    60     1    10     2   900   92.25    51.1
    60     1    10     3  1440   93.47    68.4
    60     2    10     1     0    0.00     0.0
    60     2    10     2     0    0.00     0.0
    60     2    10     3     0    0.00     0.0
    60     3    10     1     0    0.00     0.0
    60     3    10     2     0    0.00     0.0
    60     3    10     3     0    0.00     0.0
    60     4    10     1     0    0.00     0.0
    60     4    10     2     0    0.00     0.0
    60     4    10     3     0    0.00     0.0
    60     5     1   97.98  1800   600    30.6     1
    60     6     1    0.00     0     0     0.0     0
    60     7     1    0.00     0     0     0.0     0
    60     8     1    0.00     0     0     0.0     0
    80     1    10     1   360   98.82    18.2
    80     1    10     2  1800   88.29    98.5
    80     1    10     3  1620   84.48    95.9
    80     2    10     1     0    0.00     0.0
    80     2    10     2     0    0.00     0.0
    80     2    10     3     0    0.00     0.0
    80     3    10     1     0    0.00     0.0
    80     3    10     2     0    0.00     0.0
    80     3    10     3     0    0.00     0.0
    80     4    10     1     0    0.00     0.0
    80     4    10     2     0    0.00     0.0
    80     4    10     3     0    0.00     0.0
    80     5     1   99.10  1440   480    24.2     1
    80     6     1    0.00     0     0     0.0     0
    80     7     1    0.00     0     0     0.0     0
    80     8     1    0.00     0     0     0.0     0
   100     1    10     1   720   97.54    38.3
   100     1    10     2  1620   84.77    90.2
   100     1    10     3  1440   81.39    84.7
   100     2    10     1     0    0.00     0.0
   100     2    10     2     0    0.00     0.0
   100     2    10     3     0    0.00     0.0
   100     3    10     1     0    0.00     0.0
   100     3    10     2     0    0.00     0.0
   100     3    10     3     0    0.00     0.0
   100     4    10     1     0    0.00     0.0
   100     4    10     2     0    0.00     0.0
   100     4    10     3     0    0.00     0.0
   100     5     1   98.97  1080   360    18.1     1
   100     6     1    0.00     0     0     0.0     0
   100     7     1    0.00     0     0     0.0     0
   100     8     1    0.00     0     0     0.0     0
   120     1    10     1   360   97.99    16.9
   120     1    10     2  2160   81.04   130.4
   120     1    10     3  1260   79.29    73.0
   120     2    10     1   180   97.51     9.2
   120     2    10     2   360   98.16    18.3
   120     2    10     3   360   99.23    14.5
   120     3    10     1     0    0.00     0.0
   120     3    10     2     0    0.00     0.0
   120     3    10     3     0    0.00     0.0
   120     4    10     1     0    0.00     0.0
   120     4    10     2     0    0.00     0.0
   120     4    10     3     0    0.00     0.0
   120     5     1   98.38  2340   780    39.6     1
   120     6     1   99.46   900   300    13.4     1
   120     7     1    0.00     0     0     0.0     0
   120     8     1    0.00     0     0     0.0     0
   140     1    10     1   720  100.52    33.3
   140     1    10     2  1800   88.79   100.3
   140     1    10     3  1980   87.85   101.3
   140     2    10     1   540   98.39    27.4
   140     2    10     2   900   96.91    46.4
   140     2    10     3   360   99.05    18.2
   140     3    10     1     0    0.00     0.0
   140     3    10     2     0    0.00     0.0
   140     3    10     3     0    0.00     0.0
   140     4    10     1     0    0.00     0.0
   140     4    10     2     0    0.00     0.0
   140     4    10     3     0    0.00     0.0
   140     5     1   99.11   720   240    12.1     1
   140     6     1   98.46  2160   720    38.5     1
   140     7     1    0.00     0     0     0.0     0
   140     8     1    0.00     0     0     0.0     0
   160     1    10     1   360  101.44    17.7
   160     1    10     2   900   88.67    50.6
   160     1    10     3  1260   91.48    63.2
   160     2    10     1   180   96.33     9.3
   160     2    10     2   900   95.23    47.3
   160     2    10     3  1260   93.01    67.7
   160     3    10     1     0    0.00     0.0
   160     3    10     2     0    0.00     0.0
   160     3    10     3     0    0.00     0.0
   160     4    10     1     0    0.00     0.0
   160     4    10     2     0    0.00     0.0
   160     4    10     3     0    0.00     0.0
   160     5     1   99.28  1080   360    18.1     1
   160     6     1   98.80  1620   540    25.2     1
   160     7     1    0.00     0     0     0.0     0
   160     8     1    0.00     0     0     0.0     0
   180     1    10     1   360   98.92    16.2
   180     1    10     2  1620   85.17    88.5
   180     1    10     3   900   68.15    71.3
   180     2    10     1   900   95.95    40.2
   180     2    10     2  1260   92.55    62.8
   180     2    10     3   720   95.94    32.8
   180     3    10     1     0    0.00     0.0
   180     3    10     2     0    0.00     0.0
   180     3    10     3     0    0.00     0.0
   180     4    10     1     0    0.00     0.0
   180     4    10     2     0    0.00     0.0
   180     4    10     3     0    0.00     0.0
   180     5     1   99.41   900   300    15.0     1
   180     6     1   99.10  1260   420    21.1     1
   180     7     1    0.00     0     0     0.0     0
   180     8     1    0.00     0     0     0.0     0
   200     1    10     1   180   96.93     9.3
   200     1    10     2  1440   90.03    80.1
   200     1    10     3  1440   86.68    83.5
   200     2    10     1   540   96.44    28.0
   200     2    10     2  1260   90.98    69.3
   200     2    10     3  1260   90.30    60.9
   200     3    10     1     0    0.00     0.0
   200     3    10     2     0    0.00     0.0
   200     3    10     3     0    0.00     0.0
   200     4    10     1     0    0.00     0.0
   200     4    10     2     0    0.00     0.0
   200     4    10     3     0    0.00     0.0
   200     5     1   98.78  1800   600    30.3     1
   200     6     1   98.93  1260   420    21.8     1
   200     7     1    0.00     0     0     0.0     0
   200     8     1    0.00     0     0     0.0     0
   220     1    10     1   900   96.81    46.5
   220     1    10     2  1800   75.99   174.8
   220     1    10     3  1260   85.86    72.6
   220     2    10     1   720  101.09    35.6
   220     2    10     2   720   89.73    48.3
   220     2    10     3   720   92.26    39.0
   220     3    10     1   360   97.05    18.5
   220     3    10     2   900   98.05    45.9
   220     3    10     3   540   99.28    27.2
   220     4    10     1     0    0.00     0.0
   220     4    10     2     0    0.00     0.0
   220     4    10     3     0    0.00     0.0
   220     5     1   99.27  1260   420    19.3     1
   220     6     1   98.63  1800   600    29.7     1
   220     7     1   99.20  1800   600    28.5     1
   220     8     1    0.00     0     0     0.0     0
   240     1    10     1   540   96.75    27.9
   240     1    10     2  1080   24.51   146.7
   240     1    10     3   900   29.53   131.2
   240     2    10     1   180   98.54     9.1
   240     2    10     2  1440   92.25    68.5
   240     2    10     3  1260   94.34    66.8
   240     3    10     1   360   98.34    18.3
   240     3    10     2   720   93.12    38.7
   240     3    10     3     0    0.00     0.0
   240     4    10     1     0    0.00     0.0
   240     4    10     2     0    0.00     0.0
   240     4    10     3     0    0.00     0.0
   240     5     1   99.12  1080   360    18.1     1
   240     6     1   99.27  1080   360    18.1     1
   240     7     1   98.42  1980   660    33.5     1
   240     8     1    0.00     0     0     0.0     0
   260     1    10     1   360   95.00    17.4
   260     1    10     2  1620   49.72   156.6
   260     1    10     3  1260   46.69   136.8
   260     2    10     1   540  100.96    19.4
   260     2    10     2  1260   92.85    67.8
   260     2    10     3   900   96.78    46.5
   260     3    10     1   360   96.09    18.7
   260     3    10     2   720   95.30    37.8
   260     3    10     3   360  106.27    12.3
   260     4    10     1     0    0.00     0.0
   260     4    10     2     0    0.00     0.0
   260     4    10     3     0    0.00     0.0
   260     5     1   97.78  1980   660    33.7     1
   260     6     1   99.39   900   300    15.0     1
   260     7     1   99.08  1440   480    24.2     1
   260     8     1    0.00     0     0     0.0     0
   280     1    10     1   720   79.33    44.9
   280     1    10     2  1800   58.55   157.4
   280     1    10     3  1620   54.43   154.1
   280     2    10     1   360   97.01    18.6
   280     2    10     2  1260   95.53    66.0
   280     2    10     3  1080   93.97    57.5
   280     3    10     1   900   94.40    47.7
   280     3    10     2  1440   91.01    79.1
   280     3    10     3   180  106.34     8.5
   280     4    10     1     0    0.00     0.0
   280     4    10     2     0    0.00     0.0
   280     4    10     3     0    0.00     0.0
   280     5     1   99.13  1260   420    21.1     1
   280     6     1   99.46   900   300    15.0     1
   280     7     1   99.24  1080   360    18.1     1
   280     8     1    0.00     0     0     0.0     0
   300     1    10     1   360   85.60    21.2
   300     1    10     2  1080   65.98    73.1
   300     1    10     3  1260   63.69   113.8
   300     2    10     1   360   96.49    18.7
   300     2    10     2   900  100.85    44.6
   300     2    10     3   540   93.92    29.2
   300     3    10     1  1080   98.30    54.9
   300     3    10     2  1080   95.62    56.2
   300     3    10     3   360  106.51    16.9
   300     4    10     1     0    0.00     0.0
   300     4    10     2   180   98.13     9.2
   300     4    10     3   360   99.47    18.1
   300     5     1   98.28  1980   660    33.5     1
   300     6     1   98.81  1620   540    27.3     1
   300     7     1   98.77  1980   660    33.3     1
   300     8     1   99.73   720   240     9.5     1
   320     1    10     1   720   98.57    36.5
   320     1    10     2  1440   92.42    78.0
   320     1    10     3  1260   85.45    60.7
   320     2    10     1   900   95.91    46.9
   320     2    10     2  1260   89.93    63.7
   320     2    10     3  1620   92.09    87.5
   320     3    10     1   360   99.14    18.2
   320     3    10     2  1260   90.37    69.7
   320     3    10     3   540  103.82    26.0
   320     4    10     1   720   96.86    37.2
   320     4    10     2   900   97.50    46.2
   320     4    10     3   180   99.28     9.1
   320     5     1   99.00   900   300    15.1     1
   320     6     1   99.13  1440   480    24.1     1
   320     7     1   98.79  1080   360    18.2     1
   320     8     1   98.76  1980   660    33.3     1
   340     1    10     1   540   95.68    28.2
   340     1    10     2  1080   94.81    57.0
   340     1    10     3   540   93.71    22.4
   340     2    10     1   360   97.50    18.5
   340     2    10     2  1080   90.64    59.6
   340     2    10     3  1080   95.41    56.6
   340     3    10     1   180  113.15     8.0
   340     3    10     2  1080   88.76    60.8
   340     3    10     3   360  100.66    17.9
   340     4    10     1   180   96.55     5.1
   340     4    10     2   720   93.54    38.5
   340     4    10     3   360  105.99    12.7
   340     5     1   98.19  1980   660    32.8     1
   340     6     1   99.35  1080   360    20.7     1
   340     7     1   99.35  1080   360    18.1     1
   340     8     1   98.65  1800   600    30.3     1
   360     1    10     1   720   94.93    36.1
   360     1    10     2  1440   84.33    80.4
   360     1    10     3  1800   87.35   102.0
   360     2    10     1   540   94.80    28.5
   360     2    10     2  1440   94.63    76.1
   360     2    10     3  1260   95.27    66.1
   360     3    10     1   360   98.45    18.3
   360     3    10     2  1440   84.61    92.6
   360     3    10     3   360  102.16    17.6
   360     4    10     1   180   95.70     9.4
   360     4    10     2   900   93.40    48.2
   360     4    10     3   180  106.35     8.5
   360     5     1   98.49  1800   600    30.4     1
   360     6     1   98.13  1980   660    30.9     1
   360     7     1   99.44   900   300    15.0     1
   360     8     1   99.19  1260   420    21.1     1
   380     1    10     1   360   99.49    18.1
   380     1    10     2  1620   89.63    85.1
   380     1    10     3  1260   93.16    63.5
   380     2    10     1   540   97.23    27.8
   380     2    10     2  1620   91.13    89.0
   380     2    10     3  1080   85.28    63.2
   380     3    10     1   360   95.43    18.9
   380     3    10     2  1440   89.69    72.7
   380     3    10     3   360  110.48    16.3
   380     4    10     1  1080   93.88    57.5
   380     4    10     2  1080   92.04    52.7
   380     4    10     3  1080   97.78    55.2
   380     5     1   99.21  1260   420    21.1     1
   380     6     1   99.28  1260   420    21.1     1
   380     7     1   99.06  1620   540    27.2     1
   380     8     1   99.07  1440   480    24.2     1
   400     1    10     1   360  102.45    13.3
   400     1    10     2  1620   72.18   144.3
   400     1    10     3  1260   39.41    77.4
   400     2    10     1   720   96.74    37.2
   400     2    10     2   720   94.66    38.0
   400     2    10     3   720   97.68    36.8
   400     3    10     1   720   96.45    36.6
   400     3    10     2  1620   90.32    89.7
   400     3    10     3   540  107.28    25.2
   400     4    10     1   540   98.57    22.4
   400     4    10     2  1080   92.66    54.6
   400     4    10     3   360  102.92    17.5
   400     5     1   98.97  1080   360    18.1     1
   400     6     1   98.37  1980   660    33.5     1
   400     7     1   99.12  1080   360    18.1     1
   400     8     1   98.70  1800   600    30.3     1
   420     1    10     1   360  100.71    17.9
   420     1    10     2   900   42.94   104.4
   420     1    10     3  1260   43.29   149.0
   420     2    10     1   720   99.05    36.3
   420     2    10     2  1800   82.95   104.1
   420     2    10     3  1620   87.62    92.5
   420     3    10     1   540   97.82    27.6
   420     3    10     2  1620   91.03    89.0
   420     3    10     3   180  103.67     8.7
   420     4    10     1   540  103.32    26.1
   420     4    10     2  1080   91.04    59.3
   420     4    10     3   540  103.08    26.2
   420     5     1   99.51   900   300    15.0     1
   420     6     1   99.48  1080   360    18.0     1
   420     7     1   99.18  1440   480    24.1     1
   420     8     1   99.25  1080   360    18.1     1
   440     1    10     1   720   97.07    37.2
   440     1    10     2  1440   69.31    89.8
   440     1    10     3  1440   64.01   110.5
   440     2    10     1   900   95.76    47.0
   440     2    10     2  1800   87.98    97.9
   440     2    10     3  1440   89.10    72.4
   440     3    10     1   720   95.22    37.8
   440     3    10     2  1260   90.70    69.5
   440     3    10     3   360  109.15    16.5
   440     4    10     1   180  101.48     8.9
   440     4    10     2   540   91.04    29.7
   440     4    10     3   360   98.64    18.2
   440     5     1   97.27  2880   960    49.3     1
   440     6     1   98.31  1980   660    35.3     1
   440     7     1   98.72  1800   600    30.3     1
   440     8     1   99.43   900   300    15.0     1
   460     1    10     1   720   98.81    35.1
   460     1    10     2   720   67.20    54.6
   460     1    10     3   900   61.15    72.1
   460     2    10     1   540   95.47    22.1
   460     2    10     2  1260   93.50    57.0
   460     2    10     3  1260   83.55    73.8
   460     3    10     1   360   95.96    18.8
   460     3    10     2  1440   90.31    79.7
   460     3    10     3   360  102.93    17.5
   460     4    10     1   360   95.60    18.8
   460     4    10     2  1260   88.10    63.3
   460     4    10     3   900  100.62    44.7
   460     5     1   97.67  2340   780    39.9     1
   460     6     1   98.74  1800   600    28.5     1
   460     7     1   98.70  1260   420    21.2     1
   460     8     1   99.47   900   300    15.0     1
   480     1    10     1   540  101.85    26.5
   480     1    10     2  1080   64.11    82.4
   480     1    10     3  1440   50.12   132.7
   480     2    10     1   540  102.61    22.2
   480     2    10     2   900   90.11    49.9
   480     2    10     3   900  100.43    44.8
   480     3    10     1   540   97.15    27.8
   480     3    10     2  1620   87.00    88.3
   480     3    10     3   360  104.95    14.2
   480     4    10     1   180   95.99     9.4
   480     4    10     2  1440   90.03    80.0
   480     4    10     3   540  104.39    25.9
   480     5     1   98.40  1080   360    17.3     1
   480     6     1   99.16  1260   420    21.1     1
   480     7     1   98.83  1800   600    30.3     1
   480     8     1   98.96  1620   540    27.2     1
   500     1    10     1   540   93.84    28.8
   500     1    10     2  1080   78.89    68.9
   500     1    10     3  1260   76.60    80.9
   500     2    10     1   180  101.25     8.9
   500     2    10     2  1260   91.68    68.7
   500     2    10     3  1080   90.62    59.6
   500     3    10     1   900   97.06    46.4
   500     3    10     2  1080   90.86    59.2
   500     3    10     3   180   99.52     9.0
   500     4    10     1   720   95.93    37.5
   500     4    10     2  1260   92.11    68.4
   500     4    10     3   900  100.95    44.6
   500     5     1   99.40   900   300    15.0     1
   500     6     1   99.33   540   180     9.0     1
   500     7     1   98.63  1260   420    21.2     1
   500     8     1   99.15  1260   420    22.6     1
   520     1    10     1   720   91.98    39.3
   520     1    10     2  1440   89.60    75.3
   520     1    10     3  1260   88.23    68.3
   520     2    10     1   360   99.72    18.1
   520     2    10     2  1260   88.91    70.9
   520     2    10     3  1260   93.12    61.0
   520     3    10     1   540   98.99    27.3
   520     3    10     2  1620   94.18    86.0
   520     3    10     3   540  104.15    21.3
   520     4    10     1   720   95.57    37.7
   520     4    10     2   720   91.23    39.5
   520     4    10     3   900  100.80    38.7
   520     5     1   98.96  1260   420    23.6     1
   520     6     1   98.54  2160   720    36.5     1
   520     7     1   98.97  1620   540    27.2     1
   520     8     1   99.32  1260   420    19.6     1
   540     1    10     1   360   97.66    18.4
   540     1    10     2   720   97.45    37.0
   540     1    10     3   900   96.71    40.9
   540     2    10     1   720   94.92    37.9
   540     2    10     2  1800   87.45    93.4
   540     2    10     3  1260   91.51    66.0
   540     3    10     1   720   95.49    37.7
   540     3    10     2  1080   92.92    58.1
   540     3    10     3   180  107.93     8.3
   540     4    10     1   720   94.25    38.2
   540     4    10     2   900   95.70    52.0
   540     4    10     3   540   98.37    27.4
   540     5     1   99.26  1260   420    18.7     1
   540     6     1   98.07  1980   660    33.6     1
   540     7     1   98.42  1980   660    34.3     1
   540     8     1   98.47  1980   660    33.4     1
   560     1    10     1   360   98.38    18.3
   560     1    10     2  1080   90.72    48.0
   560     1    10     3   720   96.77    37.2
   560     2    10     1   720  100.34    35.9
   560     2    10     2  1440   96.80    74.4
   560     2    10     3  1080   85.97    62.9
   560     3    10     1   900   97.32    44.5
   560     3    10     2  1260   87.20    72.3
   560     3    10     3   540  101.37    26.7
   560     4    10     1   540   96.66    27.9
   560     4    10     2  1260   90.29    64.8
   560     4    10     3   540  102.74    26.3
   560     5     1   98.09  1980   660    33.6     1
   560     6     1   98.10  2520   840    42.7     1
   560     7     1   99.09  1440   480    23.3     1
   560     8     1   99.26  1260   420    21.1     1
   580     1    10     1   360   95.46    18.9
   580     1    10     2  1440   96.08    74.9
   580     1    10     3   720   93.72    38.4
   580     2    10     1   360  100.67    17.9
   580     2    10     2  1440   81.65    88.3
   580     2    10     3  1440   85.40    84.5
   580     3    10     1   180  103.88     8.7
   580     3    10     2  1080   91.48    59.0
   580     3    10     3   720  104.26    34.5
   580     4    10     1   540   95.85    28.2
   580     4    10     2  1080   92.76    58.2
   580     4    10     3  1080   89.23    57.9
   580     5     1   98.82  1260   420    21.2     1
   580     6     1   99.36   900   300    15.0     1
   580     7     1   99.11  1080   360    18.1     1
   580     8     1   98.56  1980   660    33.4     1
   600     1    10     1   900   99.21    45.4
   600     1    10     2  1440   81.25    89.4
   600     1    10     3  1620   80.64    97.1
   600     2    10     1   900   96.15    42.9
   600     2    10     2   900   93.01    45.1
   600     2    10     3   900   87.43    51.7
   600     3    10     1   360  100.85    17.8
   600     3    10     2  1980   85.90   115.3
   600     3    10     3   180  105.42     8.5
   600     4    10     1   900   97.15    44.4
   600     4    10     2   720   94.78    38.0
   600     4    10     3   720   99.05    36.3
   600     5     1   98.72  1620   540    28.4     1
   600     6     1   99.47   900   300    15.0     1
   600     7     1   99.61   720   240    13.3     1
   600     8     1   99.46   900   300    15.0     1
   620     1    10     1   540   97.25    27.8
   620     1    10     2  1080   66.50    81.5
   620     1    10     3  1440   81.59    84.8
   620     2    10     1   360   93.18    19.3
   620     2    10     2  1440   81.79    88.5
   620     2    10     3   720   90.22    50.1
   620     3    10     1   180   99.42     9.1
   620     3    10     2  1260   92.39    67.5
   620     3    10     3   360  108.25    16.6
   620     4    10     1   540   97.20    27.8
   620     4    10     2  1440   93.70    76.8
   620     4    10     3   720   99.82    36.1
   620     5     1   98.97  1080   360    17.0     1
   620     6     1   99.02  1080   360    18.1     1
   620     7     1   98.29  2520   840    41.3     1
   620     8     1   98.61  1980   660    33.4     1
   640     1    10     1   360  101.33    10.9
   640     1    10     2  1440   55.62   123.5
   640     1    10     3  1260   76.00    83.5
   640     2    10     1   720   95.55    29.4
   640     2    10     2  1800   80.73   110.0
   640     2    10     3  1440   74.11    88.4
   640     3    10     1   900   95.96    46.9
   640     3    10     2  1440   94.04    73.2
   640     3    10     3   360  103.26    17.4
   640     4    10     1   540   95.14    28.4
   640     4    10     2   720   93.49    38.5
   640     4    10     3   540  107.68    25.1
   640     5     1   99.06  1620   540    27.2     1
   640     6     1   98.73  1980   660    33.4     1
   640     7     1   98.42  2160   720    36.5     1
   640     8     1   98.71  1980   660    33.4     1
   660     1    10     1   360   95.80    18.8
   660     1    10     2  1080   94.07    57.6
   660     1    10     3  1440   88.35    81.5
   660     2    10     1   180  101.65     8.9
   660     2    10     2  1980   83.72   108.6
   660     2    10     3  1980   83.10    98.7
   660     3    10     1   720   98.61    32.5
   660     3    10     2  1080   90.88    59.4
   660     3    10     3   900  103.21    39.8
   660     4    10     1   900   96.96    46.4
   660     4    10     2  1080   93.09    58.0
   660     4    10     3   540  101.34    25.9
   660     5     1   97.66  2700   900    46.0     1
   660     6     1   98.88  1800   600    30.3     1
   660     7     1   98.20  1800   600    30.5     1
   660     8     1   99.18  1260   420    21.1     1
   680     1    10     1   900   96.70    42.8
   680     1    10     2  1080   87.81    61.3
   680     1    10     3   720   91.37    37.4
   680     2    10     1   720   96.37    37.4
   680     2    10     2  1260   88.29    71.3
   680     2    10     3  1080   91.97    55.0
   680     3    10     1   180   93.27     9.6
   680     3    10     2  1260   89.76    70.2
   680     3    10     3   180  101.57     8.9
   680     4    10     1   180  101.28     8.9
   680     4    10     2   900   97.34    46.2
   680     4    10     3   540   96.74    27.9
   680     5     1   98.16  1620   540    27.4     1
   680     6     1   99.24   900   300    15.1     1
   680     7     1   99.39   900   300    15.0     1
   680     8     1   99.34   540   180     9.0     1
   700     1    10     1   540   99.64    27.1
   700     1    10     2  1260   87.93    71.9
   700     1    10     3   900   87.66    51.5
   700     2    10     1   900   99.43    45.2
   700     2    10     2  1260   63.77    93.8
   700     2    10     3   900   88.91    50.6
   700     3    10     1   720   93.02    38.7
   700     3    10     2   900   91.58    49.1
   700     3    10     3   720  101.37    28.5
   700     4    10     1   360  100.03    18.0
   700     4    10     2  1620   89.38    88.9
   700     4    10     3   900   99.64    45.2
   700     5     1   99.34  1080   360    18.1     1
   700     6     1   98.72  1800   600    30.3     1
   700     7     1   99.30  1260   420    21.1     1
   700     8     1   99.14  1620   540    27.2     1
   720     1    10     1   720   95.42    37.7
   720     1    10     2  1620   85.83    94.5
   720     1    10     3  1440   89.85    80.3
   720     2    10     1   360  100.99    15.4
   720     2    10     2  1260   62.05    98.5
   720     2    10     3  1440   58.01   104.4
   720     3    10     1   540  102.54    32.1
   720     3    10     2  1620   86.58    93.6
   720     3    10     3   360   99.69    18.1
   720     4    10     1   360  105.15    17.1
   720     4    10     2  1440   91.47    78.7
   720     4    10     3   360  100.73    17.9
   720     5     1   98.44  1980   660    33.5     1
   720     6     1   99.42  1080   360    18.0     1
   720     7     1   99.29  1080   360    18.1     1
   720     8     1   98.11  2340   780    39.7     1
   740     1    10     1  1080   96.89    43.3
   740     1    10     2  1080   86.95    62.1
   740     1    10     3  1440   88.70    81.1
   740     2    10     1     0    0.00     0.0
   740     2    10     2  1440   56.01   132.5
   740     2    10     3  1080   49.77   113.6
   740     3    10     1  1080   93.11    46.3
   740     3    10     2  1620   91.79    88.2
   740     3    10     3   180  102.72     8.8
   740     4    10     1   720   94.90    37.9
   740     4    10     2  1260   99.02    63.6
   740     4    10     3   720   97.38    37.0
   740     5     1   99.50   540   180     9.0     1
   740     6     1   98.76  1800   600    30.3     1
   740     7     1   98.65  1980   660    33.4     1
   740     8     1   98.35  2520   840    42.6     1
   760     1    10     1   360   97.06    13.9
   760     1    10     2  1080   90.20    59.9
   760     1    10     3  1080   88.46    58.5
   760     2    10     1   360   95.60    18.8
   760     2    10     2  1080   39.26   145.1
   760     2    10     3  1260   46.40   156.9
   760     3    10     1   180   92.51     9.7
   760     3    10     2  1440   87.24    82.5
   760     3    10     3   360  105.79    17.0
   760     4    10     1   360   99.45    18.1
   760     4    10     2  1080   90.35    59.8
   760     4    10     3   720   99.57    36.2
   760     5     1   99.14  1440   480    24.1     1
   760     6     1   97.86  2520   840    41.3     1
   760     7     1   98.91  1440   480    24.2     1
   760     8     1   99.01  1080   360    18.1     1
   780     1    10     1   900  101.72    44.2
   780     1    10     2   720   96.14    37.4
   780     1    10     3   900   92.57    48.6
   780     2    10     1  1080   90.18    59.9
   780     2    10     2  1260   54.46    88.0
   780     2    10     3  1440   60.68   121.6
   780     3    10     1  1080   95.16    56.7
   780     3    10     2  1440   87.33    82.4
   780     3    10     3   180  102.68     8.8
   780     4    10     1   360   93.10    19.3
   780     4    10     2   900   92.79    48.5
   780     4    10     3   720  104.33    27.7
   780     5     1   98.55  1080   360    16.7     1
   780     6     1   99.03  1440   480    24.2     1
   780     7     1   99.09  1440   480    25.7     1
   780     8     1   99.47   900   300    15.0     1
   800     1    10     1   720   95.97    37.5
   800     1    10     2  1620   91.50    88.6
   800     1    10     3   900   85.77    52.5
   800     2    10     1   540   99.04    27.3
   800     2    10     2  1260   71.60    92.7
   800     2    10     3  1260   72.73    73.4
   800     3    10     1   540   97.45    27.7
   800     3    10     2  1080   90.66    59.6
   800     3    10     3   720  105.06    34.2
   800     4    10     1   720   98.60    36.5
   800     4    10     2   720   73.52    49.8
   800     4    10     3   720  100.88    32.3
   800     5     1   98.38  1800   600    30.0     1
   800     6     1   98.91  1620   540    27.2     1
   800     7     1   98.87  1260   420    19.6     1
   800     8     1   99.15  1080   360    18.1     1
   820     1    10     1   180   89.61    10.0
   820     1    10     2   900   95.38    47.2
   820     1    10     3   360   92.74    22.3
   820     2    10     1   720   95.44    37.7
   820     2    10     2   900   80.55    56.5
   820     2    10     3  1080   76.57    70.6
   820     3    10     1   360   99.41    15.6
   820     3    10     2  1620   89.41    90.6
   820     3    10     3   360  104.19    17.3
   820     4    10     1   360   93.65    19.2
   820     4    10     2  1260   88.93    70.2
   820     4    10     3   720   98.76    36.5
   820     5     1   98.98   720   240    12.1     1
   820     6     1   98.78  1260   420    21.2     1
   820     7     1   99.19  1440   480    24.1     1
   820     8     1   99.02  1800   600    30.2     1
   840     1    10     1   360   94.08    19.1
   840     1    10     2  1260   81.94    77.1
   840     1    10     3  1260   87.89    68.8
   840     2    10     1   900   94.60    38.9
   840     2    10     2  1080   33.33   183.9
   840     2    10     3  1080   40.04   131.3
   840     3    10     1   360   95.64    18.8
   840     3    10     2  1440   92.34    78.0
   840     3    10     3   180  105.43     8.5
   840     4    10     1   720   93.27    38.6
   840     4    10     2  1260   93.18    62.8
   840     4    10     3   900  101.56    44.3
   840     5     1   99.37   720   240    12.0     1
   840     6     1   99.56   720   240    12.0     1
   840     7     1   98.52  2160   720    36.0     1
   840     8     1   98.76  1800   600    30.3     1
   860     1    10     1   360   98.65    18.2
   860     1    10     2  1260   63.35   102.2
   860     1    10     3  1080   70.62    95.9
   860     2    10     1   900   96.71    44.0
   860     2    10     2  1080   49.03    85.5
   860     2    10     3  1260   60.38    98.1
   860     3    10     1     0    0.00     0.0
   860     3    10     2  1620   87.59    92.5
   860     3    10     3   360  102.61    17.5
   860     4    10     1   360   92.53    25.7
   860     4    10     2  1080   89.50    60.3
   860     4    10     3   360   98.85    18.2
   860     5     1   98.31  1800   600    28.8     1
   860     6     1   99.00  1620   540    27.1     1
   860     7     1   98.16  2340   780    39.7     1
   860     8     1   99.16  1080   360    18.1     1
   880     1    10     1     0    0.00     0.0
   880     1    10     2  1800   69.35   130.9
   880     1    10     3  1800   65.90   120.7
   880     2    10     1   540  100.56    20.0
   880     2    10     2  1260   79.06    78.1
   880     2    10     3  1080   91.97    58.7
   880     3    10     1  1260   93.02    67.7
   880     3    10     2   900   95.10    47.3
   880     3    10     3   540  100.87    26.8
   880     4    10     1  1080   95.16    50.5
   880     4    10     2   900   90.33    49.8
   880     4    10     3  1260   93.89    63.3
   880     5     1   99.05  1620   540    27.1     1
   880     6     1   99.26   720   240    12.0     1
   880     7     1   99.32  1080   360    18.1     1
   880     8     1   98.84  1800   600    30.3     1
   900     1    10     1   180   99.99     9.0
   900     1    10     2  1080   85.93    62.8
   900     1    10     3  1260   85.86    72.8
   900     2    10     1   720   94.94    36.2
   900     2    10     2  1080   69.17    77.9
   900     2    10     3   900   58.23    76.7
   900     3    10     1   360   97.68    19.1
   900     3    10     2  1080   96.11    56.3
   900     3    10     3   720   93.03    38.5
   900     4    10     1   540   95.19    27.5
   900     4    10     2   720   94.10    38.3
   900     4    10     3   900   98.96    44.9
   900     5     1   98.39  1800   600    29.5     1
   900     6     1   98.64  1980   660    33.4     1
   900     7     1   98.68  1800   600    30.9     1
   900     8     1   99.39   900   300    15.2     1
   920     1    10     1   360   95.65    16.0
   920     1    10     2  1620   65.82   141.7
   920     1    10     3  1980   65.30   165.0
   920     2    10     1     0    0.00     0.0
   920     2    10     2  1260   44.63   120.8
   920     2    10     3   360   54.12    50.4
   920     3    10     1   900   94.41    47.0
   920     3    10     2  1260   68.15    89.9
   920     3    10     3  1080   33.69   142.7
   920     4    10     1     0    0.00     0.0
   920     4    10     2  1080   89.39    60.4
   920     4    10     3   900   98.65    45.6
   920     5     1   96.93  1800   600    30.9     1
   920     6     1   99.64   360   120     6.0     1
   920     7     1   99.32   720   240    11.4     1
   920     8     1   98.97  1800   600    30.1     1
   940     1    10     1   540   90.03    30.1
   940     1    10     2  1260   45.64   134.8
   940     1    10     3  1080   50.82   111.9
   940     2    10     1   540   92.99    29.0
   940     2    10     2  1260   67.29    92.7
   940     2    10     3  1080   57.19    96.9
   940     3    10     1   720   96.92    37.1
   940     3    10     2  1980   77.14   129.1
   940     3    10     3  1980   69.19   143.5
   940     4    10     1   360   95.17    18.9
   940     4    10     2  1440   93.83    76.7
   940     4    10     3   540   99.45    24.8
   940     5     1   98.46  2340   780    39.5     1
   940     6     1   99.11  1620   540    29.4     1
   940     7     1   99.46  1260   420    21.1     1
   940     8     1   98.20  2520   840    41.3     1
   960     1    10     1   720   96.42    34.1
   960     1    10     2  1260   70.73    88.9
   960     1    10     3   900   60.44    60.8
   960     2    10     1   180   98.52     9.1
   960     2    10     2   900   80.47    55.7
   960     2    10     3  1440   70.19    96.0
   960     3    10     1  1080   96.07    50.0
   960     3    10     2  1440   85.32    82.6
   960     3    10     3  1800   88.84    95.3
   960     4    10     1   180  110.64     8.1
   960     4    10     2   360   91.38    19.7
   960     4    10     3   720   97.48    36.9
   960     5     1   96.87  2340   780    40.2     1
   960     6     1   98.73  1260   420    19.0     1
   960     7     1   98.91  1260   420    21.2     1
   960     8     1   98.68  1620   540    27.3     1
   980     1    10     1   360  102.49    17.6
   980     1    10     2   900   68.30    67.0
   980     1    10     3   900   65.30    70.2
   980     2    10     1     0    0.00     0.0
   980     2    10     2  1080   85.98    62.5
   980     2    10     3   720   83.82    42.7
   980     3    10     1   540   98.53    27.4
   980     3    10     2   900   83.29    46.6
   980     3    10     3   900   88.30    50.7
   980     4    10     1  1080   90.98    59.4
   980     4    10     2   720   94.47    38.1
   980     4    10     3   720   94.78    38.0
   980     5     1   99.45   720   240    12.0     1
   980     6     1   98.63  1980   660    33.2     1
   980     7     1   99.13  1440   480    24.1     1
   980     8     1   99.10  1440   480    24.2     1
  1000     1    10     1   540   92.70    29.1
  1000     1    10     2  1440   64.50   108.4
  1000     1    10     3   900   68.28    60.3
  1000     2    10     1   180   99.86     9.0
  1000     2    10     2  1620   93.03    87.0
  1000     2    10     3  1080   93.09    56.1
  1000     3    10     1   360   92.43    15.2
  1000     3    10     2  1620   66.23   124.1
  1000     3    10     3  1260   65.64    92.4
  1000     4    10     1   540   97.34    21.5
  1000     4    10     2  1260   94.85    59.5
  1000     4    10     3   720   96.30    37.4
  1000     5     1   98.93  1440   480    24.2     1
  1000     6     1   98.32  2340   780    39.3     1
  1000     7     1   98.65  1080   360    18.2     1
  1000     8     1   98.77  1440   480    24.2     1
  1020     1    10     1   180   94.84     5.9
  1020     1    10     2  1440   41.08   179.0
  1020     1    10     3  1440   38.21   193.1
  1020     2    10     1   360   95.66    18.8
  1020     2    10     2   720   94.46    33.1
  1020     2    10     3  1080   94.06    50.3
  1020     3    10     1     0    0.00     0.0
  1020     3    10     2  1260   72.42    90.8
  1020     3    10     3  1080   63.07    82.9
  1020     4    10     1   900   99.01    44.1
  1020     4    10     2  1260   93.26    67.6
  1020     4    10     3   900   92.80    46.1
  1020     5     1   98.92  1260   420    21.2     1
  1020     6     1   98.79  1260   420    21.2     1
  1020     7     1   99.51   720   240    12.0     1
  1020     8     1   99.53   720   240    12.0     1
  1040     1    10     1   360   96.57    13.9
  1040     1    10     2  1980   72.97   126.3
  1040     1    10     3  1800   68.78   126.5
  1040     2    10     1   900   94.27    47.7
  1040     2    10     2  1080   87.93    61.4
  1040     2    10     3  1080   89.70    57.1
  1040     3    10     1   720   93.65    38.4
  1040     3    10     2  1440   72.38    98.1
  1040     3    10     3  1260   71.55    85.5
  1040     4    10     1   540   95.38    28.3
  1040     4    10     2  1260   95.19    58.5
  1040     4    10     3  1080   93.95    60.2
  1040     5     1   98.85  1980   660    33.3     1
  1040     6     1   97.91  2700   900    45.9     1
  1040     7     1   98.83  1800   600    30.3     1
  1040     8     1   99.22  1440   480    24.1     1
  1060     1    10     1   360   97.10    18.5
  1060     1    10     2  1080   63.22    72.1
  1060     1    10     3   900   79.57    54.6
  1060     2    10     1   900   94.12    47.8
  1060     2    10     2  1440   90.46    79.6
  1060     2    10     3  1620   90.09    85.2
  1060     3    10     1     0    0.00     0.0
  1060     3    10     2  1260   90.35    68.8
  1060     3    10     3  1620   90.21    89.8
  1060     4    10     1  1080   96.11    52.9
  1060     4    10     2  1440   91.50    76.0
  1060     4    10     3  1620   93.06    77.6
  1060     5     1   99.06  1260   420    21.1     1
  1060     6     1   97.95  1440   480    24.4     1
  1060     7     1   99.11  1620   540    27.2     1
  1060     8     1   99.12   900   300    15.1     1
  1080     1    10     1   540  100.73    25.5
  1080     1    10     2   900   73.59    56.9
  1080     1    10     3   720   69.77    52.5
  1080     2    10     1   180  104.71     8.6
  1080     2    10     2  1620   88.31    90.6
  1080     2    10     3  1260   85.57    73.7
  1080     3    10     1   180   99.85     9.0
  1080     3    10     2  1440   90.89    79.2
  1080     3    10     3   900   88.28    51.0
  1080     4    10     1   360   98.38    18.3
  1080     4    10     2  1260   94.39    66.7
  1080     4    10     3   720   95.31    37.8
  1080     5     1   98.70  1080   360    17.2     1
  1080     6     1   99.44  1080   360    18.0     1
  1080     7     1   98.55  1620   540    27.3     1
  1080     8     1   98.84  1800   600    30.3     1
  1100     1    10     1   360   93.08    19.2
  1100     1    10     2  1620   72.56   112.0
  1100     1    10     3  1800   76.01   116.7
  1100     2    10     1   540   93.18    29.0
  1100     2    10     2  1260   83.21    76.0
  1100     2    10     3  1260   86.36    69.9
  1100     3    10     1   180   95.69     9.4
  1100     3    10     2  1440   93.36    77.1
  1100     3    10     3  1440   94.30    76.4
  1100     4    10     1   360   92.59    16.7
  1100     4    10     2   900   87.22    51.6
  1100     4    10     3  1440   91.60    78.6
  1100     5     1   98.07  2160   720    36.6     1
  1100     6     1   98.97  1620   540    27.2     1
  1100     7     1   98.25  1980   660    33.5     1
  1100     8     1   99.38   540   180     9.0     1
  1120     1    10     1   900   97.06    39.5
  1120     1    10     2   540   52.69    52.4
  1120     1    10     3   720   38.73   108.2
  1120     2    10     1   360  100.47    17.9
  1120     2    10     2   540   89.06    30.6
  1120     2    10     3   720   92.84    38.8
  1120     3    10     1   360   95.14    18.9
  1120     3    10     2  1260   85.24    73.9
  1120     3    10     3  1620   88.56    91.5
  1120     4    10     1     0    0.00     0.0
  1120     4    10     2  1260   89.85    70.2
  1120     4    10     3  1080   95.72    56.4
  1120     5     1   98.67  1080   360    18.2     1
  1120     6     1   98.91  1440   480    24.2     1
  1120     7     1   98.88  1800   600    30.4     1
  1120     8     1   99.21  1620   540    27.1     1
  1140     1    10     1   540   99.33    22.3
  1140     1    10     2  1260   34.17   197.2
  1140     1    10     3  1440   33.17   180.4
  1140     2    10     1   180   88.61     6.8
  1140     2    10     2  1080   87.50    58.8
  1140     2    10     3  1080   82.36    66.1
  1140     3    10     1  1080   93.89    57.5
  1140     3    10     2  1080   82.42    65.2
  1140     3    10     3  1440   95.59    75.3
  1140     4    10     1   720   90.08    39.3
  1140     4    10     2  1620   91.17    88.8
  1140     4    10     3  1080   98.47    47.8
  1140     5     1   98.70  1260   420    20.7     1
  1140     6     1   99.04  1260   420    21.1     1
  1140     7     1   97.80  2880   960    48.9     1
  1140     8     1   98.87  1260   420    21.2     1
  1160     1    10     1   720   93.63    24.1
  1160     1    10     2  1260   21.84   234.3
  1160     1    10     3  1440   27.28   318.9
  1160     2    10     1   720   94.30    36.0
  1160     2    10     2  1080   31.29   146.5
  1160     2    10     3  1260   52.55   126.0
  1160     3    10     1   720   95.45    37.7
  1160     3    10     2   900   90.51    43.0
  1160     3    10     3   720   91.85    39.3
  1160     4    10     1     0    0.00     0.0
  1160     4    10     2  1800   88.95   101.2
  1160     4    10     3  1800   90.60    99.3
  1160     5     1   98.72  1620   540    27.2     1
  1160     6     1   99.20  1440   480    23.7     1
  1160     7     1   99.34   720   240    12.0     1
  1160     8     1   98.81  1980   660    33.3     1
  1180     1    10     1     0    0.00     0.0
  1180     1    10     2  1800   27.37   324.9
  1180     1    10     3  1440   24.53   272.3
  1180     2    10     1   360   96.24    12.6
  1180     2    10     2  1260   85.16    72.5
  1180     2    10     3   900   86.52    52.3
  1180     3    10     1     0    0.00     0.0
  1180     3    10     2  1260   88.90    70.9
  1180     3    10     3   900   86.83    59.3
  1180     4    10     1   180   99.81     9.0
  1180     4    10     2  1440   86.08    83.7
  1180     4    10     3  1080   87.83    51.9
  1180     5     1   98.87  1440   480    24.2     1
  1180     6     1   99.00  1260   420    21.1     1
  1180     7     1   99.19  1440   480    24.1     1
  1180     8     1   98.71  1800   600    30.3     1
  1200     1    10     1   180   98.80     6.0
  1200     1    10     2  1260   38.38   152.3
  1200     1    10     3  1800   34.05   252.4
  1200     2    10     1   720   97.57    36.9
  1200     2    10     2  1620   86.83    93.4
  1200     2    10     3  1800   86.79   103.8
  1200     3    10     1   720   93.62    38.5
  1200     3    10     2  1260   89.53    71.3
  1200     3    10     3  1800   91.24    85.7
  1200     4    10     1   360   95.74    18.8
  1200     4    10     2   900   91.35    49.3
  1200     4    10     3   900   95.63    45.2
  1200     5     1   98.83  1080   360    18.2     1
  1200     6     1   98.30  2160   720    36.5     1
  1200     7     1   99.01  1260   420    21.1     1
  1200     8     1   98.60  1620   540    28.5     1
  1220     1    10     1   180   91.48     5.5
  1220     1    10     2  1080   34.23   159.7
  1220     1    10     3  1080   26.52   156.8
  1220     2    10     1   360   97.15    18.5
  1220     2    10     2   900   52.08    90.8
  1220     2    10     3   900   53.27    74.9
  1220     3    10     1   180   96.27     9.3
  1220     3    10     2  1080   87.26    61.0
  1220     3    10     3   900   90.63    49.7
  1220     4    10     1   540   94.55    28.6
  1220     4    10     2   900  100.72    44.7
  1220     4    10     3  1080   95.95    56.0
  1220     5     1   99.30   900   300    15.0     1
  1220     6     1   99.44   900   300    15.0     1
  1220     7     1   99.00  1980   660    33.3     1
  1220     8     1   98.45  2340   780    38.4     1
  1240     1    10     1   360  103.62    17.4
  1240     1    10     2  1080   44.60   124.4
  1240     1    10     3  1620   46.76   227.7
  1240     2    10     1   360   85.30    21.3
  1240     2    10     2  1800   65.47   138.1
  1240     2    10     3  1260   61.19    93.2
  1240     3    10     1     0    0.00     8.7
  1240     3    10     2   900   96.28    46.7
  1240     3    10     3   900   90.42    49.8
  1240     4    10     1   900   93.61    41.7
  1240     4    10     2  1620   90.05    90.0
  1240     4    10     3  1260   88.58    68.9
  1240     5     1   99.40  1260   420    21.1     1
  1240     6     1   99.07  1260   420    21.1     1
  1240     7     1   99.14  1260   420    21.1     1
  1240     8     1   97.95  1980   660    33.6     1
  1260     1    10     1   360  104.90     8.3
  1260     1    10     2  1080   41.12   161.5
  1260     1    10     3  1440   32.74   273.5
  1260     2    10     1   720   92.39    39.0
  1260     2    10     2   720   79.39    51.4
  1260     2    10     3  1080   68.73    62.1
  1260     3    10     1  1080   93.17    44.2
  1260     3    10     2  1440   93.11    74.3
  1260     3    10     3  1260   92.71    62.2
  1260     4    10     1   540   93.31    28.9
  1260     4    10     2  1260   92.27    68.3
  1260     4    10     3  1440   91.45    78.7
  1260     5     1   98.13  1620   540    27.4     1
  1260     6     1   98.85  1620   540    27.3     1
  1260     7     1   99.16  1080   360    18.1     1
  1260     8     1   99.43   900   300    15.0     1
  1280     1    10     1   900   96.35    36.4
  1280     1    10     2  1980   62.86   160.9
  1280     1    10     3  1440   66.72   110.7
  1280     2    10     1     0    0.00     0.0
  1280     2    10     2   900   52.64    90.0
  1280     2    10     3   900   61.37    78.7
  1280     3    10     1   540   95.30    28.3
  1280     3    10     2   900   85.98    52.6
  1280     3    10     3   900   74.85    60.6
  1280     4    10     1   360   93.27    19.3
  1280     4    10     2  1440   85.10    92.6
  1280     4    10     3   900   53.99    74.8
  1280     5     1   98.84  1800   600    30.3     1
  1280     6     1   98.95  1260   420    21.2     1
  1280     7     1   99.08  1440   480    24.5     1
  1280     8     1   99.08  1800   600    30.2     1
  1300     1    10     1   180  105.73     8.5
  1300     1    10     2  1080   60.80    83.6
  1300     1    10     3  1440   69.48    91.2
  1300     2    10     1   180   98.67     9.1
  1300     2    10     2  1080   67.34    82.1
  1300     2    10     3  1080   78.49    56.8
  1300     3    10     1   720   97.75    36.8
  1300     3    10     2  1080   59.65    85.6
  1300     3    10     3  1620   66.79   112.9
  1300     4    10     1   540   95.58    28.2
  1300     4    10     2   360   51.01    41.5
  1300     4    10     3   720   62.70    58.4
  1300     5     1   99.33   720   240    10.2     1
  1300     6     1   99.20  1440   480    24.1     1
  1300     7     1   98.41  1800   600    30.0     1
  1300     8     1   99.03  1440   480    24.2     1
  1320     1    10     1   360   76.99    21.5
  1320     1    10     2  1080   75.88    77.5
  1320     1    10     3  1440   81.77    77.1
  1320     2    10     1   360   99.53    18.1
  1320     2    10     2  1080   82.02    66.2
  1320     2    10     3  1260   93.55    67.4
  1320     3    10     1   180  111.73     8.1
  1320     3    10     2  1260   54.95   107.1
  1320     3    10     3  1260   65.85    94.6
  1320     4    10     1     0    0.00     0.0
  1320     4    10     2   900   69.82    60.3
  1320     4    10     3  1080   79.94    57.5
  1320     5     1   98.45  1440   480    23.1     1
  1320     6     1   99.51   720   240    12.0     1
  1320     7     1   99.19  1080   360    18.2     1
  1320     8     1   99.02  1260   420    21.1     1
  1340     1    10     1   360  100.51    17.9
  1340     1    10     2   900   94.18    47.7
  1340     1    10     3   900   96.90    54.0
  1340     2    10     1   360   95.42    18.9
  1340     2    10     2  1800   36.44   154.3
  1340     2    10     3  1440   70.80    97.6
  1340     3    10     1   360   89.73    20.7
  1340     3    10     2  1260   46.06   135.2
  1340     3    10     3   720   43.74    74.6
  1340     4    10     1     0    0.00     0.0
  1340     4    10     2  1620   90.71    84.0
  1340     4    10     3  1260   93.15    67.6
  1340     5     1   98.74  1440   480    23.6     1
  1340     6     1   99.22  1440   480    24.1     1
  1340     7     1   99.04  1620   540    27.1     1
  1340     8     1   99.23  1440   480    24.1     1
  1360     1    10     1   180  107.61     8.4
  1360     1    10     2   900   90.96    43.4
  1360     1    10     3   900   95.02    39.8
  1360     2    10     1   360   95.29    14.2
  1360     2    10     2  1260   42.53   166.2
  1360     2    10     3  1620   49.18   172.0
  1360     3    10     1   720   89.85    35.5
  1360     3    10     2  1260   37.11   144.1
  1360     3    10     3   900   46.11    90.7
  1360     4    10     1  1080   92.08    58.6
  1360     4    10     2   900   88.74    50.7
  1360     4    10     3   900   89.52    50.3
  1360     5     1   99.07  1260   420    21.1     1
  1360     6     1   98.63  1800   600    30.4     1
  1360     7     1   99.16  1260   420    22.5     1
  1360     8     1   99.17  1080   360    18.1     1
  1380     1    10     1   540   94.78    28.5
  1380     1    10     2  1260   90.43    69.7
  1380     1    10     3  1440   92.81    77.6
  1380     2    10     1   900   98.81    44.2
  1380     2    10     2  1440   28.93   225.2
  1380     2    10     3  1080   31.23   109.9
  1380     3    10     1     0    0.00     0.0
  1380     3    10     2  1080   63.03    87.7
  1380     3    10     3   900   64.14    70.3
  1380     4    10     1   720   93.81    38.4
  1380     4    10     2  1800   81.82   103.1
  1380     4    10     3  1260   81.51    74.3
  1380     5     1   98.66  1980   660    33.4     1
  1380     6     1   98.97  1440   480    24.2     1
  1380     7     1   98.97  1440   480    22.8     1
  1380     8     1   98.63  2160   720    36.4     1
  1400     1    10     1   540   97.73    27.6
  1400     1    10     2   900   95.17    47.3
  1400     1    10     3   720   98.03    36.7
  1400     2    10     1     0    0.00     0.0
  1400     2    10     2  1620   65.49   126.1
  1400     2    10     3   900   51.91    86.0
  1400     3    10     1   180   98.65     9.1
  1400     3    10     2  1080   70.22    71.2
  1400     3    10     3  1260   70.55    90.7
  1400     4    10     1   540   97.15    27.8
  1400     4    10     2  1080   76.30    77.8
  1400     4    10     3   900   49.47   106.0
  1400     5     1   97.14  1980   660    33.9     1
  1400     6     1   99.60   720   240    10.5     1
  1400     7     1   99.29   900   300    15.0     1
  1400     8     1   99.08   900   300    15.1     1
  1420     1    10     1   540   96.96    27.8
  1420     1    10     2  1620   86.70    93.4
  1420     1    10     3  1440   91.40    62.6
  1420     2    10     1   540   98.14    27.5
  1420     2    10     2   900   70.86    62.6
  1420     2    10     3  1260   63.63    89.0
  1420     3    10     1   360  100.95    16.1
  1420     3    10     2  1440   28.66   172.6
  1420     3    10     3  1260   42.66   157.2
  1420     4    10     1     0    0.00     0.0
  1420     4    10     2   900   92.61    48.6
  1420     4    10     3  1260   86.54    66.4
  1420     5     1   97.98  1620   540    27.5     1
  1420     6     1   98.58  1800   600    30.4     1
  1420     7     1   99.44  1080   360    18.0     1
  1420     8     1   99.22  1440   480    24.1     1
  1440     1    10     1   540   98.46    21.9
  1440     1    10     2  1440   81.52    85.7
  1440     1    10     3  2160   82.90   122.8
  1440     2    10     1   360   98.79    18.2
  1440     2    10     2  1800   62.17   127.6
  1440     2    10     3  1440   67.74   115.5
  1440     3    10     1   540  101.29    22.8
  1440     3    10     2   720   53.89    66.2
  1440     3    10     3  1080   43.07   133.0
  1440     4    10     1   180   88.54    10.2
  1440     4    10     2  1440   91.12    75.2
  1440     4    10     3  1260   93.70    65.4
  1440     5     1   98.74  1260   420    22.9     1
  1440     6     1   99.21  1260   420    21.1     1
  1440     7     1   98.85  1800   600    30.3     1
  1440     8     1   98.89  1440   480    24.2     1
  1460     1    10     1   180  114.31     7.9
  1460     1    10     2  1260   53.20    99.0
  1460     1    10     3  1260   48.70   132.1
  1460     2    10     1   360  101.22     9.5
  1460     2    10     2  1440   65.26   117.4
  1460     2    10     3  1800   54.62   169.9
  1460     3    10     1   360   91.66    19.6
  1460     3    10     2  1620   65.10   149.4
  1460     3    10     3  1260   60.44    84.2
  1460     4    10     1   900   93.41    48.2
  1460     4    10     2  1440   80.17    96.2
  1460     4    10     3  1440   79.90    73.9
  1460     5     1   97.87  2340   780    38.1     1
  1460     6     1   99.13  1440   480    24.2     1
  1460     7     1   98.88  1800   600    30.3     1
  1460     8     1   99.11  1440   480    24.2     1
  1480     1    10     1   360   99.36    16.2
  1480     1    10     2  1260   47.58   137.4
  1480     1    10     3  1440   51.89   128.1
  1480     2    10     1   720   92.63    38.9
  1480     2    10     2  1440   62.00   104.4
  1480     2    10     3  1620   59.43   100.1
  1480     3    10     1   720   95.65    29.0
  1480     3    10     2  1080   49.66   111.9
  1480     3    10     3  1080   52.73   106.4
  1480     4    10     1   180   98.50     9.1
  1480     4    10     2   900   92.85    48.5
  1480     4    10     3  1080   91.52    59.0
  1480     5     1   97.98  2340   780    39.7     1
  1480     6     1   98.52  1620   540    27.3     1
  1480     7     1   99.28   720   240    12.0     1
  1480     8     1   99.22  1260   420    21.1     1
  1500     1    10     1   360   99.28    18.1
  1500     1    10     2  1440   49.16   125.7
  1500     1    10     3  1260   84.69    76.9
  1500     2    10     1   540   97.80    27.4
  1500     2    10     2  1080   57.10   116.7
  1500     2    10     3  1080   61.50    65.6
  1500     3    10     1   180   95.93     9.4
  1500     3    10     2  1260   33.48   190.3
  1500     3    10     3   900   31.68   129.2
  1500     4    10     1     0    0.00     0.0
  1500     4    10     2  1260   84.04    75.0
  1500     4    10     3  1260   95.81    66.1
  1500     5     1   98.65  1620   540    28.8     1
  1500     6     1   98.34  1800   600    30.4     1
  1500     7     1   99.02  1440   480    22.7     1
  1500     8     1   99.41   900   300    15.0     1
  1520     1    10     1   540   98.34    19.3
  1520     1    10     2  1080   58.17    79.9
  1520     1    10     3   900   39.34   116.1
  1520     2    10     1   360   93.99    19.2
  1520     2    10     2   540   64.87    42.4
  1520     2    10     3   900   62.84    68.5
  1520     3    10     1   540   96.95    25.0
  1520     3    10     2   900   25.39   215.4
  1520     3    10     3  1440   29.41   253.6
  1520     4    10     1   180   91.65     9.8
  1520     4    10     2  1260   88.68    69.4
  1520     4    10     3  1260   95.24    65.8
  1520     5     1   98.14  1800   600    30.2     1
  1520     6     1   98.50  1980   660    33.4     1
  1520     7     1   98.95  1440   480    24.2     1
  1520     8     1   99.26  1440   480    24.1     1
  1540     1    10     1   540  100.95    26.7
  1540     1    10     2   720   64.45    57.4
  1540     1    10     3   900   66.09    69.2
  1540     2    10     1   720  100.77    35.7
  1540     2    10     2  1260   67.92    93.5
  1540     2    10     3  1080   67.18    82.1
  1540     3    10     1   360   99.06    11.9
  1540     3    10     2   900   45.98   106.1
  1540     3    10     3  1080   49.57   106.6
  1540     4    10     1   540   96.32    28.0
  1540     4    10     2  1440   93.41    77.1
  1540     4    10     3   900   91.00    49.4
  1540     5     1   99.10  1260   420    18.2     1
  1540     6     1   99.09  1440   480    24.3     1
  1540     7     1   99.12  1260   420    21.1     1
  1540     8     1   98.78  1800   600    30.3     1
  1560     1    10     1   540  105.78    25.5
  1560     1    10     2  1080   94.14    54.5
  1560     1    10     3  1260   93.67    74.7
  1560     2    10     1   180   98.26     9.2
  1560     2    10     2   900   33.65   114.8
  1560     2    10     3  1080   53.37   102.7
  1560     3    10     1   180   96.16     9.4
  1560     3    10     2  1440   28.98   248.7
  1560     3    10     3  1260   26.89   218.7
  1560     4    10     1   540   91.77    26.5
  1560     4    10     2   900   90.37    47.9
  1560     4    10     3   900   85.06    53.3
  1560     5     1   98.04  2160   720    36.6     1
  1560     6     1   98.13  2520   840    42.6     1
  1560     7     1   99.20  1440   480    24.1     1
  1560     8     1   98.96  1440   480    24.2     1
  1580     1    10     1   360   99.13    11.1
  1580     1    10     2  1440   64.88   113.5
  1580     1    10     3  1440   71.66    92.9
  1580     2    10     1   540   99.93    27.0
  1580     2    10     2  1440   63.49   107.2
  1580     2    10     3  1620   68.52   116.7
  1580     3    10     1   900   92.60    40.0
  1580     3    10     2  1080   61.72    90.4
  1580     3    10     3  1080   46.34    94.9
  1580     4    10     1   360   97.25    15.4
  1580     4    10     2  1620   91.45    83.2
  1580     4    10     3  1440   92.63    77.7
  1580     5     1   99.15   540   180     9.0     1
  1580     6     1   98.51  1980   660    33.4     1
  1580     7     1   98.49  2160   720    36.5     1
  1580     8     1   99.59   720   240    10.6     1
  1600     1    10     1   180  103.21     4.0
  1600     1    10     2  1080   60.95    91.2
  1600     1    10     3  1440   61.80   114.4
  1600     2    10     1   360   97.42    18.5
  1600     2    10     2  1440   76.72    93.0
  1600     2    10     3  1620   70.14    99.9
  1600     3    10     1   360   98.10    17.3
  1600     3    10     2  1620   70.22   114.6
  1600     3    10     3  1800   67.70   134.8
  1600     4    10     1   540   95.98    28.1
  1600     4    10     2  1080   90.70    66.4
  1600     4    10     3   720   87.96    38.7
  1600     5     1   98.95  1620   540    27.2     1
  1600     6     1   98.55  2160   720    36.5     1
  1600     7     1   98.74  1800   600    30.3     1
  1600     8     1   98.81  1800   600    30.3     1
  1620     1    10     1   720   98.48    36.6
  1620     1    10     2  1440   94.24    70.7
  1620     1    10     3   720   93.77    38.4
  1620     2    10     1   540   97.03    22.2
  1620     2    10     2  1080   72.05    74.4
  1620     2    10     3   900   83.06    53.5
  1620     3    10     1   900   94.92    47.4
  1620     3    10     2  1080   86.83    62.2
  1620     3    10     3  1440   86.95    80.3
  1620     4    10     1   540   98.49    27.4
  1620     4    10     2  1080   92.03    44.9
  1620     4    10     3  1260   88.28    66.2
  1620     5     1   99.13   900   300    15.1     1
  1620     6     1   98.93  1440   480    24.2     1
  1620     7     1   98.68  1440   480    24.3     1
  1620     8     1   99.19  1080   360    18.1     1
  1640     1    10     1   540   95.37    23.7
  1640     1    10     2  1080   93.95    57.4
  1640     1    10     3   900   93.77    48.0
  1640     2    10     1   900   97.85    45.1
  1640     2    10     2  1620   88.58    83.1
  1640     2    10     3  1440   86.76    76.1
  1640     3    10     1     0    0.00     0.0
  1640     3    10     2  1620   86.02    91.9
  1640     3    10     3  1260   87.21    64.1
  1640     4    10     1     0    0.00     0.0
  1640     4    10     2  1620   94.10    80.5
  1640     4    10     3   900   92.96    48.4
  1640     5     1   98.96  1080   360    18.1     1
  1640     6     1   99.31  1080   360    18.1     1
  1640     7     1   98.80  1800   600    30.3     1
  1640     8     1   99.18  1260   420    21.1     1
  1660     1    10     1   360   92.72    19.4
  1660     1    10     2  1080   90.90    57.0
  1660     1    10     3   900   92.33    48.6
  1660     2    10     1   720   98.48    32.5
  1660     2    10     2  1620   64.77   120.4
  1660     2    10     3  1800   61.91   132.3
  1660     3    10     1   540   97.62    27.7
  1660     3    10     2  1620   73.61   106.0
  1660     3    10     3  1620   80.88   104.0
  1660     4    10     1   180   96.18     9.4
  1660     4    10     2  1080   90.03    52.6
  1660     4    10     3  1080   91.76    55.4
  1660     5     1   98.96  1080   360    18.1     1
  1660     6     1   98.15  1800   600    30.5     1
  1660     7     1   98.21  2520   840    42.7     1
  1660     8     1   98.82  1980   660    33.3     1
  1680     1    10     1   540  101.68    26.6
  1680     1    10     2  1440   93.02    77.4
  1680     1    10     3  1260   94.87    66.4
  1680     2    10     1   180  103.08     8.7
  1680     2    10     2  1080   67.46    75.3
  1680     2    10     3   720   61.95    59.4
  1680     3    10     1   180   97.86     9.2
  1680     3    10     2  1620   23.61   165.5
  1680     3    10     3   720   81.51    46.8
  1680     4    10     1   900   93.29    48.2
  1680     4    10     2  1440   82.67    95.0
  1680     4    10     3  1800   78.20    98.9
  1680     5     1   99.13  1440   480    24.1     1
  1680     6     1   99.56   720   240    12.0     1
  1680     7     1   98.62  1800   600    30.4     1
  1680     8     1   98.55  1800   600    30.4     1
  1700     1    10     1   360  101.63    17.7
  1700     1    10     2  1080   94.90    56.9
  1700     1    10     3   900   97.03    42.3
  1700     2    10     1   360   93.90    22.9
  1700     2    10     2  1260   65.32    90.7
  1700     2    10     3  1260   61.56   105.1
  1700     3    10     1   720   96.41    42.2
  1700     3    10     2  1620   55.62   141.9
  1700     3    10     3  1260   61.88    78.2
  1700     4    10     1   180   98.15     9.2
  1700     4    10     2   720   87.53    41.1
  1700     4    10     3   720  101.10    35.6
  1700     5     1   96.64  1620   540    27.9     1
  1700     6     1   98.93  1620   540    27.2     1
  1700     7     1   98.58  1980   660    33.4     1
  1700     8     1   98.73  1980   660    33.4     1
  1720     1    10     1   720   94.17    38.2
  1720     1    10     2  1080   90.52    56.6
  1720     1    10     3   900   96.77    49.3
  1720     2    10     1   720   97.65    19.1
  1720     2    10     2  1800   49.77   188.8
  1720     2    10     3  1620   45.17   186.2
  1720     3    10     1   720   96.97    37.4
  1720     3    10     2  1440   82.55    80.3
  1720     3    10     3  1800   84.11   107.0
  1720     4    10     1  1080   94.26    54.7
  1720     4    10     2  1800   89.19    95.2
  1720     4    10     3  1800   89.16   101.0
  1720     5     1   99.02  1260   420    21.1     1
  1720     6     1   99.43   720   240    12.0     1
  1720     7     1   99.15  1260   420    21.1     1
  1720     8     1   99.09  1440   480    24.2     1
  1740     1    10     1   900   99.93    41.6
  1740     1    10     2  1260   91.58    68.8
  1740     1    10     3  1440   92.32    70.9
  1740     2    10     1   360   95.46    18.9
  1740     2    10     2   900   68.83    66.6
  1740     2    10     3   900   67.53    60.2
  1740     3    10     1   720   98.67    31.3
  1740     3    10     2  1440   84.67    84.7
  1740     3    10     3  1440   89.75    80.1
  1740     4    10     1   180   98.24     9.2
  1740     4    10     2  1080   80.38    69.5
  1740     4    10     3  1260   89.02    70.7
  1740     5     1   98.24  1980   660    33.5     1
  1740     6     1   99.17   900   300    15.1     1
  1740     7     1   98.84  1800   600    30.3     1
  1740     8     1   98.44  1980   660    36.2     1
  1760     1    10     1   360   96.82    18.6
  1760     1    10     2  1440   84.51    66.9
  1760     1    10     3  1260   92.79    67.1
  1760     2    10     1   720   94.65    38.0
  1760     2    10     2  1080   71.66    75.3
  1760     2    10     3  1080   70.18    90.5
  1760     3    10     1   540   98.39    27.4
  1760     3    10     2   900   90.74    49.6
  1760     3    10     3  1080   93.55    52.9
  1760     4    10     1   540   97.31    27.7
  1760     4    10     2  1260   74.79    82.4
  1760     4    10     3  1260   75.89    82.2
  1760     5     1   99.14  1260   420    21.1     1
  1760     6     1   99.20  1440   480    26.7     1
  1760     7     1   98.40   900   300    15.2     1
  1760     8     1   98.37  2340   780    36.8     1
  1780     1    10     1   180   94.89     9.5
  1780     1    10     2  1080   92.29    58.5
  1780     1    10     3  1080   93.23    57.9
  1780     2    10     1   540   92.60    26.5
  1780     2    10     2   720   52.21    79.2
  1780     2    10     3   900   48.10    76.2
  1780     3    10     1     0    0.00     0.0
  1780     3    10     2   900   89.23    46.0
  1780     3    10     3  1080   92.30    58.5
  1780     4    10     1   180   95.41     9.4
  1780     4    10     2  1080   68.46    80.3
  1780     4    10     3  1080   65.29    83.9
  1780     5     1   97.95  2520   840    42.1     1
  1780     6     1   98.35  2160   720    33.9     1
  1780     7     1   99.25  1440   480    24.1     1
  1780     8     1   98.72  1800   600    32.6     1
  1800     1    10     1   360   99.04    18.2
  1800     1    10     2   900   93.98    47.9
  1800     1    10     3   900   92.79    49.0
  1800     2    10     1   720   98.62    36.5
  1800     2    10     2  1260   49.69   131.3
  1800     2    10     3   720   42.42    73.3
  1800     3    10     1   720   94.69    28.1
  1800     3    10     2  1260   85.88    73.6
  1800     3    10     3  1080   79.43    64.9
  1800     4    10     1   540   96.93    27.9
  1800     4    10     2  1440   69.10   105.6
  1800     4    10     3  1620   74.02    94.8
  1800     5     1   98.69  1620   540    27.3     1
  1800     6     1   98.84  1080   360    18.2     1
  1800     7     1   99.03  1080   360    18.1     1
  1800     8     1   98.78  1800   600    28.0     1
  1820     1    10     1   720   94.21    33.4
  1820     1    10     2  1080   93.68    57.6
  1820     1    10     3   900   89.85    42.3
  1820     2    10     1  1080   93.77    25.7
  1820     2    10     2  1620   27.44   246.3
  1820     2    10     3  1440   32.81   279.0
  1820     3    10     1   540   95.92    28.1
  1820     3    10     2  1260   80.48    75.6
  1820     3    10     3  1080   80.02    64.7
  1820     4    10     1  1080   99.48    45.4
  1820     4    10     2  1080   58.25   114.1
  1820     4    10     3  1440   58.99   104.0
  1820     5     1   98.76  1260   420    21.2     1
  1820     6     1   98.77  1620   540    27.3     1
  1820     7     1   99.32  1080   360    18.1     1
  1820     8     1   99.25  1080   360    19.5     1
  1840     1    10     1     0    0.00     0.0
  1840     1    10     2  1440   90.71    79.4
  1840     1    10     3  1080   98.76    54.7
  1840     2    10     1   540   95.07    20.0
  1840     2    10     2  1440   37.70   172.7
  1840     2    10     3  1620   25.67   253.7
  1840     3    10     1   360   95.17    18.9
  1840     3    10     2  1620   50.71   157.5
  1840     3    10     3  1260   52.19   104.1
  1840     4    10     1   180  100.10     9.0
  1840     4    10     2  1440   83.71    77.3
  1840     4    10     3  1440   84.87    85.1
  1840     5     1   96.87  3600  1200    56.0     1
  1840     6     1   98.80  1440   480    24.2     1
  1840     7     1   99.38   900   300    15.0     1
  1840     8     1   98.56  1980   660    32.0     1
  1860     1    10     1   900   98.09    45.9
  1860     1    10     2  1800   88.12    95.8
  1860     1    10     3  1620   87.57    85.6
  1860     2    10     1   360  106.30    11.5
  1860     2    10     2  1260   45.81   141.9
  1860     2    10     3  1080   46.77   130.8
  1860     3    10     1   900   93.64    48.1
  1860     3    10     2   720   79.57    44.4
  1860     3    10     3  1440   80.95    89.7
  1860     4    10     1   540   97.42    23.2
  1860     4    10     2  1800   87.90    92.5
  1860     4    10     3  1800   87.11   103.4
  1860     5     1   97.78  1980   660    33.7     1
  1860     6     1   98.87  1800   600    30.3     1
  1860     7     1   99.11  1260   420    22.8     1
  1860     8     1   99.47   720   240    12.0     1
  1880     1    10     1   720   99.64    36.1
  1880     1    10     2  1080   89.87    58.4
  1880     1    10     3  1080   97.86    54.8
  1880     2    10     1   180   95.01     9.5
  1880     2    10     2  1440   73.82   110.6
  1880     2    10     3  1800   71.11    96.4
  1880     3    10     1   540   90.95    29.7
  1880     3    10     2   720   73.46    49.8
  1880     3    10     3   900   71.51    64.4
  1880     4    10     1     0    0.00     0.0
  1880     4    10     2  1620   83.61    96.9
  1880     4    10     3  1440   85.44    84.3
  1880     5     1   98.48  1800   600    33.1     1
  1880     6     1   98.12  2340   780    39.7     1
  1880     7     1   98.43  1980   660    31.8     1
  1880     8     1   99.04  1620   540    27.2     1
  1900     1    10     1  1080   95.90    56.3
  1900     1    10     2  1260   92.62    68.1
  1900     1    10     3  1080   83.71    64.8
  1900     2    10     1   720   96.70    35.6
  1900     2    10     2   720   65.71    56.6
  1900     2    10     3  1080   84.53    64.3
  1900     3    10     1   720   91.90    37.8
  1900     3    10     2  1620   87.59    87.9
  1900     3    10     3  1440   82.34    87.8
  1900     4    10     1   900   94.00    39.5
  1900     4    10     2  1080   81.58    53.5
  1900     4    10     3  1620   87.66    92.4
  1900     5     1   93.77  3960  1320    69.0     1
  1900     6     1   99.24  1260   420    21.1     1
  1900     7     1   99.31  1080   360    18.3     1
  1900     8     1   99.44   900   300    15.0     1
