  === INTEGRATION FORMATTED OUTPUT FILE ===   
 Rel. 2.40a - Small      Version - Oct. 2013
  
       Master File: INET Master File                                                                                                                                                                                                                                                                                            
  
 0. Input and Output Data File Names:
     - File:  1 is: INET1.DAT                                                   
     - File:  2 is: INET2.DAT                                                   
     - File:  3 is: INET3.DAT                                                   
     - File:  4 is: INET4.DAT                                                   
     - File:  5 is: INET5_2.DAT                                                 
     - File:  6 is: none                                                        
     - File:  7 is: none                                                        
     - File:  8 is: none                                                        
     - File:  9 is: none                                                        
     - File: 10 is: INET10.OUT                                                  
     - File: 11 is: INET11.OUT                                                  
     - File: 12 is: INET12.OUT                                                  
     - File: 13 is: INET13.OUT                                                  
     - File: 14 is: none                                                        
     - File: 15 is: INET15.OUT                                                  
     - File: 16 is: INET16.OUT                                                  
     - File: 17 is: none                                                        
     - File: 18 is: none                                                        
     - File: 19 is: none                                                        
     - File: 20 is: none                                                        
     - File: 21 is: none                                                        
     - File: 22 is: none                                                        
     - File: 23 is: none                                                        
     - File: 24 is: none                                                        
     - File: 25 is: none                                                        
     - File: 26 is: none                                                        
     - File: 27 is: none                                                        
     - File: 28 is: summary.out                                                 
     - File: 29 is: none                                                        
 
     - Simulation Time   :     5400
     - Data Output Rate 1:     1800
     - Data Output Rate 2:      900
     - Data Output Rate 3:        0
     - Data Output Rate 4:        0
   
      - Tree Update Interval-Method-Error 
     - vt=  1       2       0     0     1    20     2     1  0.00
     - vt=  2       2       0     0     1    20     2     1  0.00
     - vt=  3       2       0     0     1    20     2     1  0.00
     - vt=  4       2       0     0     1    20     2     1  0.00
     - vt=  5       2       0     0     1    20     2     1  0.00
   
     - Err check level 1 :        0
     - Err check level 2 :        0
     - Complete file:   0   inet_i.int                                                  
     - INET Master File                                                                                                                                                                                                                                                                                            
    
 --------------------------------------------------
    
 1. Open Node/Zone Coordinates File: 
     - INET Node Characteristic File                                                                                                                                                                                                                                                                               
    
   a. Node coordinate ranges:   
     - Minimum X =     2.400
     - Maximum X =     8.800
     - Minimum Y =    -0.200
     - Maximum Y =     6.200
    
   b. Network window coordinates:   
     - Minimum X =     2.080
     - Maximum X =     9.120
     - Minimum Y =    -0.520
     - Maximum Y =     6.520
  
   b. Analysis of Node Type Totals  
      - Number origin and destinations= 18
      - Number destinations only      = 2
      - Number origin only            = 2
      - Number nodes only             = 96
      - Number of invalid nodes       = 0
   
      - Number of CMS coded nodes     = 1
   
      - Number origins (total)        = 20
      - Number destinations (total)   = 20
      - Number nodes (total)          = 118
   
   c. Analysis of Min/Max Zone/Node Numbers 
      - Minimum origin     = 1
      - Minimum destination= 1
      - Maximum origin     = 21
      - Maximum destination= 22
     
     - Complete file:   1   INET1.DAT                                                   
     - INET Node Characteristic File                                                                                                                                                                                                                                                                               
    
 --------------------------------------------------
    
  2. Open Link Characteristics File:
     - INET Link Characteristic File                                                                                                                                                                                                                                                                               
     - Number of links        =       228
          File 2 in 2 phases per link format 
     - Maximum link number    =       243
   
     - Number signalized links=        20
     - Number of stop signs   =        32
     - Number of yield signs  =         4
   
     - Number of HOV links    =         6
     - Links surveillanced    =       228
     - Number of banned turns =         6
     - Number of opposed links=         2
   
     - Number of dummy links  =         4
   
     
     - Complete file:   2   INET2.DAT                                                   
     - INET Link Characteristic File                                                                                                                                                                                                                                                                               
      - Total Network Length (km)            110.040001
      - Total Network Length (lane-km)       203.039993
      - Number Network Vehicle Spots Needed  24332
      - Number Network Vehicle Spots Present 50000
    
 --------------------------------------------------
    
  3. Open Signal Timing File:
     - INET Signal Timing Plan File                                                                                                                                                                                                                                                                                
      - Number of signals    = 6
      - Number of plans      = 1
      - Plan duration (secs) = 3600
      - Standard Signal Format
      - Current signal plan  = 1
     
     - Complete file:   3   INET3.DAT                                                   
     - INET Signal Timing Plan File                                                                                                                                                                                                                                                                                
    
 --------------------------------------------------
    
  4. Open Origin-Destination Demand File:
     -  INET O-D Traffic Demand File                                          
      - Number of O-D pairs     = 30
      - O-D scale factor is     = 0.500000000
      - No Time shift applied to demands 
      - Total number of vehicles=  6987
     
     - Complete file:   4   INET4.DAT                                                   
     - INET O-D Traffic Demand File                                                                                                                                                                                                                                                                                
    
 --------------------------------------------------
    
  5. Open Incident Data File:
     -  INET Incident File - Type 2                                          
      - number of incidents  = 2
     
     - Complete file:   5   INET5_2.DAT                                                 
     -  INET Incident File - Type 2                                                                                                                                                                                                                                                                                
    
 --------------------------------------------------
    
  6. Average link flows and travel times:
     
     - Complete file:   6   none                                                        
     -                                                                                                                                                                                                                                                                                                             
    
 --------------------------------------------------
    
  7. Read Expected Future Travel Costs on Links:
     
     - Complete file:   7   none                                                        
     -                                                                                                                                                                                                                                                                                                             
 ---------------------------------------------
  12. Toll plaza - Road pricing inputs  
      - number of toll plazas or links set to 0
      
 --------------------------------------------------
  13. Macro distance customization  
      - No Macro node Distances file used
         
 ---------------------------------------------
  14. CMS Lag distance customization 
      - No CMS Lag Time file used
    
 ---------------------------------------------
  15. Accident Rate Analysis 
      - Setting default accident rates     
     
 ---------------------------------------------
  16. Bias Factor Input Processing 
     Reading bias factor customization fileinet\biasfact.dat                                                                                                                                                                                                                                                                                                                                                       
        Error reading the bias factor file
      - Bias factors set to defaults
     
 ---------------------------------------------
  17. Antenna location input processing 
      - number of antenna set to 0 
      
 ---------------------------------------------
  18. Subnetwork Input File Processing 
      - subnetwork file not read in     
        
         
 ---------------------------------------------
  19. Platoon dispersion customization 
        - no platoon dispersion file completed
 ---------------------------------------------
  20. Lane striping customization 
     
     - Complete file:  20   none                                                        
     -                                                                                                                                                                                                                                                                                                             
 ---------------------------------------------
  20.b Lane permission calculation 
    
 ---------------------------------------------
  21. Detector location specification       
 ---------------------------------------------
  22. Bus stop  - inputs  
      - number of bus stops set to 0 
      
         
 ---------------------------------------------
  23. Ramp metering configuration 
      - No Ramp Metering  file used
 ---------------------------------------------
  24. Lane bias customization file 
  Lane Bias File:inet\lanebias.dat                                                                                                                                                                                                                                                                                                                                                       
       - No lane bias customization opened
         
 ---------------------------------------------
  25. Wrong Turn Probability Inputs 
      - No Wrong Turn Probabilities Read in
         
 ---------------------------------------------
  26. Maximum Acceleration customization 
 Type (#)     :       1       2       3       4       5       6       7       8       9      10      11      12      13      14      15      16      17      18      19      20      21      22      23      24      25
 Mass (Kg)    :  1900.0  1220.0  1196.0  1326.0  1116.0  1483.0  1706.0  1525.0  1224.0  1558.0  1402.0  1262.0  1800.0  1591.0  1551.0  1090.0  1315.0  1823.0  1601.0  1823.0  1315.0 20411.0 31751.0 47626.0 20411.0
 Len (m)      :     4.8     4.8     4.8     4.8     4.8     4.8     4.8     4.8     4.8     4.8     4.8     4.8     4.7     5.2     4.9     4.4     4.5     4.8     4.6     5.4     4.5    16.0    16.0    16.0    12.0
 %Mass on Axle:     0.6     0.6     0.6     0.6     0.6     0.6     0.6     0.6     0.6     0.6     0.6     0.6     0.6     0.6     0.6     0.6     0.6     0.5     0.6     0.6     0.6     0.3     0.3     0.3     0.4
 Frict Coeff. :   0.500   0.500   0.500   0.500   0.500   0.500   0.500   0.500   0.500   0.500   0.500   0.500   0.500   0.500   0.500   0.500   0.500   0.500   0.500   0.500   0.500   0.500   0.500   0.500   0.500
 Power (kW)   :   119.0    85.0    82.0   109.0    79.0   109.0   106.0   102.0    86.0   157.0    99.0    85.0    97.0   127.0   119.0    78.0    97.0   113.0   142.0   142.0    97.0   336.0   261.0   261.0   336.0
 Trans Eff.   :   0.800   0.800   0.800   0.800   0.800   0.800   0.800   0.800   0.800   0.800   0.800   0.800   0.800   0.800   0.800   0.800   0.800   0.800   0.800   0.800   0.800   0.880   0.880   0.880   0.880
 Drag Coef.   :   0.340   0.340   0.340   0.340   0.340   0.340   0.340   0.340   0.340   0.340   0.340   0.340   0.340   0.310   0.360   0.340   0.340   0.300   0.450   0.320   0.300   0.580   0.580   0.580   0.780
 Front Area   :   2.730   2.730   2.730   2.730   2.730   2.730   2.730   2.730   2.730   2.730   2.730   2.730   2.470   2.640   2.440   2.280   2.300   3.210   2.960   3.620   2.300  10.700  10.700  10.700  10.700
 Roll Coef. 1 :   1.750   1.750   1.750   1.750   1.750   1.750   1.750   1.750   1.750   1.750   1.750   1.750   1.750   1.750   1.750   1.750   1.750   1.750   1.750   1.750   1.750   1.750   1.750   1.750   1.750
 Roll Coef. 2 :   0.033   0.033   0.033   0.033   0.033   0.033   0.033   0.033   0.033   0.033   0.033   0.033   0.033   0.033   0.033   0.033   0.033   0.033   0.033   0.033   0.033   0.033   0.033   0.033   0.033
 Roll Coef. 3 :   4.575   4.575   4.575   4.575   4.575   4.575   4.575   4.575   4.575   4.575   4.575   4.575   4.575   4.575   4.575   4.575   4.575   4.575   4.575   4.575   4.575   4.575   4.575   4.575   4.575
 Pedal level  :   1.000   1.000   1.000   1.000   1.000   1.000   1.000   1.000   1.000   1.000   1.000   1.000   1.000   1.000   1.000   1.000   1.000   1.000   1.000   1.000   1.000   1.000   1.000   1.000   1.000
 Gear par 11164.0001164.0001164.0001164.0001164.0001164.0001164.0001164.0001164.0001164.0001164.0001164.0001164.0001164.0001164.0001164.0001164.0001164.0001164.0001164.0001164.0001164.0001164.0001164.0001164.000
Gear par 2  -0.750  -0.750  -0.750  -0.750  -0.750  -0.750  -0.750  -0.750  -0.750  -0.750  -0.750  -0.750  -0.750  -0.750  -0.750  -0.750  -0.750  -0.750  -0.750  -0.750  -0.750  -0.750  -0.750  -0.750  -0.750
      - No Maximum Acceleration file used
 ---------------------------------------------
  27. Lane Change Data Customization 
     - Lane change parameters set to defaults 
      
 ---------------------------------------------
  28. Customization of opposing links 
      - No additional opposing links specified
      - Opposing gap global defaults 
        a. Opposing gap default size : 3.99999991E-02
        b. Opposing gap decay inter. : 1.19999993
        c. Opposing gap coef. of var.: 0.00000000E+00
        d. Correction for right turn : -0.500000000
        e. Correction for left turn  : 0.500000000
        f. Correction for stop sign  : 0.00000000E+00
        g. Correction for added lane : 0.500000000
   
         
 ---------------------------------------------
  27. Plume dispersion output file 
      Output interval: 0  secs
       - no plume dispersion file set up 
 ---------------------------------------------
  31. Max Vehicle Speed - inputs  
      - vehicle type speeds unrestricted 
      
                                               
 ----------------------------------------------
  32. Roadway LOS                              
      file: inet\lnklos.dat                                                                                                                                                                                                                                                                                                                                                         
      - No LOS file specified        
         
 ---------------------------------------------
  34. ATIS Message Stream      
      file: inet\atis_msg.dat                                                                                                                                                                                                                                                                                                                                                       
      - No ATIS Messages specified        
         
 ---------------------------------------------
  35. Link Grade               
      file: inet\lnkgrade.dat                                                                                                                                                                                                                                                                                                                                                       
      - No Link Grades specified        
         
 ---------------------------------------------
  36. Instantaneous Fuel and Emissions 
      - Default fuel/emiss rates
         
 ---------------------------------------------
  41. Pedestrian Crossings        
      - No Pedestrian file used
 ---------------------------------------------
  42. Wind Heading Data        
      - no wind speed data specified     
      
    
 ---------------------------------------------
  44. Trip Generation Rates                 
  - No Trip Generation file used
 ---------------------------------------------
  34. Eco-drive file - inputs  
      - No eco-drive file input
      
 ---------------------------------------------
  34. VT-CPFM - Inputs
      - No VT-CPFM Input
      
 ---------------------------------------------
  34. Speed Harmonization Control file - inputs  
      - No SPD-HARM control file input
      
 ---------------------------------------------
  35. Eco-cruse control system - inputs  
      - No eco-cruise control file input
      
 ---------------------------------------------
  36. Q-Learning Speed Harmonization - inputs  
      - No Q-Learning speed harmonization file input
      
 ---------------------------------------------
  38. Nash Bargaining Signal Control - Inputs  
      - No Q-Learning Signal Control file input
      
 ---------------------------------------------
 101. Decomposing Macro O-Ds into Micro Departures
      - First and last od pair : 1 30
      - First/last od override : 0 999999
      - Total number of vehicles =  6988
 ---------------------------------------------
 102. Checking for presence of ATMS 1-5  
     - interact\atms1.exe                       not found 
     - interact\atms2.exe                       not found 
     - interact\atms3.exe                       not found 
     - interact\atms4.exe                       not found 
     - interact\atms5.exe                       not found 
   
 ---------------------------------------------
   
  200. Starting Minimum Path Calculations 
      - Minimum Path Trees for Vehicle Type  1
      - Minimum Path Trees for Vehicle Type  2
      - Minimum Path Trees for Vehicle Type  3
      - Minimum Path Trees for Vehicle Type  4
      - Minimum Path Trees for Vehicle Type  5
    
 --------------------------------------------------
    
  8. Checking Externally Specified Trees - File 8
   
    
 --------------------------------------------------
    
  8. Checking Externally Specified Trees - File 8
   
    
 --------------------------------------------------
    
 
 LINK FLOW SUMMARIES AT TIME:   90. minutes
 
=======================================================   Link Grn  V/C     ==Travel Time==     Aver Aver    =VEH. ON LINK=
 LINK  ===NODES==      LINK          Speed Sat Lane Len   Flow Time Rat     Total Free Avg     Speed Stops   Max  Max   Cur
 (##)  Strt   End      NAME          (kph)(vph) (#)(km)  (vehs) (%) (%)     (min)(min)(min)    (kph)  (%)    Pos  Obs   Obs
===========================================================================================================================
   10    11   111                      100 2200  3 1.50    1750 100  17    1604.  0.9  0.9      98.2   1     540   45     0
   11   111   110                      100 2200  4 0.25    1750 100  13     264.  0.2  0.2      99.4   0     120   13     0
   12   110   109                      100 2200  3 0.50    1750 100  17     531.  0.3  0.3      99.0   0     180   24     0
   13   109   108                      100 2200  4 0.25    1750 100  13     264.  0.2  0.2      99.4   0     120   12     0
   14   108   107                      100 2200  3 1.50    1750 100  17    1596.  0.9  0.9      98.7   0     540   45     0
   15    21   112                      100 2200  3 1.50    3138 100  31    3623.  0.9  1.2      78.0 116     540   93     0
   16   107   106                      100 2200  4 0.25    1750 100  13     264.  0.2  0.2      99.6   0     120   12     0
   17   112   113                      100 2200  4 0.25    3138 100  23     596.  0.2  0.2      78.9  21     120   23     0
   18   106   105                      100 2200  3 0.50    1750 100  17     530.  0.3  0.3      99.1   0     180   21     0
   19   113   114                      100 2200  3 0.50    3138 100  31    1201.  0.3  0.4      78.4  38     180   44     0
   20   105   104                      100 2200  4 0.25    1750 100  13     264.  0.2  0.2      99.6   0     120   12     0
   21   114   115                      100 2200  4 0.25    3138 100  23     563.  0.2  0.2      83.6  15     120   27     0
   22   104   103                      100 2200  3 1.50    1750 100  17    1595.  0.9  0.9      98.8   0     540   44     0
   23   115   116                      100 2200  3 1.50    3138 100  31    3407.  0.9  1.1      82.9  85     540   84     0
   24   103   102                      100 2200  4 0.25    1750 100  13     263.  0.2  0.2      99.6   0     120   12     0
   25   116   117                      100 2200  4 0.25    3138 100  23     596.  0.2  0.2      79.0  20     120   27     0
   26   102   101                      100 2200  3 0.50    1750 100  17     529.  0.3  0.3      99.2   0     180   21     0
   27   117   118                      100 2200  3 0.50    3138 100  31    1479.  0.3  0.5      63.6  68     180   59     0
   28   101   100                      100 2200  4 0.25    1750 100  13     263.  0.2  0.2      99.7   0     120   12     0
   29   118   119                      100 2200  4 0.25    3138 100  23     843.  0.2  0.3      55.8  34     120   37     0
   30   100     3                      100 2200  3 1.50    1750 100  17    1594.  0.9  0.9      98.8   0     540   44     0
   31   119   120                      100 2200  3 1.50    3138 100  31    3888.  0.9  1.2      72.6 145     540  108     0
   32   120   121                      100 2200  4 0.25    3138 100  23     596.  0.2  0.2      79.0  19     120   24     0
   33   121   122                      100 2200  3 0.50    3138 100  31    1115.  0.3  0.4      84.4  25     180   39     0
   34   122   123                      100 2200  4 0.25    3138 100  23     565.  0.2  0.2      83.3  15     120   24     0
   35   123    22                      100 2200  3 1.50    3138 100  31    3242.  0.9  1.0      87.1  47     540   82     0
   50   110   135                       85 2000  1 0.20       0 100   0       0.  0.1  0.1       0.0   0      24    0     0
   51   135   185                       85 2000  1 0.07       0 100   0       0.  0.0  0.0       0.0   0       8    0     0
   52   185   136                       85 2000  1 0.20       0 100   0       0.  0.1  0.1       0.0   0      24    0     0
   53   136   109                       85 2000  1 0.07       0 100   0       0.  0.0  0.0       0.0   0       8    0     0
   54   106   131                       85 2000  1 0.20       0 100   0       0.  0.1  0.1       0.0   0      24    0     0
   55   113   125                       85 2000  1 0.20       0 100   0       0.  0.1  0.1       0.0   0      24    0     0
   56   131   175                       85 2000  1 0.07       0 100   0       0.  0.0  0.0       0.0   0       8    0     0
   57   125   166                       85 2000  1 0.07       0 100   0       0.  0.0  0.0       0.0   0       8    0     0
   58   175   132                       85 2000  1 0.20       0 100   0       0.  0.1  0.1       0.0   0      24    0     0
   59   166   126                       85 2000  1 0.20       0 100   0       0.  0.1  0.1       0.0   0      24    0     0
   60   132   105                       85 2000  1 0.07       0 100   0       0.  0.0  0.0       0.0   0       8    0     0
   61   126   114                       85 2000  1 0.07       0 100   0       0.  0.0  0.0       0.0   0       8    0     0
   62   102   127                       85 2000  1 0.20       0 100   0       0.  0.1  0.1       0.0   0      24    0     0
   63   117   129                       85 2000  1 0.20       0 100   0       0.  0.1  0.1       0.0   0      24    0     0
   64   127   165                       85 2000  1 0.07       0 100   0       0.  0.0  0.0       0.0   0       8    0     0
   65   129   176                       85 2000  1 0.07       0 100   0       0.  0.0  0.0       0.0   0       8    0     0
   66   165   128                       85 2000  1 0.20       0 100   0       0.  0.1  0.1       0.0   0      24    0     0
   67   176   130                       85 2000  1 0.20       0 100   0       0.  0.1  0.1       0.0   0      24    0     0
   68   128   101                       85 2000  1 0.07       0 100   0       0.  0.0  0.0       0.0   0       8    0     0
   69   130   118                       85 2000  1 0.07       0 100   0       0.  0.0  0.0       0.0   0       8    0     0
   70   121   133                       85 2000  1 0.20       0 100   0       0.  0.1  0.1       0.0   0      24    0     0
   71   133   186                       85 2000  1 0.07       0 100   0       0.  0.0  0.0       0.0   0       8    0     0
   72   186   134                       85 2000  1 0.20       0 100   0       0.  0.1  0.1       0.0   0      24    0     0
   73   134   122                       85 2000  1 0.07       0 100   0       0.  0.0  0.0       0.0   0       8    0     0
   74    13   148                       80 2000  2 1.50      75 100   1      85.  1.1  1.1      79.0  14     360    7     0
   75   148   147                       80 2000  3 0.10      75  51   1      26.  0.1  0.3      17.2  43      36    4     0
   76   147   146                       80 2000  2 0.10      75 100   1       7.  0.1  0.1      60.1   0      24    4     0
   77   146   145                       80 2000  2 0.90      75 100   1      51.  0.7  0.7      79.3   1     215    5     0
   78   145   144                       80 2000  2 0.90     112 100   1      80.  0.7  0.7      75.2  22     215    6     0
   79     1   138                       80 2000  2 1.50     375 100   6     435.  1.1  1.2      77.5  18     360   19     0
   80   144   143                       80 2000  3 0.10     112  49   2      24.  0.1  0.2      28.0  33      36    5     0
   81   138   139                       80 2000  3 0.10     375  51   8     131.  0.1  0.3      17.2  49      36   13     0
   82   143   142                       80 2000  2 0.10     356 100   5      34.  0.1  0.1      62.5   1      24    8     0
   83   139   140                       80 2000  2 0.10     319 100   5      33.  0.1  0.1      58.7   0      24    7     0
   84   142   141                       80 2000  2 0.90     356 100   5     254.  0.7  0.7      75.7  13     215   16     0
   85   140   141                       80 2000  2 0.90     319 100   5     221.  0.7  0.7      77.8   0     215   17     0
   86   141   140                       80 2000  2 0.90     318 100   5     227.  0.7  0.7      75.7  17     215   16     0
   87   141   142                       80 2000  2 0.90     319 100   5     224.  0.7  0.7      77.1  15     215   17     0
   88   140   139                       80 2000  3 0.10     318  51   6     115.  0.1  0.4      16.6  55      36   12     0
   89   142   143                       80 2000  3 0.10     319  49   7      74.  0.1  0.2      26.0  37      36   10     0
   90   139   138                       80 2000  2 0.10     374 100   6      39.  0.1  0.1      58.2   0      24    7     0
   91   143   144                       80 2000  2 0.10     188 100   3      19.  0.1  0.1      59.6   1      24    8     0
   92   138     1                       80 2000  2 1.50     374 100   6     432.  1.1  1.2      77.8   0     360   19     0
   93   144   145                       80 2000  2 0.90     188 100   3     131.  0.7  0.7      77.4   0     215   12     0
   94   145   146                       80 2000  2 0.90     188 100   3     132.  0.7  0.7      77.1  13     215   12     0
   95   146   147                       80 2000  3 0.10     188  51   4      81.  0.1  0.4      13.9  40      36   10     0
   96   147   148                       80 2000  2 0.10     188 100   3      19.  0.1  0.1      59.0   1      24    8     0
   97   148    13                       80 2000  2 1.50     188 100   3     218.  1.1  1.2      77.7   0     360   15     0
   98     9   160                       80 2000  2 1.50      75 100   1      86.  1.1  1.1      78.9  16     360    5     0
   99   160   159                       80 2000  3 0.10      75  51   1      24.  0.1  0.3      18.7  42      36    4     0
  100   159   158                       80 2000  2 0.10      75 100   1       8.  0.1  0.1      59.1   0      24    4     0
  101   158   157                       80 2000  2 0.90      75 100   1      54.  0.7  0.7      75.2  30     215    5     0
  102   157   156                       80 2000  2 0.90       0 100   0       0.  0.7  0.7       0.0   0     215    0     0
  103     5   150                       80 2000  2 1.50      94 100   1     107.  1.1  1.1      78.8  16     360    6     0
  104   156   155                       80 2000  3 0.10       0  49   0       0.  0.1  0.1       0.0   0      36    0     0
  105   150   151                       80 2000  3 0.10      94  49   2      23.  0.1  0.2      25.0  41      36    4     0
  106   155   154                       80 2000  2 0.10      75 100   1       7.  0.1  0.1      67.8   0      24    4     0
  107   151   152                       80 2000  2 0.10      75 100   1       7.  0.1  0.1      62.3   0      24    4     0
  108   154   153                       80 2000  2 0.90      75 100   1      51.  0.7  0.7      79.3   0     215    4     0
  109   152   153                       80 2000  2 0.90      75 100   1      54.  0.7  0.7      74.4  46     215    7     0
  110   153   152                       80 2000  2 0.90      75 100   1      52.  0.7  0.7      77.6  20     215    4     0
  111   153   154                       80 2000  2 0.90       0 100   0       0.  0.7  0.7       0.0   0     215    0     0
  112   152   151                       80 2000  3 0.10      75  49   1       8.  0.1  0.1      59.3  10      36    4     0
  113   154   155                       80 2000  3 0.10       0  49   0       0.  0.1  0.1       0.0   0      36    0     0
  114   151   150                       80 2000  2 0.10      75 100   1       6.  0.1  0.1      78.3   0      24    4     0
  115   155   156                       80 2000  2 0.10      75 100   1       7.  0.1  0.1      65.1   1      24    3     0
  116   150     5                       80 2000  2 1.50      75 100   1      85.  1.1  1.1      79.5   0     360    6     0
  117   156   157                       80 2000  2 0.90      75 100   1      51.  0.7  0.7      79.3   0     215    4     0
  118   157   158                       80 2000  2 0.90      75 100   1      52.  0.7  0.7      78.0  16     215    4     0
  119   158   159                       80 2000  3 0.10      75  51   1      25.  0.1  0.3      17.7  45      36    4     0
  120   159   160                       80 2000  2 0.10      75 100   1       8.  0.1  0.1      59.1   0      24    4     0
  121   160     9                       80 2000  2 1.50      75 100   1      85.  1.1  1.1      79.1   0     360    6     0
  122     6   170                       80 2000  2 0.90     263 100   4     184.  0.7  0.7      77.2  19     215   13     0
  123    16   161                       80 2000  2 0.90     375 100   6     262.  0.7  0.7      77.2  17     215   13     0
  124   170   151                       80 2000  2 0.10     263  50   8      65.  0.1  0.2      24.2  39      24    9     0
  125   161   139                       80 2000  2 0.10     375  48  12     112.  0.1  0.3      20.1  46      24   13     0
  126   151   169                       80 2000  2 0.10     282 100   4      27.  0.1  0.1      62.0   0      24    7     0
  127   139   162                       80 2000  2 0.10     376 100   6      39.  0.1  0.1      57.9   3      24    7     0
  128   169   168                       80 2000  2 0.40     282 100   4      87.  0.3  0.3      78.0   0      96   12     0
  129   162   163                       80 2000  2 0.40     376 100   6     120.  0.3  0.3      75.2  10      96   11     0
  130   168   167                       80 2000  2 0.30     282 100   4      65.  0.2  0.2      78.6   0      72   10     0
  131   163   164                       80 2000  2 0.30     188 100   3      43.  0.2  0.2      77.9   0      72   10     0
  132   167   166                       80 2000  2 0.10     282 100   4      21.  0.1  0.1      79.3   0      24    4     0
  133   164   165                       80 2000  2 0.10     188 100   3      14.  0.1  0.1      78.8   0      24    4     0
  134   166   165                       80 2000  2 0.20     282 100   4      43.  0.2  0.2      78.9   0      48    8     0
  135   165   166                       80 2000  2 0.20     188 100   3      29.  0.2  0.2      78.4   0      48    6     0
  136   165   164                       80 2000  2 0.10     282 100   4      21.  0.1  0.1      79.3   0      24    4     0
  137   166   167                       80 2000  2 0.10     188 100   3      14.  0.1  0.1      78.9   0      24    4     0
  138   164   163                       80 2000  2 0.30     282 100   4      64.  0.2  0.2      78.9   0      72   10     0
  139   167   168                       80 2000  2 0.30     188 100   3      43.  0.2  0.2      78.5   0      72    8     0
  140   163   162                       80 2000  2 0.40     319 100   5     103.  0.3  0.3      74.1  17      96   13     0
  141   168   169                       80 2000  2 0.40     188 100   3      60.  0.3  0.3      74.9  18      96   11     0
  142   162   139                       80 2000  2 0.10     319  48  10     100.  0.1  0.3      19.2  46      24   14     0
  143   169   151                       80 2000  2 0.10     188  50   6      50.  0.1  0.3      22.4  43      24   12     0
  144   139   161                       80 2000  2 0.10     318 100   5      31.  0.1  0.1      61.2   0      24    7     0
  145   151   170                       80 2000  2 0.10     188 100   3      19.  0.1  0.1      60.2   0      24    8     0
  146   161    16                       80 2000  2 0.90     318 100   5     222.  0.7  0.7      77.5   1     215   17     0
  147   170     6                       80 2000  2 0.90     188 100   3     132.  0.7  0.7      76.8   0     215   13     0
  148     7   180                       80 2000  2 0.90     225 100   3     157.  0.7  0.7      77.6  18     215   10     0
  149    15   171                       80 2000  2 0.90     281 100   4     196.  0.7  0.7      77.4  17     215   12     0
  150   180   155                       80 2000  2 0.10     225  50   7      45.  0.1  0.2      30.0  31      24    8     0
  151   171   143                       80 2000  2 0.10     281  50   9      60.  0.1  0.2      28.2  32      24    8     0
  152   155   179                       80 2000  2 0.10      75 100   1       7.  0.1  0.1      63.5   2      24    6     0
  153   143   172                       80 2000  2 0.10       0 100   0       0.  0.1  0.1       0.0   0      24    0     0
  154   179   178                       80 2000  2 0.40      75 100   1      23.  0.3  0.3      78.9   0      96    8     0
  155   172   173                       80 2000  2 0.40       0 100   0       0.  0.3  0.3       0.0   0      96    0     0
  156   178   177                       80 2000  2 0.30      75 100   1      17.  0.2  0.2      79.2   0      72    7     0
  157   173   174                       80 2000  2 0.30       0 100   0       0.  0.2  0.2       0.0   0      72    0     0
  158   177   176                       80 2000  2 0.10      75 100   1       6.  0.1  0.1      79.6   0      24    3     0
  159   174   175                       80 2000  2 0.10       0 100   0       0.  0.1  0.1       0.0   0      24    0     0
  160   176   175                       80 2000  2 0.20      75 100   1      11.  0.2  0.2      79.3   0      48    5     0
  161   175   176                       80 2000  2 0.20       0 100   0       0.  0.2  0.2       0.0   0      48    0     0
  162   175   174                       80 2000  2 0.10      75 100   1       6.  0.1  0.1      73.5  10      24    3     0
  163   176   177                       80 2000  2 0.10       0 100   0       0.  0.1  0.1       0.0   0      24    0     0
  164   174   173                       80 2000  2 0.30      75 100   1      18.  0.2  0.2      73.7  19      72    7     0
  165   177   178                       80 2000  2 0.30       0 100   0       0.  0.2  0.2       0.0   0      72    0     0
  166   173   172                       80 2000  2 0.40       0 100   0       0.  0.3  0.3       0.0   0      96    0     0
  167   178   179                       80 2000  2 0.40       0 100   0       0.  0.3  0.3       0.0   0      96    0     0
  168   172   143                       80 2000  2 0.10       0  50   0       0.  0.1  0.1       0.0   0      24    0     0
  169   179   155                       80 2000  2 0.10       0  50   0       0.  0.1  0.1       0.0   0      24    0     0
  170   143   171                       80 2000  2 0.10     168 100   2      16.  0.1  0.1      62.6   1      24    6     0
  171   155   180                       80 2000  2 0.10       0 100   0       0.  0.1  0.1       0.0   0      24    0     0
  172   171    15                       80 2000  2 0.90     168 100   2     116.  0.7  0.7      78.2   0     215    9     0
  173   180     7                       80 2000  2 0.90       0 100   0       0.  0.7  0.7       0.0   0     215    0     0
  174     8   190                       80 2000  2 0.90      75 100   1      52.  0.7  0.7      78.0  18     215    5     0
  175    14   181                       80 2000  2 0.90       0 100   0       0.  0.7  0.7       0.0   0     215    0     0
  176   190   159                       80 2000  2 0.10      75  48   2      21.  0.1  0.3      21.8  36      24    4     0
  177   181   147                       80 2000  2 0.10       0  48   0       0.  0.1  0.1       0.0   0      24    0     0
  178   159   189                       80 2000  2 0.10      75 100   1       7.  0.1  0.1      62.7   0      24    4     0
  179   147   182                       80 2000  2 0.10       0 100   0       0.  0.1  0.1       0.0   0      24    0     0
  180   189   188                       80 2000  2 0.40      75 100   1      23.  0.3  0.3      78.8   1      96    6     0
  181   182   183                       80 2000  2 0.40       0 100   0       0.  0.3  0.3       0.0   0      96    0     0
  182   188   187                       80 2000  2 0.30     113 100   1      27.  0.2  0.2      74.6   0      72    6     0
  183   183   184                       80 2000  2 0.30      38 100   0      10.  0.2  0.3      67.0   1      72    3     0
  184   187   186                       80 2000  2 0.10     113 100   1       9.  0.1  0.1      79.7   0      24    4     0
  185   184   185                       80 2000  2 0.10      38 100   0       3.  0.1  0.1      79.9   0      24    1     0
  186   186   185                       80 2000  2 0.20     113 100   1      17.  0.2  0.2      79.3   0      48    4     0
  187   185   186                       80 2000  2 0.20      38 100   0       6.  0.2  0.2      79.1   1      48    2     0
  188   185   184                       80 2000  2 0.10     113 100   1       9.  0.1  0.1      79.6   0      24    4     0
  189   186   187                       80 2000  2 0.10      38 100   0       3.  0.1  0.1      79.9   0      24    1     0
  190   184   183                       80 2000  2 0.30     113 100   1      26.  0.2  0.2      78.4   6      72    6     0
  191   187   188                       80 2000  2 0.30      38 100   0       9.  0.2  0.2      79.9   0      72    2     0
  192   183   182                       80 2000  2 0.40      75 100   1      23.  0.3  0.3      78.9   5      96    6     0
  193   188   189                       80 2000  2 0.40      38 100   0      12.  0.3  0.3      75.9  18      96    3     0
  194   182   147                       80 2000  2 0.10      75  48   2       7.  0.1  0.1      63.3   3      24    2     0
  195   189   159                       80 2000  2 0.10      38  48   1      13.  0.1  0.3      17.7  42      24    3     0
  196   147   181                       80 2000  2 0.10      75 100   1       6.  0.1  0.1      78.6   0      24    2     0
  197   159   190                       80 2000  2 0.10      38 100   0       4.  0.1  0.1      61.1   0      24    4     0
  198   181    14                       80 2000  2 0.90      75 100   1      51.  0.7  0.7      79.5   0     215    8     0
  199   190     8                       80 2000  2 0.90      38 100   0      26.  0.7  0.7      79.4   0     215    4     0
  200    12   183                       60 1600  1 1.00      38 100   1      45.  1.0  1.2      51.1  94     120    4     0
  201   183   193                       60 1600  1 1.00       0 100   0       0.  1.0  1.0       0.0   0     120    0     0
  202   193   173                       60 1600  1 1.00       0 100   0       0.  1.0  1.0       0.0   0     120    0     0
  203     2   163                       60 1600  1 1.00      37 100   1      45.  1.0  1.2      49.7  95     120    3     0
  204   173   192                       60 1600  1 1.00       0 100   0       0.  1.0  1.0       0.0   0     120    0     0
  205   163   192                       60 1600  1 1.00       0 100   0       0.  1.0  1.0       0.0   0     120    0     0
  206   192   163                       60 1600  1 1.00       0 100   0       0.  1.0  1.0       0.0   0     120    0     0
  207   192   173                       60 1600  1 1.00       0 100   0       0.  1.0  1.0       0.0   0     120    0     0
  208   163     2                       60 1600  1 1.00     188 100   7     194.  1.0  1.0      58.2   9     120   10     0
  209   173   193                       60 1600  1 1.00      75 100   3      90.  1.0  1.2      49.8 102     120    9     0
  210   193   183                       60 1600  1 1.00       0 100   0       0.  1.0  1.0       0.0   0     120    0     0
  211   183    12                       60 1600  1 1.00      38 100   1      38.  1.0  1.0      59.9   6     120    3     0
  212    10   188                       60 1600  1 1.00      38 100   1      44.  1.0  1.2      51.2  93     120    3     0
  213   188   196                       60 1600  1 1.00       0 100   0       0.  1.0  1.0       0.0   0     120    0     0
  214   196   178                       60 1600  1 1.00       0 100   0       0.  1.0  1.0       0.0   0     120    0     0
  215     4   168                       60 1600  1 1.00       0 100   0       0.  1.0  1.0       0.0   0     120    0     0
  216   178   195                       60 1600  1 1.00       0 100   0       0.  1.0  1.0       0.0   0     120    0     0
  217   168   195                       60 1600  1 1.00       0 100   0       0.  1.0  1.0       0.0   0     120    0     0
  218   195   168                       60 1600  1 1.00      37 100   1      45.  1.0  1.2      49.3  95     120    5     0
  219   195   178                       60 1600  1 1.00       0 100   0       0.  1.0  1.0       0.0   0     120    0     0
  220   168     4                       60 1600  1 1.00      37 100   1      38.  1.0  1.0      58.3   0     120    4     0
  221   178   196                       60 1600  1 1.00       0 100   0       0.  1.0  1.0       0.0   0     120    0     0
  222   196   188                       60 1600  1 1.00      38 100   1      46.  1.0  1.2      49.8  94     120    3     0
  223   188    10                       60 1600  1 1.00      38 100   1      39.  1.0  1.0      58.2   0     120    3     0
  
 -Total link travel times =     38803.44 veh-min
                          =       646.72 veh-hrs
 -Total network travel    =     52426.60 veh-km
 -Total network length    =        98.04 km
 
 -Average network speed   =        81.06 km/h
 -Average trip time/veh   =         5.55 min
 -Average trip length/veh =         7.50 km
 -Number Invisible veh.   =         0
 -Total network stops     =     23183.39
 -Average network stops   =        28.35 percent
 
 
 AVERAGE/TOTAL O-D TRIP TIMES/DISTANCES BY VEHICLE TYPE
 
  Veh. Orig Dest    =Num of Vehs=   Dept. Time   Arr. Time     ========= Trip Times ==========   Total
 Type  Zone Zone    Dep  Arr  Enr   First  Last First  Last    Total     Min   Avg   Max  S.D.  Distance 
                                    (Min)(Min) (Min)(Min) (Veh-Min)    (Min)(Min)(Min) (Min)(Veh-Km)
 ========================================================================================================
    1    1  13      188  188    0     0.0  44.9   5.5  51.3   1220.3    5.43  6.49  7.69  0.60    1351.5
    1    6  16      188  188    0     0.0  44.9   3.7  48.2    664.5    3.02  3.53  4.39  0.33     749.7
    1   11   3     1750 1750    0     0.0  60.0   5.4  65.5   9561.7    5.38  5.46  5.67  0.04   15719.2
    1   15   1      187  187    0     0.1  44.9   3.8  49.5    759.6    3.46  4.06  5.11  0.39     858.8
    1   16   6      188  188    0     0.3  44.9   4.0  48.8    679.6    3.00  3.62  4.36  0.35     749.7
    1   21  22     1388 1388    0     0.0  60.0   5.4  67.6   9584.5    5.33  6.91  8.23  0.49   12469.0
    
 - Vehicle class :    1      Total Veh-Km =      31897.9
 - Vehicle class :    1      Total Veh-Hrs=        374.5
 
==================================================================================
    2    1  16       93   93    0     0.1  44.8   2.0  47.4    213.5    1.95  2.30  2.92  0.26     241.4
    2    5   1       94   94    0     0.3  44.8   4.5  49.2    419.2    3.92  4.46  5.26  0.38     487.7
    2    6  18       75   75    0     0.1  44.7   2.6  47.5    191.9    2.27  2.56  2.92  0.21     205.9
    2    7   5       75   75    0     0.5  44.7   4.0  48.7    274.2    3.45  3.66  4.13  0.22     344.5
    2    7   9       75   75    0     0.1  44.7   3.8  49.5    296.9    3.45  3.96  4.86  0.39     344.5
    2    7  20       75   75    0     0.3  44.7   4.2  49.0    304.6    3.83  4.06  4.44  0.18     318.0
    2    8  14       75   75    0     0.0  44.7   3.8  48.2    245.8    2.99  3.28  3.86  0.27     299.2
    2    9  19       75   75    0     0.4  44.7   3.9  47.4    228.5    2.71  3.05  3.74  0.30     250.9
    2   10  12       38   38    0     0.3  44.6   3.2  47.6    113.2    2.96  2.98  3.02  0.01     113.8
    2   12   8       38   38    0     0.1  44.5   3.7  48.1    129.4    3.09  3.41  3.86  0.29     132.6
    2   13  17       75   75    0     0.5  44.7   5.5  50.1    362.6    4.24  4.84  5.91  0.42     400.6
    2   15   2       94   94    0     0.2  44.8   4.3  49.5    401.3    3.66  4.27  5.15  0.35     422.3
    2   16  15       94   94    0     0.8  44.7   3.8  48.4    328.6    3.00  3.50  4.28  0.29     375.3
    2   18   4       37   37    0     0.8  44.4   4.0  47.6    117.4    3.12  3.17  3.42  0.06     101.6
    2   19  10       38   38    0     0.0  44.4   3.2  47.6    120.4    3.12  3.17  3.32  0.05     104.4
    2   20  15       37   37    0     2.2  44.4   4.7  47.2     99.4    2.47  2.69  3.08  0.18     101.5
    
 - Vehicle class :    2      Total Veh-Km =       4244.2
 - Vehicle class :    2      Total Veh-Hrs=         64.1
 
==================================================================================
    3    1   2       94   94    0     0.2  44.8   2.8  47.6    269.4    2.61  2.87  3.51  0.23     291.0
    3    2  15       37   37    0     0.2  44.3   4.6  48.4    159.9    3.83  4.32  5.16  0.29     166.2
    3   16   1       93   93    0     0.3  44.8   2.4  47.2    199.5    1.95  2.15  2.71  0.19     241.4
    3   17  16       37   37    0     0.3  44.5   3.1  47.2    101.5    2.46  2.74  3.42  0.23     101.6
    
 - Vehicle class :    3      Total Veh-Km =        800.1
 - Vehicle class :    3      Total Veh-Hrs=         12.2
 
==================================================================================
    4   21  22     1171 1171    0     0.2  60.0   5.9  67.6   8112.8    5.35  6.93  8.01  0.49   10519.7
    
 - Vehicle class :    4      Total Veh-Km =      10519.7
 - Vehicle class :    4      Total Veh-Hrs=        135.2
 
==================================================================================
    5   21  22      579  579    0     0.1  59.8   5.7  67.4   4008.9    5.33  6.92  8.31  0.52    5201.4
    
 - Vehicle class :    5      Total Veh-Km =       5201.4
 - Vehicle class :    5      Total Veh-Hrs=         66.8
 
==================================================================================
     
==================================================================================
 AVERAGE/TOTAL O-D TRIP TIMES/DISTANCES FOR ALL VEHICLE CLASSES
                                    ====Trip Time====  Max Pre-Trip
 Orig Dest       =Num of Vehs=     Avg    SD     Total    Park Park   Tot. Dist
 Zone Zone       Dep  Arr Enrt    (min) (min)    (min)     Veh Time    veh-km
===============================================================================
    1    2        94   94    0     2.87  0.23    269.4       1   12     291.0
    1   13       188  188    0     6.49  0.60   1220.3       1   12    1351.5
    1   16        93   93    0     2.30  0.26    213.5       1   12     241.4
    2   15        37   37    0     4.32  0.29    159.9       0    0     166.2
    5    1        94   94    0     4.46  0.38    419.2       0    0     487.7
    6   16       188  188    0     3.53  0.33    664.5       1    0     749.7
    6   18        75   75    0     2.56  0.21    191.9       1    0     205.9
    7    5        75   75    0     3.66  0.22    274.2       0    0     344.5
    7    9        75   75    0     3.96  0.39    296.9       0    0     344.5
    7   20        75   75    0     4.06  0.18    304.6       0    0     318.0
    8   14        75   75    0     3.28  0.27    245.8       0    0     299.2
    9   19        75   75    0     3.05  0.30    228.5       0    0     250.9
   10   12        38   38    0     2.98  0.01    113.2       0    0     113.8
   11    3      1750 1750    0     5.46  0.04   9561.7       2   31   15719.2
   12    8        38   38    0     3.41  0.29    129.4       1   42     132.6
   13   17        75   75    0     4.84  0.42    362.6       0    0     400.6
   15    1       187  187    0     4.06  0.39    759.6       1   44     858.8
   15    2        94   94    0     4.27  0.35    401.3       1   44     422.3
   16    1        93   93    0     2.15  0.19    199.5       1   19     241.4
   16    6       188  188    0     3.62  0.35    679.6       1   19     749.7
   16   15        94   94    0     3.50  0.29    328.6       1   19     375.3
   17   16        37   37    0     2.74  0.23    101.5       1   18     101.6
   18    4        37   37    0     3.17  0.06    117.4       1   42     101.6
   19   10        38   38    0     3.17  0.05    120.4       1   13     104.4
   20   15        37   37    0     2.69  0.18     99.4       1   32     101.5
   21   22      3138 3138    0     6.92  0.49  21706.2       6    1   28190.1
 - All Vehicle Classes        Total Veh-Km =      52663.3
 - All Vehicle Classes        Total Veh-Hrs=         66.9
 
 
 
 Sum of the total trip time     =   39168.9 veh-mins      652.82 veh-hrs.
 Average          trip time     =      5.61 mins            336. secs
 
  Total demand to enter network =  6988
  Vehicles eligible to enter    =  6988
  Vehicles in their driveways   =  0
  Vehicles left on network      =  0
  Vehicles that completed trip  =  6988
 
       SUMMARY OF NETWORK INCIDENTS 
 
 
 INCIDENT  1 on link  31   from 119 to 120
 Lane Losses: *****0.0000.000
   start time:   3.3 min   end time  :  14.0 min   duration  :  10.7 min
 
 INCIDENT  2 on link 108   from 154 to 153
 Lane Losses: 0.000*****
   start time:  10.0 min   end time  :  16.7 min   duration  :   6.7 min
