   5400      1
   10 1.500  6600  1166  1166     0     0     0     0   54.0   54.9   54.9   54.0   54.0   54.0   54.0   0.00   0.00   0.00   0.00   0.00  17.8   7.3   0.0   222.385   225.934  4429.761   746.270534236.812     0.000   2428.9   1119.5     19.6     73.8   1248.4    666.5
   11 0.250  8800  1166  1166     0     0     0     0    9.0    9.0    9.0    9.0    9.0    9.0    9.0   0.00   0.00   0.00   0.00   0.00   2.9   1.3   0.0    35.973    31.962   544.906   118.460177395.219     0.000    399.6    183.9      3.4     11.7    205.1    109.9
   12 0.500  6600  1166  1166     0     0     0     0   18.0   18.1   18.1   18.0   18.0   18.0   18.0   0.00   0.00   0.00   0.00   0.00   5.9   2.3   0.0    72.445    63.825  1096.356   239.951205863.047     0.000    803.0    369.9      6.8     23.4    412.0    221.1
   13 0.250  8800  1166  1166     0     0     0     0    9.0    9.0    9.0    9.0    9.0    9.0    9.0   0.00   0.00   0.00   0.00   0.00   2.9   1.3   0.0    35.999    31.983   545.223   118.608275163.000     0.000    399.7    184.0      3.4     11.6    205.0    110.0
   14 1.500  6600  1166  1166     0     0     0     0   54.0   54.7   54.7   54.0   54.0   54.0   54.0   0.00   0.00   0.00   0.00   0.00  17.7   6.2   0.0   217.786   191.232  3283.977   721.003503037.344     0.000   2416.2   1111.7     20.7     70.2   1237.7    666.2
   15 1.500  6600  2092   925     0     0   780   386   54.0   69.2   69.3   54.0   54.0   69.0   69.4   0.00   0.00   0.00   0.00   0.00  40.2  28.7   1.2   786.888  6949.202174728.141  2804.935**********     0.000   5485.7   2572.5     28.5    237.0   2684.0   1538.7
   16 0.250  8800  1166  1166     0     0     0     0    9.0    9.0    9.0    9.0    9.0    9.0    9.0   0.00   0.00   0.00   0.00   0.00   2.9   1.2   0.0    35.950    31.928   544.724   118.599970060.938     0.000    398.7    183.5      3.4     11.6    204.3    109.9
   17 0.250  8800  2092   925     0     0   780   386    9.0   11.3   11.3    9.0    9.0   11.4   11.3   0.00   0.00   0.00   0.00   0.00   6.6   4.9   0.2   134.028  1286.096 31985.855   474.677264489.031     0.000    900.5    420.2      5.4     35.2    450.6    249.8
   18 0.500  6600  1166  1166     0     0     0     0   18.0   18.1   18.1   18.0   18.0   18.0   18.0   0.00   0.00   0.00   0.00   0.00   5.9   2.1   0.0    72.435    63.804  1096.989   240.223240230.344     0.000    802.1    369.5      6.9     23.3    411.0    221.2
   19 0.500  6600  2092   925     0     0   780   386   18.0   22.9   22.9   18.0   18.0   22.9   22.8   0.00   0.00   0.00   0.00   0.00  13.3   9.5   0.4   266.629  2437.905 60745.473   949.361703419.375     0.000   1816.4    846.0     10.8     70.5    909.8    502.1
   20 0.250  8800  1166  1166     0     0     0     0    9.0    9.0    9.0    9.0    9.0    9.0    9.0   0.00   0.00   0.00   0.00   0.00   2.9   1.2   0.0    35.959    31.941   544.857   118.660 83038.953     0.000    398.7    183.5      3.4     11.6    204.2    109.9
   21 0.250  8800  2092   925     0     0   780   386    9.0   10.7   10.6    9.0    9.0   10.7   10.8   0.00   0.00   0.00   0.00   0.00   6.2   4.4   0.2   118.871  1032.420 25568.539   414.672440406.000     0.000    851.1    396.0      5.5     31.4    431.3    234.3
   22 1.500  6600  1166  1166     0     0     0     0   54.0   54.6   54.6   54.0   54.0   54.0   54.0   0.00   0.00   0.00   0.00   0.00  17.7   5.6   0.0   217.703   191.093  3285.662   721.594502859.938     0.000   2413.9   1110.6     20.7     70.0   1235.3    666.2
   23 1.500  6600  2092   925     0     0   780   386   54.0   65.1   64.8   54.0   54.0   65.1   65.8   0.00   0.00   0.00   0.00   0.00  37.8  25.3   0.9   667.724  5223.067128919.047  2299.211**********     0.000   5156.0   2394.3     34.2    184.2   2621.8   1415.3
   24 0.250  8800  1166  1166     0     0     0     0    9.0    9.0    9.0    9.0    9.0    9.0    9.0   0.00   0.00   0.00   0.00   0.00   2.9   1.1   0.0    35.984    31.949   545.585   118.874 83095.820     0.000    398.7    183.5      3.4     11.6    204.1    109.9
   25 0.250  8800  2092   925     0     0   780   386    9.0   11.3   11.4    9.0    9.0   11.3   11.3   0.00   0.00   0.00   0.00   0.00   6.6   4.8   0.2   125.887  1118.775 28043.426   442.978990934.375     0.000    900.9    420.3      5.5     34.9    449.7    250.6
   26 0.500  6600  1166  1166     0     0     0     0   18.0   18.1   18.1   18.0   18.0   18.0   18.0   0.00   0.00   0.00   0.00   0.00   5.9   1.9   0.0    72.402    63.762  1096.788   240.278329040.875     0.000    801.4    369.1      6.9     23.3    410.3    221.1
   27 0.500  6600  2092   925     0     0   780   386   18.0   28.2   27.9   18.0   18.0   28.3   28.7   0.00   0.00   0.00   0.00   0.00  16.4  12.9   0.7   285.822  2507.986 62987.973  1004.356571434.375     0.000   2238.5   1043.2     13.9     85.7   1118.5    622.1
   28 0.250  8800  1166  1166     0     0     0     0    9.0    9.0    9.0    9.0    9.0    9.0    9.0   0.00   0.00   0.00   0.00   0.00   2.9   1.1   0.0    35.989    31.963   545.678   118.908333902.906     0.000    398.6    183.5      3.4     11.6    204.1    109.9
   29 0.250  8800  2092   925     0     0   780   386    9.0   16.1   16.0    9.0    9.0   16.0   16.4   0.00   0.00   0.00   0.00   0.00   9.4   7.9   0.3   170.290  1563.110 39821.246   611.283354283.719     0.000   1275.3    566.8      4.5     33.9    830.8    246.1
   30 1.500  6600  1166  1166     0     0     0     0   54.0   54.6   54.6   54.0   54.0   54.0   54.0   0.00   0.00   0.00   0.00   0.00  17.7   5.0   0.0   217.775   191.439  3285.391   721.585515321.219     0.000   2413.2   1110.3     20.8     69.9   1234.4    666.2
   31 1.500  6600  2092   925     0     0   780   386   54.0   74.3   74.0   54.0   54.0   74.9   73.6   0.00   0.00   0.00   0.00   0.00  43.2  31.4   1.5   867.093  8124.435203272.906  3106.978**********     0.000   5889.2   2736.0     31.3    230.2   2985.7   1599.5
   32 0.250  8800  2092   925     0     0   780   386    9.0   11.3   11.3    9.0    9.0   11.3   11.3   0.00   0.00   0.00   0.00   0.00   6.6   4.8   0.2   137.678  1341.683 33339.570   488.432293648.500     0.000    900.3    418.8      5.3     34.3    455.9    246.8
   33 0.500  6600  2092   925     0     0   780   386   18.0   21.2   21.4   18.0   18.0   21.2   20.9   0.00   0.00   0.00   0.00   0.00  12.4   8.2   0.3   219.580  1686.565 41846.980   761.499522251.875     0.000   1686.1    784.0     10.7     62.7    850.5    465.0
   34 0.250  8800  2092   925     0     0   780   386    9.0   10.7   10.7    9.0    9.0   10.8   10.5   0.00   0.00   0.00   0.00   0.00   6.3   4.4   0.2   113.652   933.207 23188.031   393.744262189.781     0.000    853.8    396.8      5.5     31.2    432.7    234.8
   35 1.500  6600  2092   925     0     0   780   386   54.0   61.9   61.9   54.0   54.0   61.7   61.9   0.00   0.00   0.00   0.00   0.00  36.0  22.5   0.5   557.312  3303.325 80476.352  1861.777**********     0.000   4901.0   2277.0     32.6    176.5   2476.5   1353.3
   50 0.200  2000     0     0     0     0     0     0    8.5    8.5    8.5    8.5    8.5    8.5    8.5   0.00   0.00   0.00   0.00   0.00   0.0   0.0   0.0     0.000     0.000     0.000     0.000 51489.988     0.000      0.0      0.0      0.0      0.0      0.0      0.0
   51 0.070  2000     0     0     0     0     0     0    3.0    3.0    3.0    3.0    3.0    3.0    3.0   0.00   0.00   0.00   0.00   0.00   0.0   0.0   0.0     0.000     0.000     0.000     0.000     0.000     0.000      0.0      0.0      0.0      0.0      0.0      0.0
   52 0.200  2000     0     0     0     0     0     0    8.5    8.5    8.5    8.5    8.5    8.5    8.5   0.00   0.00   0.00   0.00   0.00   0.0   0.0   0.0     0.000     0.000     0.000     0.000     0.000     0.000      0.0      0.0      0.0      0.0      0.0      0.0
   53 0.070  2000     0     0     0     0     0     0    3.0    3.0    3.0    3.0    3.0    3.0    3.0   0.00   0.00   0.00   0.00   0.00   0.0   0.0   0.0     0.000     0.000     0.000     0.000     0.000     0.000      0.0      0.0      0.0      0.0      0.0      0.0
   54 0.200  2000     0     0     0     0     0     0    8.5    8.5    8.5    8.5    8.5    8.5    8.5   0.00   0.00   0.00   0.00   0.00   0.0   0.0   0.0     0.000     0.000     0.000     0.000     0.000     0.000      0.0      0.0      0.0      0.0      0.0      0.0
   55 0.200  2000     0     0     0     0     0     0    8.5    8.5    8.5    8.5    8.5    8.5    8.5   0.00   0.00   0.00   0.00   0.00   0.0   0.0   0.0     0.000     0.000     0.000     0.000 28198.635     0.000      0.0      0.0      0.0      0.0      0.0      0.0
   56 0.070  2000     0     0     0     0     0     0    3.0    3.0    3.0    3.0    3.0    3.0    3.0   0.00   0.00   0.00   0.00   0.00   0.0   0.0   0.0     0.000     0.000     0.000     0.000 19033.797     0.000      0.0      0.0      0.0      0.0      0.0      0.0
   57 0.070  2000     0     0     0     0     0     0    3.0    3.0    3.0    3.0    3.0    3.0    3.0   0.00   0.00   0.00   0.00   0.00   0.0   0.0   0.0     0.000     0.000     0.000     0.000  6905.714     0.000      0.0      0.0      0.0      0.0      0.0      0.0
   58 0.200  2000     0     0     0     0     0     0    8.5    8.5    8.5    8.5    8.5    8.5    8.5   0.00   0.00   0.00   0.00   0.00   0.0   0.0   0.0     0.000     0.000     0.000     0.000 35878.184     0.000      0.0      0.0      0.0      0.0      0.0      0.0
   59 0.200  2000     0     0     0     0     0     0    8.5    8.5    8.5    8.5    8.5    8.5    8.5   0.00   0.00   0.00   0.00   0.00   0.0   0.0   0.0     0.000     0.000     0.000     0.000 23082.053     0.000      0.0      0.0      0.0      0.0      0.0      0.0
   60 0.070  2000     0     0     0     0     0     0    3.0    3.0    3.0    3.0    3.0    3.0    3.0   0.00   0.00   0.00   0.00   0.00   0.0   0.0   0.0     0.000     0.000     0.000     0.000 32455.824     0.000      0.0      0.0      0.0      0.0      0.0      0.0
   61 0.070  2000     0     0     0     0     0     0    3.0    3.0    3.0    3.0    3.0    3.0    3.0   0.00   0.00   0.00   0.00   0.00   0.0   0.0   0.0     0.000     0.000     0.000     0.000 19682.512     0.000      0.0      0.0      0.0      0.0      0.0      0.0
   62 0.200  2000     0     0     0     0     0     0    8.5    8.5    8.5    8.5    8.5    8.5    8.5   0.00   0.00   0.00   0.00   0.00   0.0   0.0   0.0     0.000     0.000     0.000     0.000 26223.758     0.000      0.0      0.0      0.0      0.0      0.0      0.0
   63 0.200  2000     0     0     0     0     0     0    8.5    8.5    8.5    8.5    8.5    8.5    8.5   0.00   0.00   0.00   0.00   0.00   0.0   0.0   0.0     0.000     0.000     0.000     0.000     0.000     0.000      0.0      0.0      0.0      0.0      0.0      0.0
   64 0.070  2000     0     0     0     0     0     0    3.0    3.0    3.0    3.0    3.0    3.0    3.0   0.00   0.00   0.00   0.00   0.00   0.0   0.0   0.0     0.000     0.000     0.000     0.000     0.000     0.000      0.0      0.0      0.0      0.0      0.0      0.0
   65 0.070  2000     0     0     0     0     0     0    3.0    3.0    3.0    3.0    3.0    3.0    3.0   0.00   0.00   0.00   0.00   0.00   0.0   0.0   0.0     0.000     0.000     0.000     0.000  8697.926     0.000      0.0      0.0      0.0      0.0      0.0      0.0
   66 0.200  2000     0     0     0     0     0     0    8.5    8.5    8.5    8.5    8.5    8.5    8.5   0.00   0.00   0.00   0.00   0.00   0.0   0.0   0.0     0.000     0.000     0.000     0.000     0.000     0.000      0.0      0.0      0.0      0.0      0.0      0.0
   67 0.200  2000     0     0     0     0     0     0    8.5    8.5    8.5    8.5    8.5    8.5    8.5   0.00   0.00   0.00   0.00   0.00   0.0   0.0   0.0     0.000     0.000     0.000     0.000 55798.461     0.000      0.0      0.0      0.0      0.0      0.0      0.0
   68 0.070  2000     0     0     0     0     0     0    3.0    3.0    3.0    3.0    3.0    3.0    3.0   0.00   0.00   0.00   0.00   0.00   0.0   0.0   0.0     0.000     0.000     0.000     0.000 90628.617     0.000      0.0      0.0      0.0      0.0      0.0      0.0
   69 0.070  2000     0     0     0     0     0     0    3.0    3.0    3.0    3.0    3.0    3.0    3.0   0.00   0.00   0.00   0.00   0.00   0.0   0.0   0.0     0.000     0.000     0.000     0.000 28780.975     0.000      0.0      0.0      0.0      0.0      0.0      0.0
   70 0.200  2000     0     0     0     0     0     0    8.5    8.5    8.5    8.5    8.5    8.5    8.5   0.00   0.00   0.00   0.00   0.00   0.0   0.0   0.0     0.000     0.000     0.000     0.000 44411.234     0.000      0.0      0.0      0.0      0.0      0.0      0.0
   71 0.070  2000     0     0     0     0     0     0    3.0    3.0    3.0    3.0    3.0    3.0    3.0   0.00   0.00   0.00   0.00   0.00   0.0   0.0   0.0     0.000     0.000     0.000     0.000  9119.190     0.000      0.0      0.0      0.0      0.0      0.0      0.0
   72 0.200  2000     0     0     0     0     0     0    8.5    8.5    8.5    8.5    8.5    8.5    8.5   0.00   0.00   0.00   0.00   0.00   0.0   0.0   0.0     0.000     0.000     0.000     0.000     0.000     0.000      0.0      0.0      0.0      0.0      0.0      0.0
   73 0.070  2000     0     0     0     0     0     0    3.0    3.0    3.0    3.0    3.0    3.0    3.0   0.00   0.00   0.00   0.00   0.00   0.0   0.0   0.0     0.000     0.000     0.000     0.000 22991.445     0.000      0.0      0.0      0.0      0.0      0.0      0.0
   74 1.500  4000    50     0    50     0     0     0   67.5   68.3   67.5   68.3   67.5   67.5   67.5   0.00   0.00   0.00   0.00   0.00   0.9   0.0   0.1     8.693     7.871   126.946    19.061 26242.416     0.000    166.5     78.8      0.8      7.9     81.0     46.9
   75 0.100  6000    50     0    50     0     0     0    4.5   20.9    4.5   20.9    4.5    4.5    4.5   0.00   0.00   0.00   0.00   0.00   0.3   0.2   0.4     1.052     1.489    23.288     1.455 13122.810     0.000     50.9     21.6      0.1      0.9     39.3      6.3
   76 0.100  4000    50     0    50     0     0     0    4.5    5.9    4.5    5.9    4.5    4.5    4.5   0.00   0.00   0.00   0.00   0.00   0.1   0.0   0.0     2.785    34.348   903.841    10.584 11377.030     0.000     14.5      6.6      0.0      0.5      8.3      3.4
   77 0.900  4000    50     0    50     0     0     0   40.5   40.8   40.5   40.8   40.5   40.5   40.5   0.00   0.00   0.00   0.00   0.00   0.6   0.1   0.0     5.822    12.502   276.935    14.176 35307.125     0.000     99.9     47.4      0.5      4.9     47.9     28.5
   78 0.900  4000    74     0    74     0     0     0   40.5   43.0   40.5   43.0   40.5   40.5   40.5   0.00   0.00   0.00   0.00   0.00   0.9   0.1   0.2    10.248    45.669  1156.413    28.107 45098.379     0.000    156.6     74.0      0.7      7.6     76.0     43.9
   79 1.500  4000   250   125    62    62     0     0   67.5   69.6   69.5   70.0   69.5   67.5   67.5   0.00   0.00   0.00   0.00   0.00   4.8   0.6   0.2    43.915    43.689   760.916    96.667124599.461     0.000    848.5    402.9      3.8     42.1    405.0    242.5
   80 0.100  6000    74     0    74     0     0     0    4.5   12.8    4.5   12.8    4.5    4.5    4.5   0.00   0.00   0.00   0.00   0.00   0.3   0.2   0.3     1.479     6.116   141.817     3.334 21373.166     0.000     46.7     20.9      0.1      1.5     28.5      9.8
   81 0.100  6000   250   125    62    62     0     0    4.5   20.9   24.1   20.1   15.3    4.5    4.5   0.00   0.00   0.00   0.00   0.00   1.4   1.2   0.5     5.485     6.954   100.319     8.374 12624.659     0.000    254.3    114.6      0.5      8.9    149.4     56.4
   82 0.100  4000   237   124   112     0     0     0    4.5    5.7    5.6    5.8    4.5    4.5    4.5   0.00   0.00   0.00   0.00   0.00   0.4   0.2   0.0    10.944   116.811  3107.983    42.481 20927.473     0.000     66.4     30.6      0.2      2.7     34.8     17.1
   83 0.100  4000   212   125    62    24     0     0    4.5    6.1    6.2    6.0    5.6    4.5    4.5   0.00   0.00   0.00   0.00   0.00   0.4   0.2   0.0    13.061   162.980  4330.530    50.833 24235.438     0.000     63.2     28.6      0.1      2.2     37.0     14.3
   84 0.900  4000   237   124   112     0     0     0   40.5   42.8   41.9   43.7   40.5   40.5   40.5   0.00   0.00   0.00   0.00   0.00   2.8   0.8   0.1    27.876    50.979  1139.214    67.286 63599.723     0.000    496.3    236.7      2.2     26.1    229.3    144.9
   85 0.900  4000   212   125    62    24     0     0   40.5   41.6   41.8   41.4   41.3   40.5   40.5   0.00   0.00   0.00   0.00   0.00   2.5   0.6   0.0    24.624    41.417   906.151    59.081 56322.305     0.000    432.6    206.1      1.9     22.4    201.7    125.6
   86 0.900  4000   212   124    62    24     0     0   40.5   42.8   42.4   42.4   45.6   40.5   40.5   0.00   0.00   0.00   0.00   0.00   2.5   0.7   0.2    24.415    56.703  1338.349    57.801 55128.574     0.000    442.0    209.5      1.9     22.1    211.0    125.6
   87 0.900  4000   212   125    62    24     0     0   40.5   42.0   42.1   41.8   41.8   40.5   40.5   0.00   0.00   0.00   0.00   0.00   2.5   0.6   0.2    21.816    19.581   314.336    46.623 50502.664     0.000    434.9    206.6      2.0     21.7    207.1    124.5
   88 0.100  6000   212   124    62    24     0     0    4.5   21.6   23.2   21.3   14.2    4.5    4.5   0.00   0.00   0.00   0.00   0.00   1.3   1.1   0.6     4.786     6.123    89.057     7.354 11008.943     0.000    223.0     98.4      0.4      6.6    146.4     41.1
   89 0.100  6000   212   125    62    24     0     0    4.5   13.8   14.1   12.9   14.3    4.5    4.5   0.00   0.00   0.00   0.00   0.00   0.8   0.6   0.4     4.193    12.160   274.840     8.853  9386.100     0.000    143.2     64.6      0.3      5.1     83.4     32.1
   90 0.100  4000   249   124    62    62     0     0    4.5    6.1    6.5    6.1    5.5    4.5    4.5   0.00   0.00   0.00   0.00   0.00   0.4   0.2   0.0    15.392   191.253  5078.184    60.047 28595.971     0.000     74.6     33.6      0.2      2.4     44.3     16.5
   91 0.100  4000   125   125     0     0     0     0    4.5    6.0    6.0    4.5    4.5    4.5    4.5   0.00   0.00   0.00   0.00   0.00   0.2   0.1   0.0     6.365    70.696  1893.131    24.832 12088.492     0.000     36.6     16.5      0.1      1.2     21.7      8.1
   92 1.500  4000   249   124    62    62     0     0   67.5   69.3   69.6   69.1   69.0   67.5   67.5   0.00   0.00   0.00   0.00   0.00   4.8   1.3   0.0    46.392    61.758  1275.214   106.672106662.109     0.000    843.2    401.9      3.8     43.8    392.7    245.1
   93 0.900  4000   125   125     0     0     0     0   40.5   41.8   41.8   40.5   40.5   40.5   40.5   0.00   0.00   0.00   0.00   0.00   1.5   0.4   0.0    14.478    23.284   497.340    34.462 33173.699     0.000    256.5    122.5      1.1     13.6    118.1     75.1
   94 0.900  4000   125   125     0     0     0     0   40.5   42.0   42.0   40.5   40.5   40.5   40.5   0.00   0.00   0.00   0.00   0.00   1.5   0.5   0.1    12.858    10.966   168.772    27.187 29798.670     0.000    256.3    122.0      1.1     13.1    120.5     74.1
   95 0.100  6000   125   125     0     0     0     0    4.5   25.8   25.8    4.5    4.5    4.5    4.5   0.00   0.00   0.00   0.00   0.00   0.9   0.8   0.4     3.072     2.983    27.162     4.017  7109.635     0.000    157.0     65.8      0.1      2.4    127.1     16.1
   96 0.100  4000   125   125     0     0     0     0    4.5    6.0    6.0    4.5    4.5    4.5    4.5   0.00   0.00   0.00   0.00   0.00   0.2   0.1   0.0     6.377    71.126  1922.463    24.566 12095.023     0.000     37.1     16.5      0.1      1.1     23.3      7.6
   97 1.500  4000   125   125     0     0     0     0   67.5   69.4   69.4   67.5   67.5   67.5   67.5   0.00   0.00   0.00   0.00   0.00   2.4   0.7   0.0    23.234    31.774   634.835    52.851 53423.516     0.000    424.6    201.9      1.9     21.5    200.7    122.2
   98 1.500  4000    50     0    50     0     0     0   67.5   68.4   67.5   68.4   67.5   67.5   67.5   0.00   0.00   0.00   0.00   0.00   1.0   0.1   0.2     8.684     7.886   128.401    19.061 20084.215     0.000    167.0     79.0      0.8      8.0     81.2     47.1
   99 0.100  6000    50     0    50     0     0     0    4.5   19.2    4.5   19.2    4.5    4.5    4.5   0.00   0.00   0.00   0.00   0.00   0.3   0.2   0.4     0.945     1.171    15.469     1.216  2180.964     0.000     46.6     19.8      0.1      0.8     35.9      5.8
  100 0.100  4000    50     0    50     0     0     0    4.5    6.0    4.5    6.0    4.5    4.5    4.5   0.00   0.00   0.00   0.00   0.00   0.1   0.0   0.0     2.842    35.024   927.079    10.812  5307.802     0.000     14.9      6.8      0.0      0.6      8.3      3.6
  101 0.900  4000    50     0    50     0     0     0   40.5   43.0   40.5   43.0   40.5   40.5   40.5   0.00   0.00   0.00   0.00   0.00   0.6   0.0   0.3     6.314    22.042   545.931    16.417 14006.903     0.000    105.0     50.1      0.5      5.5     48.3     30.7
  102 0.900  4000     0     0     0     0     0     0   40.5   40.5   40.5   40.5   40.5   40.5   40.5   0.00   0.00   0.00   0.00   0.00   0.0   0.0   0.0     0.000     0.000     0.000     0.000     0.000     0.000      0.0      0.0      0.0      0.0      0.0      0.0
  103 1.500  4000    62     0    62     0     0     0   67.5   68.5   67.5   68.5   67.5   67.5   67.5   0.00   0.00   0.00   0.00   0.00   1.2   0.0   0.2    10.882    10.204   170.906    23.962 25161.299     0.000    208.9     98.9      1.0     10.0    101.4     59.0
  104 0.100  6000     0     0     0     0     0     0    4.5    4.5    4.5    4.5    4.5    4.5    4.5   0.00   0.00   0.00   0.00   0.00   0.0   0.0   0.0     0.000     0.000     0.000     0.000     0.000     0.000      0.0      0.0      0.0      0.0      0.0      0.0
  105 0.100  6000    62     0    62     0     0     0    4.5   14.3    4.5   14.3    4.5    4.5    4.5   0.00   0.00   0.00   0.00   0.00   0.3   0.2   0.4     1.164     2.492    51.746     2.174  2641.182     0.000     44.3     19.4      0.1      1.1     30.1      7.7
  106 0.100  4000    50     0    50     0     0     0    4.5    5.3    4.5    5.3    4.5    4.5    4.5   0.00   0.00   0.00   0.00   0.00   0.1   0.0   0.0     2.180    26.366   678.252     8.105  4106.973     0.000     12.9      6.0      0.0      0.6      6.4      3.5
  107 0.100  4000    50     0    50     0     0     0    4.5    5.7    4.5    5.7    4.5    4.5    4.5   0.00   0.00   0.00   0.00   0.00   0.1   0.0   0.0     2.851    35.902   940.198    11.037  5299.839     0.000     14.0      6.5      0.0      0.6      7.2      3.7
  108 0.900  4000    50     0    50     0     0     0   40.5   40.8   40.5   40.8   40.5   40.5   40.5   0.00   0.00   0.00   0.00   0.00   0.6   0.1   0.0     5.651     8.593   184.709    13.564 12949.693     0.000     99.8     47.3      0.5      4.9     48.0     28.4
  109 0.900  4000    50     0    50     0     0     0   40.5   43.5   40.5   43.5   40.5   40.5   40.5   0.00   0.00   0.00   0.00   0.00   0.6   0.0   0.5     6.237    20.046   492.102    15.950 13900.796     0.000    106.6     50.8      0.5      5.5     49.7     30.9
  110 0.900  4000    50     0    50     0     0     0   40.5   41.7   40.5   41.7   40.5   40.5   40.5   0.00   0.00   0.00   0.00   0.00   0.6   0.1   0.2     5.119     5.158    88.286    11.178 11821.047     0.000    101.5     48.1      0.5      5.0     48.8     28.9
  111 0.900  4000     0     0     0     0     0     0   40.5   40.5   40.5   40.5   40.5   40.5   40.5   0.00   0.00   0.00   0.00   0.00   0.0   0.0   0.0     0.000     0.000     0.000     0.000     0.000     0.000      0.0      0.0      0.0      0.0      0.0      0.0
  112 0.100  6000    50     0    50     0     0     0    4.5    6.0    4.5    6.0    4.5    4.5    4.5   0.00   0.00   0.00   0.00   0.00   0.1   0.0   0.1     1.405    13.410   365.585     4.911  2786.087     0.000     14.7      7.0      0.1      0.8      6.3      4.5
  113 0.100  6000     0     0     0     0     0     0    4.5    4.5    4.5    4.5    4.5    4.5    4.5   0.00   0.00   0.00   0.00   0.00   0.0   0.0   0.0     0.000     0.000     0.000     0.000     0.000     0.000      0.0      0.0      0.0      0.0      0.0      0.0
  114 0.100  4000    50     0    50     0     0     0    4.5    4.5    4.5    4.5    4.5    4.5    4.5   0.00   0.00   0.00   0.00   0.00   0.1   0.0   0.0     1.678    22.070   509.421     5.731  3177.174     0.000     11.1      5.3      0.0      0.6      5.2      3.2
  115 0.100  4000    50     0    50     0     0     0    4.5    5.5    4.5    5.5    4.5    4.5    4.5   0.00   0.00   0.00   0.00   0.00   0.1   0.0   0.0     2.553    31.754   822.076     9.666  4772.235     0.000     13.5      6.3      0.0      0.6      6.9      3.6
  116 1.500  4000    50     0    50     0     0     0   67.5   67.9   67.5   67.9   67.5   67.5   67.5   0.00   0.00   0.00   0.00   0.00   0.9   0.1   0.0     8.858     7.492   119.167    19.568 20507.369     0.000    165.5     78.4      0.8      8.0     80.0     46.9
  117 0.900  4000    50     0    50     0     0     0   40.5   40.8   40.5   40.8   40.5   40.5   40.5   0.00   0.00   0.00   0.00   0.00   0.6   0.1   0.0     5.733    10.709   234.693    13.765 13082.198     0.000     99.8     47.3      0.5      4.9     48.0     28.4
  118 0.900  4000    50     0    50     0     0     0   40.5   41.5   40.5   41.5   40.5   40.5   40.5   0.00   0.00   0.00   0.00   0.00   0.6   0.1   0.2     5.115     4.816    78.107    10.973 11823.923     0.000    101.0     47.9      0.5      4.9     48.5     28.7
  119 0.100  6000    50     0    50     0     0     0    4.5   20.3    4.5   20.3    4.5    4.5    4.5   0.00   0.00   0.00   0.00   0.00   0.3   0.2   0.5     1.016     1.302    18.756     1.410  2339.654     0.000     49.3     21.0      0.1      0.9     37.8      6.2
  120 0.100  4000    50     0    50     0     0     0    4.5    6.0    4.5    6.0    4.5    4.5    4.5   0.00   0.00   0.00   0.00   0.00   0.1   0.0   0.0     2.935    35.803   951.094    11.344  5483.262     0.000     14.8      6.7      0.0      0.5      8.6      3.4
  121 1.500  4000    50     0    50     0     0     0   67.5   68.2   67.5   68.2   67.5   67.5   67.5   0.00   0.00   0.00   0.00   0.00   1.0   0.2   0.0     9.380    15.177   316.097    21.956 21481.033     0.000    166.5     79.0      0.8      8.2     79.7     47.5
  122 0.900  4000   175   125    50     0     0     0   40.5   41.9   41.9   41.8   40.5   40.5   40.5   0.00   0.00   0.00   0.00   0.00   2.0   0.2   0.2    18.046    16.461   265.558    39.473 41766.148     0.000    358.2    170.0      1.6     17.7    171.5    102.2
  123 0.900  4000   250   125    62    62     0     0   40.5   41.9   42.0   42.0   41.8   40.5   40.5   0.00   0.00   0.00   0.00   0.00   2.9   0.3   0.2    25.857    23.515   383.111    56.647 59833.090     0.000    511.0    242.6      2.3     25.4    244.0    146.0
  124 0.100  4000   175   125    50     0     0     0    4.5   14.8   14.3   15.9    4.5    4.5    4.5   0.00   0.00   0.00   0.00   0.00   0.7   0.5   0.4     3.517     9.657   211.730     7.128  7891.669     0.000    126.0     56.8      0.3      4.4     73.5     28.2
  125 0.100  4000   250   125    62    62     0     0    4.5   17.8   20.7   17.7   12.2    4.5    4.5   0.00   0.00   0.00   0.00   0.00   1.2   1.0   0.5     5.585    10.084   197.953    11.053 12685.271     0.000    217.2     98.6      0.5      8.1    122.3     50.9
  126 0.100  4000   188   125    62     0     0     0    4.5    5.7    5.7    5.8    4.5    4.5    4.5   0.00   0.00   0.00   0.00   0.00   0.3   0.1   0.0    10.132   122.604  3216.250    39.211 18960.668     0.000     52.9     24.5      0.2      2.3     27.1     14.0
  127 0.100  4000   250   125    62    62     0     0    4.5    6.2    5.9    6.8    5.9    4.5    4.5   0.00   0.00   0.00   0.00   0.00   0.4   0.2   0.0    14.840   172.125  4656.476    59.189 27881.465     0.000     76.2     34.9      0.2      2.9     40.6     19.2
  128 0.400  4000   188   125    62     0     0     0   18.0   18.4   18.5   18.1   18.0   18.0   18.0   0.00   0.00   0.00   0.00   0.00   1.0   0.3   0.0    10.565    28.013   672.752    27.851 23806.652     0.000    169.1     80.5      0.8      8.7     79.2     49.0
  129 0.400  4000   250   125    62    62     0     0   18.0   19.1   18.7   19.7   19.3   18.0   18.0   0.00   0.00   0.00   0.00   0.00   1.3   0.2   0.1    14.955    56.178  1395.652    41.277 33035.168     0.000    234.3    112.0      1.0     12.6    106.1     69.4
  130 0.300  4000   188   125    62     0     0     0   13.5   13.7   13.7   13.5   13.5   13.5   13.5   0.00   0.00   0.00   0.00   0.00   0.7   0.2   0.0     6.685     5.628    89.257    14.578 15490.722     0.000    126.8     60.2      0.6      6.3     60.3     36.3
  131 0.300  4000   125   125     0     0     0     0   13.5   13.8   13.8   13.5   13.5   13.5   13.5   0.00   0.00   0.00   0.00   0.00   0.5   0.1   0.0     4.450     3.706    58.750     9.594 10314.747     0.000     85.0     40.5      0.4      4.4     39.9     24.6
  132 0.100  4000   188   125    62     0     0     0    4.5    4.5    4.5    4.4    4.5    4.5    4.5   0.00   0.00   0.00   0.00   0.00   0.2   0.1   0.0     2.184     1.802    29.352     5.032  5066.212     0.000     40.5     19.2      0.2      2.0     19.4     11.6
  133 0.100  4000   125   125     0     0     0     0    4.5    4.5    4.5    4.5    4.5    4.5    4.5   0.00   0.00   0.00   0.00   0.00   0.2   0.1   0.0     1.440     1.191    19.394     3.278  3341.051     0.000     26.9     12.8      0.1      1.4     12.8      7.7
  134 0.200  4000   188   125    62     0     0     0    9.0    9.1    9.1    9.0    9.0    9.0    9.0   0.00   0.00   0.00   0.00   0.00   0.5   0.2   0.0     4.407     3.725    59.083     9.632 10210.406     0.000     83.6     39.7      0.4      4.2     39.9     23.9
  135 0.200  4000   125   125     0     0     0     0    9.0    9.1    9.1    9.0    9.0    9.0    9.0   0.00   0.00   0.00   0.00   0.00   0.3   0.1   0.0     2.951     2.465    39.076     6.384  6841.266     0.000     56.4     26.8      0.3      2.9     26.7     16.2
  136 0.100  4000   188   125    62     0     0     0    4.5    4.5    4.5    4.4    4.5    4.5    4.5   0.00   0.00   0.00   0.00   0.00   0.2   0.1   0.0     2.250     1.862    30.388     5.201  5218.799     0.000     41.8     19.8      0.2      2.1     20.0     11.9
  137 0.100  4000   125   125     0     0     0     0    4.5    4.5    4.5    4.5    4.5    4.5    4.5   0.00   0.00   0.00   0.00   0.00   0.2   0.1   0.0     1.513     1.253    20.463     3.464  3508.630     0.000     28.2     13.4      0.1      1.4     13.5      8.1
  138 0.300  4000   188   125    62     0     0     0   13.5   13.6   13.7   13.5   13.5   13.5   13.5   0.00   0.00   0.00   0.00   0.00   0.7   0.2   0.0     6.530     5.411    84.906    14.128 15135.579     0.000    124.5     59.1      0.6      6.2     59.5     35.6
  139 0.300  4000   125   125     0     0     0     0   13.5   13.7   13.7   13.5   13.5   13.5   13.5   0.00   0.00   0.00   0.00   0.00   0.5   0.1   0.0     4.368     3.572    56.178     9.424 10127.045     0.000     83.3     39.6      0.4      4.2     39.5     23.9
  140 0.400  4000   212   125    62    24     0     0   18.0   19.4   19.1   19.0   21.6   18.0   18.0   0.00   0.00   0.00   0.00   0.00   1.1   0.3   0.2    11.589    45.400  1106.202    29.306 25470.840     0.000    201.6     95.3      0.8      9.8     97.8     56.6
  141 0.400  4000   125   125     0     0     0     0   18.0   19.2   19.2   18.0   18.0   18.0   18.0   0.00   0.00   0.00   0.00   0.00   0.7   0.2   0.2     5.628     7.677   151.597    12.008 12926.076     0.000    117.8     56.0      0.5      6.0     55.5     34.0
  142 0.100  4000   212   125    62    24     0     0    4.5   18.7   18.3   21.0   14.9    4.5    4.5   0.00   0.00   0.00   0.00   0.00   1.1   0.9   0.5     4.781     7.528   136.091     8.878 10913.467     0.000    194.5     86.8      0.4      6.3    120.5     39.8
  143 0.100  4000   125   125     0     0     0     0    4.5   16.0   16.0    4.5    4.5    4.5    4.5   0.00   0.00   0.00   0.00   0.00   0.6   0.4   0.4     2.693     6.963   150.195     5.463  6054.916     0.000     97.5     43.7      0.2      3.3     58.9     20.7
  144 0.100  4000   212   125    62    24     0     0    4.5    5.8    5.7    6.1    5.9    4.5    4.5   0.00   0.00   0.00   0.00   0.00   0.3   0.2   0.0    12.160   145.161  3843.906    47.935 22760.842     0.000     60.8     28.1      0.2      2.5     31.4     15.9
  145 0.100  4000   125   125     0     0     0     0    4.5    5.9    5.9    4.5    4.5    4.5    4.5   0.00   0.00   0.00   0.00   0.00   0.2   0.1   0.0     6.203    56.945  1530.878    25.893 12092.511     0.000     36.7     16.9      0.1      1.5     18.8      9.7
  146 0.900  4000   212   125    62    24     0     0   40.5   41.7   42.1   41.2   41.3   40.5   40.5   0.00   0.00   0.00   0.00   0.00   2.5   0.6   0.0    24.816    44.858  1006.423    59.908 56633.070     0.000    432.6    206.2      1.9     22.5    201.2    125.8
  147 0.900  4000   125   125     0     0     0     0   40.5   42.1   42.1   40.5   40.5   40.5   40.5   0.00   0.00   0.00   0.00   0.00   1.5   0.6   0.0    14.638    22.708   477.117    35.037 33590.297     0.000    258.4    123.6      1.1     14.0    117.3     76.4
  148 0.900  4000   150     0   150     0     0     0   40.5   41.7   40.5   41.7   40.5   40.5   40.5   0.00   0.00   0.00   0.00   0.00   1.7   0.2   0.2    15.490    14.905   249.866    34.110 35812.004     0.000    305.2    144.7      1.4     14.9    146.8     86.8
  149 0.900  4000   187   124    62     0     0     0   40.5   41.8   41.7   42.0   40.5   40.5   40.5   0.00   0.00   0.00   0.00   0.00   2.2   0.3   0.2    19.467    19.379   334.601    43.090 44984.715     0.000    381.4    180.9      1.7     18.8    182.8    108.7
  150 0.100  4000   150     0   150     0     0     0    4.5   12.0    4.5   12.0    4.5    4.5    4.5   0.00   0.00   0.00   0.00   0.00   0.5   0.3   0.3     3.143    15.023   364.507     7.730  6824.698     0.000     87.3     39.7      0.2      3.3     49.2     20.5
  151 0.100  4000   187   124    62     0     0     0    4.5   12.7   12.3   13.6    4.5    4.5    4.5   0.00   0.00   0.00   0.00   0.00   0.7   0.4   0.3     3.275     6.877   143.670     6.347  7433.841     0.000    116.2     52.4      0.2      4.0     67.9     26.0
  152 0.100  4000    50     0    50     0     0     0    4.5    5.6    4.5    5.6    4.5    4.5    4.5   0.00   0.00   0.00   0.00   0.00   0.1   0.0   0.0     2.587    32.057   833.275     9.847  4830.970     0.000     13.8      6.4      0.0      0.6      7.0      3.7
  153 0.100  4000     0     0     0     0     0     0    4.5    4.5    4.5    4.5    4.5    4.5    4.5   0.00   0.00   0.00   0.00   0.00   0.0   0.0   0.0     0.000     0.000     0.000     0.000     0.000     0.000      0.0      0.0      0.0      0.0      0.0      0.0
  154 0.400  4000    50     0    50     0     0     0   18.0   18.2   18.0   18.2   18.0   18.0   18.0   0.00   0.00   0.00   0.00   0.00   0.3   0.1   0.0     2.841     9.161   213.262     7.493  6345.226     0.000     44.4     21.1      0.2      2.2     21.2     12.7
  155 0.400  4000     0     0     0     0     0     0   18.0   18.0   18.0   18.0   18.0   18.0   18.0   0.00   0.00   0.00   0.00   0.00   0.0   0.0   0.0     0.000     0.000     0.000     0.000     0.000     0.000      0.0      0.0      0.0      0.0      0.0      0.0
  156 0.300  4000    50     0    50     0     0     0   13.5   13.6   13.5   13.6   13.5   13.5   13.5   0.00   0.00   0.00   0.00   0.00   0.2   0.0   0.0     1.765     1.503    23.729     3.849  4087.640     0.000     33.4     15.8      0.2      1.6     16.1      9.5
  157 0.300  4000     0     0     0     0     0     0   13.5   13.5   13.5   13.5   13.5   13.5   13.5   0.00   0.00   0.00   0.00   0.00   0.0   0.0   0.0     0.000     0.000     0.000     0.000     0.000     0.000      0.0      0.0      0.0      0.0      0.0      0.0
  158 0.100  4000    50     0    50     0     0     0    4.5    4.5    4.5    4.5    4.5    4.5    4.5   0.00   0.00   0.00   0.00   0.00   0.1   0.0   0.0     0.583     0.483     7.919     1.367  1352.188     0.000     10.7      5.1      0.0      0.5      5.2      3.0
  159 0.100  4000     0     0     0     0     0     0    4.5    4.5    4.5    4.5    4.5    4.5    4.5   0.00   0.00   0.00   0.00   0.00   0.0   0.0   0.0     0.000     0.000     0.000     0.000     0.000     0.000      0.0      0.0      0.0      0.0      0.0      0.0
  160 0.200  4000    50     0    50     0     0     0    9.0    9.0    9.0    9.0    9.0    9.0    9.0   0.00   0.00   0.00   0.00   0.00   0.1   0.0   0.0     1.168     1.012    16.187     2.578  2703.610     0.000     22.1     10.5      0.1      1.1     10.7      6.3
  161 0.200  4000     0     0     0     0     0     0    9.0    9.0    9.0    9.0    9.0    9.0    9.0   0.00   0.00   0.00   0.00   0.00   0.0   0.0   0.0     0.000     0.000     0.000     0.000     0.000     0.000      0.0      0.0      0.0      0.0      0.0      0.0
  162 0.100  4000    50     0    50     0     0     0    4.5    4.8    4.5    4.8    4.5    4.5    4.5   0.00   0.00   0.00   0.00   0.00   0.1   0.0   0.1     0.667     1.534    39.072     1.908  1499.183     0.000     12.0      5.7      0.1      0.6      5.6      3.5
  163 0.100  4000     0     0     0     0     0     0    4.5    4.5    4.5    4.5    4.5    4.5    4.5   0.00   0.00   0.00   0.00   0.00   0.0   0.0   0.0     0.000     0.000     0.000     0.000     0.000     0.000      0.0      0.0      0.0      0.0      0.0      0.0
  164 0.300  4000    50     0    50     0     0     0   13.5   14.6   13.5   14.6   13.5   13.5   13.5   0.00   0.00   0.00   0.00   0.00   0.2   0.0   0.2     2.077     8.444   207.439     5.657  4553.936     0.000     35.7     17.1      0.2      1.9     16.1     10.6
  165 0.300  4000     0     0     0     0     0     0   13.5   13.5   13.5   13.5   13.5   13.5   13.5   0.00   0.00   0.00   0.00   0.00   0.0   0.0   0.0     0.000     0.000     0.000     0.000     0.000     0.000      0.0      0.0      0.0      0.0      0.0      0.0
  166 0.400  4000     0     0     0     0     0     0   18.0   18.0   18.0   18.0   18.0   18.0   18.0   0.00   0.00   0.00   0.00   0.00   0.0   0.0   0.0     0.000     0.000     0.000     0.000     0.000     0.000      0.0      0.0      0.0      0.0      0.0      0.0
  167 0.400  4000     0     0     0     0     0     0   18.0   18.0   18.0   18.0   18.0   18.0   18.0   0.00   0.00   0.00   0.00   0.00   0.0   0.0   0.0     0.000     0.000     0.000     0.000     0.000     0.000      0.0      0.0      0.0      0.0      0.0      0.0
  168 0.100  4000     0     0     0     0     0     0    4.5    4.5    4.5    4.5    4.5    4.5    4.5   0.00   0.00   0.00   0.00   0.00   0.0   0.0   0.0     0.000     0.000     0.000     0.000     0.000     0.000      0.0      0.0      0.0      0.0      0.0      0.0
  169 0.100  4000     0     0     0     0     0     0    4.5    4.5    4.5    4.5    4.5    4.5    4.5   0.00   0.00   0.00   0.00   0.00   0.0   0.0   0.0     0.000     0.000     0.000     0.000     0.000     0.000      0.0      0.0      0.0      0.0      0.0      0.0
  170 0.100  4000   112     0    87    24     0     0    4.5    5.7    4.5    5.7    5.7    4.5    4.5   0.00   0.00   0.00   0.00   0.00   0.2   0.1   0.0     5.695    66.948  1755.502    22.011 10729.226     0.000     31.2     14.4      0.1      1.3     16.4      8.0
  171 0.100  4000     0     0     0     0     0     0    4.5    4.5    4.5    4.5    4.5    4.5    4.5   0.00   0.00   0.00   0.00   0.00   0.0   0.0   0.0     0.000     0.000     0.000     0.000     0.000     0.000      0.0      0.0      0.0      0.0      0.0      0.0
  172 0.900  4000   112     0    87    24     0     0   40.5   41.4   40.5   41.5   41.2   40.5   40.5   0.00   0.00   0.00   0.00   0.00   1.3   0.3   0.0    12.902    22.832   491.838    30.684 29470.578     0.000    226.7    107.9      1.0     11.6    106.3     65.6
  173 0.900  4000     0     0     0     0     0     0   40.5   40.5   40.5   40.5   40.5   40.5   40.5   0.00   0.00   0.00   0.00   0.00   0.0   0.0   0.0     0.000     0.000     0.000     0.000     0.000     0.000      0.0      0.0      0.0      0.0      0.0      0.0
  174 0.900  4000    50     0    50     0     0     0   40.5   41.5   40.5   41.5   40.5   40.5   40.5   0.00   0.00   0.00   0.00   0.00   0.6   0.0   0.2     5.117     5.013    82.620    11.149 11821.896     0.000    100.9     47.8      0.5      4.9     48.8     28.6
  175 0.900  4000     0     0     0     0     0     0   40.5   40.5   40.5   40.5   40.5   40.5   40.5   0.00   0.00   0.00   0.00   0.00   0.0   0.0   0.0     0.000     0.000     0.000     0.000     0.000     0.000      0.0      0.0      0.0      0.0      0.0      0.0
  176 0.100  4000    50     0    50     0     0     0    4.5   16.5    4.5   16.5    4.5    4.5    4.5   0.00   0.00   0.00   0.00   0.00   0.2   0.2   0.4     1.064     3.806    86.202     2.008  2362.954     0.000     40.2     17.4      0.1      0.9     28.2      6.5
  177 0.100  4000     0     0     0     0     0     0    4.5    4.5    4.5    4.5    4.5    4.5    4.5   0.00   0.00   0.00   0.00   0.00   0.0   0.0   0.0     0.000     0.000     0.000     0.000     0.000     0.000      0.0      0.0      0.0      0.0      0.0      0.0
  178 0.100  4000    50     0    50     0     0     0    4.5    5.7    4.5    5.7    4.5    4.5    4.5   0.00   0.00   0.00   0.00   0.00   0.1   0.0   0.0     2.635    31.738   831.927    10.126  4936.340     0.000     13.7      6.3      0.0      0.6      7.2      3.5
  179 0.100  4000     0     0     0     0     0     0    4.5    4.5    4.5    4.5    4.5    4.5    4.5   0.00   0.00   0.00   0.00   0.00   0.0   0.0   0.0     0.000     0.000     0.000     0.000     0.000     0.000      0.0      0.0      0.0      0.0      0.0      0.0
  180 0.400  4000    50     0    50     0     0     0   18.0   18.2   18.0   18.2   18.0   18.0   18.0   0.00   0.00   0.00   0.00   0.00   0.3   0.1   0.0     2.801     8.163   190.031     7.386  6291.962     0.000     44.6     21.2      0.2      2.2     21.2     12.8
  181 0.400  4000     0     0     0     0     0     0   18.0   18.0   18.0   18.0   18.0   18.0   18.0   0.00   0.00   0.00   0.00   0.00   0.0   0.0   0.0     0.000     0.000     0.000     0.000     0.000     0.000      0.0      0.0      0.0      0.0      0.0      0.0
  182 0.300  4000    75     0    75     0     0     0   13.5   14.4   13.5   14.4   13.5   13.5   13.5   0.00   0.00   0.00   0.00   0.00   0.3   0.1   0.0     5.137    40.691  1055.403    16.434 10498.979     0.000     53.5     25.1      0.2      2.5     26.6     14.7
  183 0.300  4000    25     0    25     0     0     0   13.5   16.1   13.5   16.1   13.5   13.5   13.5   0.00   0.00   0.00   0.00   0.00   0.1   0.0   0.0     3.287    38.395  1011.615    12.176  6233.547     0.000     19.7      9.2      0.1      0.9     10.2      5.2
  184 0.100  4000    75     0    75     0     0     0    4.5    4.5    4.5    4.5    4.5    4.5    4.5   0.00   0.00   0.00   0.00   0.00   0.1   0.0   0.0     0.903     0.745    12.293     2.143  2093.899     0.000     16.4      7.8      0.1      0.8      7.9      4.7
  185 0.100  4000    25     0    25     0     0     0    4.5    4.4    4.5    4.4    4.5    4.5    4.5   0.00   0.00   0.00   0.00   0.00   0.0   0.0   0.0     0.352     0.297     5.198     0.910   815.798     0.000      6.1      2.9      0.0      0.3      2.9      1.7
  186 0.200  4000    75     0    75     0     0     0    9.0    9.0    9.0    9.0    9.0    9.0    9.0   0.00   0.00   0.00   0.00   0.00   0.2   0.0   0.0     1.758     1.507    23.687     3.810  4070.321     0.000     33.4     15.9      0.2      1.6     16.1      9.5
  187 0.200  4000    25     0    25     0     0     0    9.0    9.0    9.0    9.0    9.0    9.0    9.0   0.00   0.00   0.00   0.00   0.00   0.1   0.0   0.0     0.567     0.504     7.793     1.176  1313.326     0.000     11.1      5.3      0.1      0.5      5.4      3.2
  188 0.100  4000    75     0    75     0     0     0    4.5    4.5    4.5    4.5    4.5    4.5    4.5   0.00   0.00   0.00   0.00   0.00   0.1   0.0   0.0     0.899     0.739    12.336     2.194  2087.673     0.000     16.3      7.7      0.1      0.8      7.9      4.6
  189 0.100  4000    25     0    25     0     0     0    4.5    4.4    4.5    4.4    4.5    4.5    4.5   0.00   0.00   0.00   0.00   0.00   0.0   0.0   0.0     0.311     0.255     4.719     0.883   722.235     0.000      5.1      2.4      0.0      0.2      2.4      1.4
  190 0.300  4000    75     0    75     0     0     0   13.5   13.7   13.5   13.7   13.5   13.5   13.5   0.00   0.00   0.00   0.00   0.00   0.3   0.1   0.1     2.578     2.376    39.544     5.757  5964.024     0.000     50.4     23.9      0.2      2.5     24.2     14.4
  191 0.300  4000    25     0    25     0     0     0   13.5   13.4   13.5   13.4   13.5   13.5   13.5   0.00   0.00   0.00   0.00   0.00   0.1   0.0   0.0     0.921     0.782    12.406     2.050  2133.390     0.000     17.1      8.1      0.1      0.8      8.3      4.8
  192 0.400  4000    50     0    50     0     0     0   18.0   18.2   18.0   18.2   18.0   18.0   18.0   0.00   0.00   0.00   0.00   0.00   0.3   0.1   0.1     2.591     3.913    95.923     6.838  5899.447     0.000     44.8     21.2      0.2      2.2     21.6     12.7
  193 0.400  4000    25     0    25     0     0     0   18.0   18.9   18.0   18.9   18.0   18.0   18.0   0.00   0.00   0.00   0.00   0.00   0.1   0.0   0.2     1.075     1.098    17.254     2.193  2482.909     0.000     23.3     11.1      0.1      1.2     11.0      6.7
  194 0.100  4000    50     0    50     0     0     0    4.5    5.6    4.5    5.6    4.5    4.5    4.5   0.00   0.00   0.00   0.00   0.00   0.1   0.0   0.0     0.625     0.537     8.410     1.429  1450.131     0.000     13.6      6.2      0.0      0.5      8.0      3.1
  195 0.100  4000    25     0    25     0     0     0    4.5   20.3    4.5   20.3    4.5    4.5    4.5   0.00   0.00   0.00   0.00   0.00   0.1   0.1   0.4     0.578     1.893    39.805     0.942  1293.362     0.000     25.1     10.6      0.0      0.4     19.6      3.0
  196 0.100  4000    50     0    50     0     0     0    4.5    4.5    4.5    4.5    4.5    4.5    4.5   0.00   0.00   0.00   0.00   0.00   0.1   0.0   0.0     0.709     2.129    51.419     1.889  1583.936     0.000     11.2      5.3      0.1      0.5      5.4      3.1
  197 0.100  4000    25     0    25     0     0     0    4.5    5.8    4.5    5.8    4.5    4.5    4.5   0.00   0.00   0.00   0.00   0.00   0.0   0.0   0.0     1.463    18.239   477.323     5.656  2722.919     0.000      7.1      3.3      0.0      0.3      3.8      1.8
  198 0.900  4000    50     0    50     0     0     0   40.5   40.7   40.5   40.7   40.5   40.5   40.5   0.00   0.00   0.00   0.00   0.00   0.6   0.1   0.0     5.317     4.988    83.031    11.678 12290.959     0.000     99.3     47.0      0.5      4.8     48.1     28.1
  199 0.900  4000    25     0    25     0     0     0   40.5   40.8   40.5   40.8   40.5   40.5   40.5   0.00   0.00   0.00   0.00   0.00   0.3   0.0   0.0     2.981     6.630   146.683     7.233  6764.139     0.000     50.7     24.1      0.2      2.5     24.4     14.4
  200 1.000  1600    25     0    25     0     0     0   60.0   70.4   60.0   70.4   60.0   60.0   60.0   0.00   0.00   0.00   0.00   0.00   0.5   0.1   0.9     3.176     3.554    62.787     4.599  7326.883     0.000    111.8     54.1      0.4      7.0     44.6     35.4
  201 1.000  1600     0     0     0     0     0     0   60.0   60.0   60.0   60.0   60.0   60.0   60.0   0.00   0.00   0.00   0.00   0.00   0.0   0.0   0.0     0.000     0.000     0.000     0.000     0.000     0.000      0.0      0.0      0.0      0.0      0.0      0.0
  202 1.000  1600     0     0     0     0     0     0   60.0   60.0   60.0   60.0   60.0   60.0   60.0   0.00   0.00   0.00   0.00   0.00   0.0   0.0   0.0     0.000     0.000     0.000     0.000     0.000     0.000      0.0      0.0      0.0      0.0      0.0      0.0
  203 1.000  1600    24     0     0    24     0     0   60.0   72.3   60.0   60.0   72.3   60.0   60.0   0.00   0.00   0.00   0.00   0.00   0.5   0.1   1.0     3.063     3.083    49.231     4.161  7082.295     0.000    111.8     53.7      0.4      6.7     47.0     34.2
  204 1.000  1600     0     0     0     0     0     0   60.0   60.0   60.0   60.0   60.0   60.0   60.0   0.00   0.00   0.00   0.00   0.00   0.0   0.0   0.0     0.000     0.000     0.000     0.000     0.000     0.000      0.0      0.0      0.0      0.0      0.0      0.0
  205 1.000  1600     0     0     0     0     0     0   60.0   60.0   60.0   60.0   60.0   60.0   60.0   0.00   0.00   0.00   0.00   0.00   0.0   0.0   0.0     0.000     0.000     0.000     0.000     0.000     0.000      0.0      0.0      0.0      0.0      0.0      0.0
  206 1.000  1600     0     0     0     0     0     0   60.0   60.0   60.0   60.0   60.0   60.0   60.0   0.00   0.00   0.00   0.00   0.00   0.0   0.0   0.0     0.000     0.000     0.000     0.000     0.000     0.000      0.0      0.0      0.0      0.0      0.0      0.0
  207 1.000  1600     0     0     0     0     0     0   60.0   60.0   60.0   60.0   60.0   60.0   60.0   0.00   0.00   0.00   0.00   0.00   0.0   0.0   0.0     0.000     0.000     0.000     0.000     0.000     0.000      0.0      0.0      0.0      0.0      0.0      0.0
  208 1.000  1600   125     0    62    62     0     0   60.0   61.8   60.0   62.0   61.6   60.0   60.0   0.00   0.00   0.00   0.00   0.00   2.2   0.1   0.1    15.056    13.226   202.788    20.546 34871.777     0.000    486.1    237.5      2.1     32.3    179.7    161.0
  209 1.000  1600    50     0    50     0     0     0   60.0   72.2   60.0   72.2   60.0   60.0   60.0   0.00   0.00   0.00   0.00   0.00   1.0   0.1   1.0     6.086     5.576    79.866     7.850 14100.790     0.000    226.1    109.9      0.9     14.5     86.6     73.4
  210 1.000  1600     0     0     0     0     0     0   60.0   60.0   60.0   60.0   60.0   60.0   60.0   0.00   0.00   0.00   0.00   0.00   0.0   0.0   0.0     0.000     0.000     0.000     0.000     0.000     0.000      0.0      0.0      0.0      0.0      0.0      0.0
  211 1.000  1600    25     0    25     0     0     0   60.0   60.1   60.0   60.1   60.0   60.0   60.0   0.00   0.00   0.00   0.00   0.00   0.4   0.0   0.1     3.024     2.702    42.380     4.228  7002.646     0.000     95.5     46.7      0.4      6.3     35.7     31.5
  212 1.000  1600    25     0    25     0     0     0   60.0   70.2   60.0   70.2   60.0   60.0   60.0   0.00   0.00   0.00   0.00   0.00   0.5   0.1   0.9     3.164     3.591    64.048     4.587  7295.867     0.000    111.3     53.6      0.4      6.8     45.6     34.6
  213 1.000  1600     0     0     0     0     0     0   60.0   60.0   60.0   60.0   60.0   60.0   60.0   0.00   0.00   0.00   0.00   0.00   0.0   0.0   0.0     0.000     0.000     0.000     0.000     0.000     0.000      0.0      0.0      0.0      0.0      0.0      0.0
  214 1.000  1600     0     0     0     0     0     0   60.0   60.0   60.0   60.0   60.0   60.0   60.0   0.00   0.00   0.00   0.00   0.00   0.0   0.0   0.0     0.000     0.000     0.000     0.000     0.000     0.000      0.0      0.0      0.0      0.0      0.0      0.0
  215 1.000  1600     0     0     0     0     0     0   60.0   60.0   60.0   60.0   60.0   60.0   60.0   0.00   0.00   0.00   0.00   0.00   0.0   0.0   0.0     0.000     0.000     0.000     0.000     0.000     0.000      0.0      0.0      0.0      0.0      0.0      0.0
  216 1.000  1600     0     0     0     0     0     0   60.0   60.0   60.0   60.0   60.0   60.0   60.0   0.00   0.00   0.00   0.00   0.00   0.0   0.0   0.0     0.000     0.000     0.000     0.000     0.000     0.000      0.0      0.0      0.0      0.0      0.0      0.0
  217 1.000  1600     0     0     0     0     0     0   60.0   60.0   60.0   60.0   60.0   60.0   60.0   0.00   0.00   0.00   0.00   0.00   0.0   0.0   0.0     0.000     0.000     0.000     0.000     0.000     0.000      0.0      0.0      0.0      0.0      0.0      0.0
  218 1.000  1600    24     0    24     0     0     0   60.0   72.9   60.0   72.9   60.0   60.0   60.0   0.00   0.00   0.00   0.00   0.00   0.5   0.1   1.0     4.317    14.339   414.903    10.494  9467.271     0.000    112.8     53.6      0.4      6.3     50.2     33.1
  219 1.000  1600     0     0     0     0     0     0   60.0   60.0   60.0   60.0   60.0   60.0   60.0   0.00   0.00   0.00   0.00   0.00   0.0   0.0   0.0     0.000     0.000     0.000     0.000     0.000     0.000      0.0      0.0      0.0      0.0      0.0      0.0
  220 1.000  1600    24     0    24     0     0     0   60.0   61.7   60.0   61.7   60.0   60.0   60.0   0.00   0.00   0.00   0.00   0.00   0.4   0.0   0.0     4.300    14.307   419.191    10.772  9421.904     0.000     95.9     46.2      0.4      5.8     39.1     29.9
  221 1.000  1600     0     0     0     0     0     0   60.0   60.0   60.0   60.0   60.0   60.0   60.0   0.00   0.00   0.00   0.00   0.00   0.0   0.0   0.0     0.000     0.000     0.000     0.000     0.000     0.000      0.0      0.0      0.0      0.0      0.0      0.0
  222 1.000  1600    25     0    25     0     0     0   60.0   72.2   60.0   72.2   60.0   60.0   60.0   0.00   0.00   0.00   0.00   0.00   0.5   0.1   0.9     4.414    14.547   421.652    10.754  9680.725     0.000    114.6     54.7      0.4      6.5     50.2     34.0
  223 1.000  1600    25     0    25     0     0     0   60.0   61.8   60.0   61.8   60.0   60.0   60.0   0.00   0.00   0.00   0.00   0.00   0.4   0.0   0.0     4.409    14.490   424.789    11.031  9665.751     0.000     98.7     47.6      0.4      6.0     40.0     30.9
 Turning movements by dir and veh class
  5400   243
    1      0    0    0    0     25    0    0   25      0    0    0    0      0    0    0    0      0    0    0    0
    2      0    0    0    0     24    0    0   24      0    0    0    0      0    0    0    0      0    0    0    0
    3      0    0    0    0      0   50    0   50      0    0    0    0      0    0    0    0      0    0    0    0
    4      0    0    0    0      0    0    0    0      0    0   24   24      0    0    0    0      0    0    0    0
    5      0    0    0    0      0   50    0   50      0    0    0    0      0    0    0    0      0    0    0    0
    6      0    0    0    0      0    0   24   24      0    0    0    0      0    0    0    0      0    0    0    0
    7      0    0    0    0      0   50    0   50      0    0    0    0      0    0    0    0      0    0    0    0
    8      0    0    0    0      0   50    0   50      0    0    0    0      0    0    0    0      0    0    0    0
   10      0 1166    0 1166      0    0    0    0      0    0    0    0      0    0    0    0      0    0    0    0
   11      0 1166    0 1166      0    0    0    0      0    0    0    0      0    0    0    0      0    0    0    0
   12      0 1166    0 1166      0    0    0    0      0    0    0    0      0    0    0    0      0    0    0    0
   13      0 1166    0 1166      0    0    0    0      0    0    0    0      0    0    0    0      0    0    0    0
   14      0 1166    0 1166      0    0    0    0      0    0    0    0      0    0    0    0      0    0    0    0
   15      0  925    0  925      0    0    0    0      0    0    0    0      0  780    0  780      0  386    0  386
   16      0 1166    0 1166      0    0    0    0      0    0    0    0      0    0    0    0      0    0    0    0
   17      0  925    0  925      0    0    0    0      0    0    0    0      0  780    0  780      0  386    0  386
   18      0 1166    0 1166      0    0    0    0      0    0    0    0      0    0    0    0      0    0    0    0
   19      0  925    0  925      0    0    0    0      0    0    0    0      0  780    0  780      0  386    0  386
   20      0 1166    0 1166      0    0    0    0      0    0    0    0      0    0    0    0      0    0    0    0
   21      0  925    0  925      0    0    0    0      0    0    0    0      0  780    0  780      0  386    0  386
   22      0 1166    0 1166      0    0    0    0      0    0    0    0      0    0    0    0      0    0    0    0
   23      0  925    0  925      0    0    0    0      0    0    0    0      0  780    0  780      0  386    0  386
   24      0 1166    0 1166      0    0    0    0      0    0    0    0      0    0    0    0      0    0    0    0
   25      0  925    0  925      0    0    0    0      0    0    0    0      0  780    0  780      0  386    0  386
   26      0 1166    0 1166      0    0    0    0      0    0    0    0      0    0    0    0      0    0    0    0
   27      0  925    0  925      0    0    0    0      0    0    0    0      0  780    0  780      0  386    0  386
   28      0 1166    0 1166      0    0    0    0      0    0    0    0      0    0    0    0      0    0    0    0
   29      0  925    0  925      0    0    0    0      0    0    0    0      0  780    0  780      0  386    0  386
   30      0 1166    0 1166      0    0    0    0      0    0    0    0      0    0    0    0      0    0    0    0
   31      0  925    0  925      0    0    0    0      0    0    0    0      0  780    0  780      0  386    0  386
   32      0  925    0  925      0    0    0    0      0    0    0    0      0  780    0  780      0  386    0  386
   33      0  925    0  925      0    0    0    0      0    0    0    0      0  780    0  780      0  386    0  386
   34      0  925    0  925      0    0    0    0      0    0    0    0      0  780    0  780      0  386    0  386
   35      0  925    0  925      0    0    0    0      0    0    0    0      0  780    0  780      0  386    0  386
   50      0    0    0    0      0    0    0    0      0    0    0    0      0    0    0    0      0    0    0    0
   51      0    0    0    0      0    0    0    0      0    0    0    0      0    0    0    0      0    0    0    0
   52      0    0    0    0      0    0    0    0      0    0    0    0      0    0    0    0      0    0    0    0
   53      0    0    0    0      0    0    0    0      0    0    0    0      0    0    0    0      0    0    0    0
   54      0    0    0    0      0    0    0    0      0    0    0    0      0    0    0    0      0    0    0    0
   55      0    0    0    0      0    0    0    0      0    0    0    0      0    0    0    0      0    0    0    0
   56      0    0    0    0      0    0    0    0      0    0    0    0      0    0    0    0      0    0    0    0
   57      0    0    0    0      0    0    0    0      0    0    0    0      0    0    0    0      0    0    0    0
   58      0    0    0    0      0    0    0    0      0    0    0    0      0    0    0    0      0    0    0    0
   59      0    0    0    0      0    0    0    0      0    0    0    0      0    0    0    0      0    0    0    0
   60      0    0    0    0      0    0    0    0      0    0    0    0      0    0    0    0      0    0    0    0
   61      0    0    0    0      0    0    0    0      0    0    0    0      0    0    0    0      0    0    0    0
   62      0    0    0    0      0    0    0    0      0    0    0    0      0    0    0    0      0    0    0    0
   63      0    0    0    0      0    0    0    0      0    0    0    0      0    0    0    0      0    0    0    0
   64      0    0    0    0      0    0    0    0      0    0    0    0      0    0    0    0      0    0    0    0
   65      0    0    0    0      0    0    0    0      0    0    0    0      0    0    0    0      0    0    0    0
   66      0    0    0    0      0    0    0    0      0    0    0    0      0    0    0    0      0    0    0    0
   67      0    0    0    0      0    0    0    0      0    0    0    0      0    0    0    0      0    0    0    0
   68      0    0    0    0      0    0    0    0      0    0    0    0      0    0    0    0      0    0    0    0
   69      0    0    0    0      0    0    0    0      0    0    0    0      0    0    0    0      0    0    0    0
   70      0    0    0    0      0    0    0    0      0    0    0    0      0    0    0    0      0    0    0    0
   71      0    0    0    0      0    0    0    0      0    0    0    0      0    0    0    0      0    0    0    0
   72      0    0    0    0      0    0    0    0      0    0    0    0      0    0    0    0      0    0    0    0
   73      0    0    0    0      0    0    0    0      0    0    0    0      0    0    0    0      0    0    0    0
   74      0    0    0    0      0   50    0   50      0    0    0    0      0    0    0    0      0    0    0    0
   75      0    0    0    0      0   50    0   50      0    0    0    0      0    0    0    0      0    0    0    0
   76      0    0    0    0      0   50    0   50      0    0    0    0      0    0    0    0      0    0    0    0
   77      0    0    0    0      0   50    0   50      0    0    0    0      0    0    0    0      0    0    0    0
   78      0    0    0    0      0   74    0   74      0    0    0    0      0    0    0    0      0    0    0    0
   79      0  125    0  125      0   62    0   62      0   62    0   62      0    0    0    0      0    0    0    0
   80      0    0    0    0      0   50   24   74      0    0    0    0      0    0    0    0      0    0    0    0
   81      0  125    0  125     62    0    0   62      0    0   62   62      0    0    0    0      0    0    0    0
   82      0  124    0  124      0  112    0  112      0    0    0    0      0    0    0    0      0    0    0    0
   83      0  125    0  125      0   62    0   62      0   24    0   24      0    0    0    0      0    0    0    0
   84      0  124    0  124     50   62    0  112      0    0    0    0      0    0    0    0      0    0    0    0
   85      0  125    0  125      0   62    0   62      0   24    0   24      0    0    0    0      0    0    0    0
   86      0  124    0  124      0   62    0   62      0   24    0   24      0    0    0    0      0    0    0    0
   87      0  125    0  125      0   62    0   62      0   24    0   24      0    0    0    0      0    0    0    0
   88      0  124    0  124     62    0    0   62      0    0   24   24      0    0    0    0      0    0    0    0
   89      0  125    0  125     62    0    0   62     24    0    0   24      0    0    0    0      0    0    0    0
   90      0  124    0  124      0   62    0   62      0   62    0   62      0    0    0    0      0    0    0    0
   91      0  125    0  125      0    0    0    0      0    0    0    0      0    0    0    0      0    0    0    0
   92      0  124    0  124      0   62    0   62      0   62    0   62      0    0    0    0      0    0    0    0
   93      0  125    0  125      0    0    0    0      0    0    0    0      0    0    0    0      0    0    0    0
   94      0  125    0  125      0    0    0    0      0    0    0    0      0    0    0    0      0    0    0    0
   95      0  125    0  125      0    0    0    0      0    0    0    0      0    0    0    0      0    0    0    0
   96      0  125    0  125      0    0    0    0      0    0    0    0      0    0    0    0      0    0    0    0
   97      0  125    0  125      0    0    0    0      0    0    0    0      0    0    0    0      0    0    0    0
   98      0    0    0    0      0   50    0   50      0    0    0    0      0    0    0    0      0    0    0    0
   99      0    0    0    0      0   50    0   50      0    0    0    0      0    0    0    0      0    0    0    0
  100      0    0    0    0      0   50    0   50      0    0    0    0      0    0    0    0      0    0    0    0
  101      0    0    0    0      0    0   50   50      0    0    0    0      0    0    0    0      0    0    0    0
  102      0    0    0    0      0    0    0    0      0    0    0    0      0    0    0    0      0    0    0    0
  103      0    0    0    0      0   62    0   62      0    0    0    0      0    0    0    0      0    0    0    0
  104      0    0    0    0      0    0    0    0      0    0    0    0      0    0    0    0      0    0    0    0
  105      0    0    0    0     62    0    0   62      0    0    0    0      0    0    0    0      0    0    0    0
  106      0    0    0    0      0   50    0   50      0    0    0    0      0    0    0    0      0    0    0    0
  107      0    0    0    0      0   50    0   50      0    0    0    0      0    0    0    0      0    0    0    0
  108      0    0    0    0      0   50    0   50      0    0    0    0      0    0    0    0      0    0    0    0
  109      0    0    0    0     50    0    0   50      0    0    0    0      0    0    0    0      0    0    0    0
  110      0    0    0    0      0   50    0   50      0    0    0    0      0    0    0    0      0    0    0    0
  111      0    0    0    0      0    0    0    0      0    0    0    0      0    0    0    0      0    0    0    0
  112      0    0    0    0      0   50    0   50      0    0    0    0      0    0    0    0      0    0    0    0
  113      0    0    0    0      0    0    0    0      0    0    0    0      0    0    0    0      0    0    0    0
  114      0    0    0    0      0   50    0   50      0    0    0    0      0    0    0    0      0    0    0    0
  115      0    0    0    0      0   50    0   50      0    0    0    0      0    0    0    0      0    0    0    0
  116      0    0    0    0      0   50    0   50      0    0    0    0      0    0    0    0      0    0    0    0
  117      0    0    0    0      0   50    0   50      0    0    0    0      0    0    0    0      0    0    0    0
  118      0    0    0    0      0   50    0   50      0    0    0    0      0    0    0    0      0    0    0    0
  119      0    0    0    0      0   50    0   50      0    0    0    0      0    0    0    0      0    0    0    0
  120      0    0    0    0      0   50    0   50      0    0    0    0      0    0    0    0      0    0    0    0
  121      0    0    0    0      0   50    0   50      0    0    0    0      0    0    0    0      0    0    0    0
  122      0  125    0  125      0   50    0   50      0    0    0    0      0    0    0    0      0    0    0    0
  123      0  125    0  125      0   62    0   62      0   62    0   62      0    0    0    0      0    0    0    0
  124      0  125    0  125      0    0   50   50      0    0    0    0      0    0    0    0      0    0    0    0
  125      0  125    0  125     62    0    0   62      0    0   62   62      0    0    0    0      0    0    0    0
  126      0  125    0  125      0   62    0   62      0    0    0    0      0    0    0    0      0    0    0    0
  127      0  125    0  125      0   62    0   62      0   62    0   62      0    0    0    0      0    0    0    0
  128      0  125    0  125      0   62    0   62      0    0    0    0      0    0    0    0      0    0    0    0
  129      0  125    0  125      0    0   62   62      0    0   62   62      0    0    0    0      0    0    0    0
  130      0  125    0  125      0   62    0   62      0    0    0    0      0    0    0    0      0    0    0    0
  131      0  125    0  125      0    0    0    0      0    0    0    0      0    0    0    0      0    0    0    0
  132      0  125    0  125      0   62    0   62      0    0    0    0      0    0    0    0      0    0    0    0
  133      0  125    0  125      0    0    0    0      0    0    0    0      0    0    0    0      0    0    0    0
  134      0  125    0  125      0   62    0   62      0    0    0    0      0    0    0    0      0    0    0    0
  135      0  125    0  125      0    0    0    0      0    0    0    0      0    0    0    0      0    0    0    0
  136      0  125    0  125      0   62    0   62      0    0    0    0      0    0    0    0      0    0    0    0
  137      0  125    0  125      0    0    0    0      0    0    0    0      0    0    0    0      0    0    0    0
  138      0  125    0  125      0   62    0   62      0    0    0    0      0    0    0    0      0    0    0    0
  139      0  125    0  125      0    0    0    0      0    0    0    0      0    0    0    0      0    0    0    0
  140      0  125    0  125      0   62    0   62      0   24    0   24      0    0    0    0      0    0    0    0
  141      0  125    0  125      0    0    0    0      0    0    0    0      0    0    0    0      0    0    0    0
  142      0  125    0  125     62    0    0   62      0    0   24   24      0    0    0    0      0    0    0    0
  143      0  125    0  125      0    0    0    0      0    0    0    0      0    0    0    0      0    0    0    0
  144      0  125    0  125      0   62    0   62      0   24    0   24      0    0    0    0      0    0    0    0
  145      0  125    0  125      0    0    0    0      0    0    0    0      0    0    0    0      0    0    0    0
  146      0  125    0  125      0   62    0   62      0   24    0   24      0    0    0    0      0    0    0    0
  147      0  125    0  125      0    0    0    0      0    0    0    0      0    0    0    0      0    0    0    0
  148      0    0    0    0      0  150    0  150      0    0    0    0      0    0    0    0      0    0    0    0
  149      0  124    0  124      0   62    0   62      0    0    0    0      0    0    0    0      0    0    0    0
  150      0    0    0    0     50   50   50  150      0    0    0    0      0    0    0    0      0    0    0    0
  151      0    0  124  124      0    0   62   62      0    0    0    0      0    0    0    0      0    0    0    0
  152      0    0    0    0      0   50    0   50      0    0    0    0      0    0    0    0      0    0    0    0
  153      0    0    0    0      0    0    0    0      0    0    0    0      0    0    0    0      0    0    0    0
  154      0    0    0    0      0   50    0   50      0    0    0    0      0    0    0    0      0    0    0    0
  155      0    0    0    0      0    0    0    0      0    0    0    0      0    0    0    0      0    0    0    0
  156      0    0    0    0      0   50    0   50      0    0    0    0      0    0    0    0      0    0    0    0
  157      0    0    0    0      0    0    0    0      0    0    0    0      0    0    0    0      0    0    0    0
  158      0    0    0    0      0   50    0   50      0    0    0    0      0    0    0    0      0    0    0    0
  159      0    0    0    0      0    0    0    0      0    0    0    0      0    0    0    0      0    0    0    0
  160      0    0    0    0      0   50    0   50      0    0    0    0      0    0    0    0      0    0    0    0
  161      0    0    0    0      0    0    0    0      0    0    0    0      0    0    0    0      0    0    0    0
  162      0    0    0    0      0   50    0   50      0    0    0    0      0    0    0    0      0    0    0    0
  163      0    0    0    0      0    0    0    0      0    0    0    0      0    0    0    0      0    0    0    0
  164      0    0    0    0      0    0   50   50      0    0    0    0      0    0    0    0      0    0    0    0
  165      0    0    0    0      0    0    0    0      0    0    0    0      0    0    0    0      0    0    0    0
  166      0    0    0    0      0    0    0    0      0    0    0    0      0    0    0    0      0    0    0    0
  167      0    0    0    0      0    0    0    0      0    0    0    0      0    0    0    0      0    0    0    0
  168      0    0    0    0      0    0    0    0      0    0    0    0      0    0    0    0      0    0    0    0
  169      0    0    0    0      0    0    0    0      0    0    0    0      0    0    0    0      0    0    0    0
  170      0    0    0    0      0   87    0   87      0   24    0   24      0    0    0    0      0    0    0    0
  171      0    0    0    0      0    0    0    0      0    0    0    0      0    0    0    0      0    0    0    0
  172      0    0    0    0      0   87    0   87      0   24    0   24      0    0    0    0      0    0    0    0
  173      0    0    0    0      0    0    0    0      0    0    0    0      0    0    0    0      0    0    0    0
  174      0    0    0    0      0   50    0   50      0    0    0    0      0    0    0    0      0    0    0    0
  175      0    0    0    0      0    0    0    0      0    0    0    0      0    0    0    0      0    0    0    0
  176      0    0    0    0      0   50    0   50      0    0    0    0      0    0    0    0      0    0    0    0
  177      0    0    0    0      0    0    0    0      0    0    0    0      0    0    0    0      0    0    0    0
  178      0    0    0    0      0   50    0   50      0    0    0    0      0    0    0    0      0    0    0    0
  179      0    0    0    0      0    0    0    0      0    0    0    0      0    0    0    0      0    0    0    0
  180      0    0    0    0      0   50    0   50      0    0    0    0      0    0    0    0      0    0    0    0
  181      0    0    0    0      0    0    0    0      0    0    0    0      0    0    0    0      0    0    0    0
  182      0    0    0    0      0   75    0   75      0    0    0    0      0    0    0    0      0    0    0    0
  183      0    0    0    0      0   25    0   25      0    0    0    0      0    0    0    0      0    0    0    0
  184      0    0    0    0      0   75    0   75      0    0    0    0      0    0    0    0      0    0    0    0
  185      0    0    0    0      0   25    0   25      0    0    0    0      0    0    0    0      0    0    0    0
  186      0    0    0    0      0   75    0   75      0    0    0    0      0    0    0    0      0    0    0    0
  187      0    0    0    0      0   25    0   25      0    0    0    0      0    0    0    0      0    0    0    0
  188      0    0    0    0      0   75    0   75      0    0    0    0      0    0    0    0      0    0    0    0
  189      0    0    0    0      0   25    0   25      0    0    0    0      0    0    0    0      0    0    0    0
  190      0    0    0    0      0   50   25   75      0    0    0    0      0    0    0    0      0    0    0    0
  191      0    0    0    0      0   25    0   25      0    0    0    0      0    0    0    0      0    0    0    0
  192      0    0    0    0      0   50    0   50      0    0    0    0      0    0    0    0      0    0    0    0
  193      0    0    0    0      0   25    0   25      0    0    0    0      0    0    0    0      0    0    0    0
  194      0    0    0    0      0   50    0   50      0    0    0    0      0    0    0    0      0    0    0    0
  195      0    0    0    0      0   25    0   25      0    0    0    0      0    0    0    0      0    0    0    0
  196      0    0    0    0      0   50    0   50      0    0    0    0      0    0    0    0      0    0    0    0
  197      0    0    0    0      0   25    0   25      0    0    0    0      0    0    0    0      0    0    0    0
  198      0    0    0    0      0   50    0   50      0    0    0    0      0    0    0    0      0    0    0    0
  199      0    0    0    0      0   25    0   25      0    0    0    0      0    0    0    0      0    0    0    0
  200      0    0    0    0     25    0    0   25      0    0    0    0      0    0    0    0      0    0    0    0
  201      0    0    0    0      0    0    0    0      0    0    0    0      0    0    0    0      0    0    0    0
  202      0    0    0    0      0    0    0    0      0    0    0    0      0    0    0    0      0    0    0    0
  203      0    0    0    0      0    0    0    0     24    0    0   24      0    0    0    0      0    0    0    0
  204      0    0    0    0      0    0    0    0      0    0    0    0      0    0    0    0      0    0    0    0
  205      0    0    0    0      0    0    0    0      0    0    0    0      0    0    0    0      0    0    0    0
  206      0    0    0    0      0    0    0    0      0    0    0    0      0    0    0    0      0    0    0    0
  207      0    0    0    0      0    0    0    0      0    0    0    0      0    0    0    0      0    0    0    0
  208      0    0    0    0      0   62    0   62      0   62    0   62      0    0    0    0      0    0    0    0
  209      0    0    0    0     50    0    0   50      0    0    0    0      0    0    0    0      0    0    0    0
  210      0    0    0    0      0    0    0    0      0    0    0    0      0    0    0    0      0    0    0    0
  211      0    0    0    0      0   25    0   25      0    0    0    0      0    0    0    0      0    0    0    0
  212      0    0    0    0      0    0   25   25      0    0    0    0      0    0    0    0      0    0    0    0
  213      0    0    0    0      0    0    0    0      0    0    0    0      0    0    0    0      0    0    0    0
  214      0    0    0    0      0    0    0    0      0    0    0    0      0    0    0    0      0    0    0    0
  215      0    0    0    0      0    0    0    0      0    0    0    0      0    0    0    0      0    0    0    0
  216      0    0    0    0      0    0    0    0      0    0    0    0      0    0    0    0      0    0    0    0
  217      0    0    0    0      0    0    0    0      0    0    0    0      0    0    0    0      0    0    0    0
  218      0    0    0    0      0   24    0   24      0    0    0    0      0    0    0    0      0    0    0    0
  219      0    0    0    0      0    0    0    0      0    0    0    0      0    0    0    0      0    0    0    0
  220      0    0    0    0      0   24    0   24      0    0    0    0      0    0    0    0      0    0    0    0
  221      0    0    0    0      0    0    0    0      0    0    0    0      0    0    0    0      0    0    0    0
  222      0    0    0    0      0   25    0   25      0    0    0    0      0    0    0    0      0    0    0    0
  223      0    0    0    0      0   25    0   25      0    0    0    0      0    0    0    0      0    0    0    0
  224      0    0    0    0     24    0    0   24      0    0    0    0      0    0    0    0      0    0    0    0
  225      0    0    0    0     50    0    0   50      0    0    0    0      0    0    0    0      0    0    0    0
  226      0    0    0    0      0    0    0    0      0    0    0    0      0    0    0    0      0    0    0    0
  227      0    0    0    0      0    0    0    0      0    0    0    0      0    0    0    0      0    0    0    0
  228      0    0    0    0      0    0    0    0     24    0    0   24      0    0    0    0      0    0    0    0
  229      0    0    0    0      0    0    0    0      0    0    0    0      0    0    0    0      0    0    0    0
  230      0    0    0    0     50    0    0   50      0    0    0    0      0    0    0    0      0    0    0    0
  231      0    0    0    0      0    0    0    0      0    0    0    0      0    0    0    0      0    0    0    0
  232      0    0    0    0      0    0   25   25      0    0    0    0      0    0    0    0      0    0    0    0
  233      0    0    0    0      0    0    0    0      0    0    0    0      0    0    0    0      0    0    0    0
  234      0    0    0    0      0    0    0    0      0    0    0    0      0    0    0    0      0    0    0    0
  235      0    0    0    0      0    0    0    0      0    0    0    0      0    0    0    0      0    0    0    0
  236      0    0    0    0     50    0    0   50      0    0    0    0      0    0    0    0      0    0    0    0
  237      0    0    0    0      0    0    0    0      0    0    0    0      0    0    0    0      0    0    0    0
  238      0    0    0    0     24    0    0   24      0    0    0    0      0    0    0    0      0    0    0    0
  239      0    0    0    0      0    0    0    0      0    0    0    0      0    0    0    0      0    0    0    0
  240      0    0    0    0      0    0    0    0      0    0    0    0      0    0    0    0      0    0    0    0
  241      0    0    0    0      0    0    0    0      0    0    0    0      0    0    0    0      0    0    0    0
  242      0    0    0    0      0    0    0    0      0    0    0    0      0    0    0    0      0    0    0    0
  243      0    0    0    0      0    0   50   50      0    0    0    0      0    0    0    0      0    0    0    0
