INET Master File                                                                                                                                                                                                                                                                                            
 Total Statistics: 
  1       3889.00       1088.00        261.00       1171.00        579.00       6988.00     - vehicle trips                    
  2       3889.00       1088.00        261.00       1171.00        579.00       6988.00     - person trips                     
  3      31897.90       4244.21        800.13      10519.66       5201.41      52663.30     - vehicle-km                       
  4      31897.90       4244.21        800.13      10519.66       5201.41      52663.30     - person-km                        
  5      10069.24       1425.57        282.23       7754.49       3813.42      23344.94     - vehicle-stops                    
  6    1348214.00     230804.52      43822.08     486769.59     240533.98    2350144.25     - vehicle-secs                     
  7    1348214.00     230804.52      43822.08     486769.59     240533.98    2350144.25     - person-secs                      
  8     169077.23      28831.96       5455.83     109386.44      53919.92     366671.38     - total delay                      
  9      20312.98       9694.80       1401.90       4828.00       2468.60      38706.28     - stopped delay                    
 10     148764.50      19137.14       4053.93     104558.48      51451.34     327965.38     - accel/decel delay                
 11 1156676220.00   31399926.00    5866822.50  989672064.00  479078272.00 2662693380.00     - accel-noise                      
 12       3623.79        414.66         79.73       1669.73        824.07       6611.98     - fuel (l)                         
 13      18620.54       1388.86        298.73      14143.68       6977.90      41429.71     - HC (g)                           
 14     454499.44      34017.81       7376.95     352675.84     173898.12    1022468.19     - CO (g)                           
 15      12106.25       1023.35        196.32       5858.96       2889.87      22074.75     - NOx (g)                          
 16    7771229.50     919486.00     175679.80    3363243.25    1660165.88   13889804.00     - CO2 (g)                          
 17          0.00          0.00          0.00          0.00          0.00          0.00     - PM (g)                           
 18      35350.16       8117.89       1761.47      12000.82       6035.87      63266.20     - crashes*10e-6                    
 19      16398.69       3840.31        834.08       5583.87       2804.44      29461.38     - injury crashes                   
 20        232.93         32.70          6.92         71.49         35.98        380.01     - fatal crashes                    
 21       1271.99        408.80         90.28        459.14        227.23       2457.43     - no damage                        
 22      17996.32       3873.67        831.73       6074.88       3073.54      31850.15     - minor damage                     
 23       9668.48       2293.54        500.63       3287.95       1644.35      17394.95     - moderate damage                  
 24          0.00          0.00          0.00          0.00          0.00          0.00     - dollars of toll                  
 
 Average Statistics: 
  1        1.0000        1.0000        1.0000        1.0000        1.0000        1.0000     - vehicle trips                    
  2        1.0000        1.0000        1.0000        1.0000        1.0000        1.0000     - person trips                     
  3        8.2021        3.9009        3.0656        8.9835        8.9834        7.5362     - vehicle-km                       
  4        8.2021        3.9009        3.0656        8.9835        8.9834        7.5362     - person-km                        
  5        2.5892        1.3103        1.0813        6.6221        6.5862        3.3407     - vehicle-stops                    
  6      346.6737      212.1365      167.9007      415.6871      415.4300      336.3114     - vehicle-secs                     
  7      346.6737      212.1365      167.9007      415.6871      415.4300      336.3114     - person-secs                      
  8       43.4758       26.5000       20.9036       93.4128       93.1259       52.4716     - total delay                      
  9        5.2232        8.9107        5.3713        4.1230        4.2636        5.5390     - stopped delay                    
 10       38.2526       17.5893       15.5323       89.2899       88.8624       46.9327     - accel/decel delay                
 11   297422.5310    28860.2266    22478.2480   845151.1880   827423.6250   381037.9690     - accel-noise                      
 12        0.9318        0.3811        0.3055        1.4259        1.4233        0.9462     - fuel (l)                         
 13        4.7880        1.2765        1.1446       12.0783       12.0516        5.9287     - HC (g)                           
 14      116.8679       31.2664       28.2642      301.1749      300.3422      146.3177     - CO (g)                           
 15        3.1129        0.9406        0.7522        5.0034        4.9911        3.1590     - NOx (g)                          
 16     1998.2590      845.1158      673.1027     2872.1121     2867.2986     1987.6652     - CO2 (g)                          
 17        0.0000        0.0000        0.0000        0.0000        0.0000        0.0000     - PM (g)                           
 18        9.0898        7.4613        6.7489       10.2483       10.4246        9.0535     - crashes*10e-6                    
 19        4.2167        3.5297        3.1957        4.7685        4.8436        4.2160     - injury crashes                   
 20        0.0599        0.0301        0.0265        0.0611        0.0621        0.0544     - fatal crashes                    
 21        0.3271        0.3757        0.3459        0.3921        0.3925        0.3517     - no damage                        
 22        4.6275        3.5604        3.1867        5.1878        5.3084        4.5578     - minor damage                     
 23        2.4861        2.1080        1.9181        2.8078        2.8400        2.4893     - moderate damage                  
 24        0.0000        0.0000        0.0000        0.0000        0.0000        0.0000     - dollars of toll                  
