  === INTEGRATION FORMATTED OUTPUT FILE ===   
 Rel. 2.40a - Small      Version - Oct. 2013
  
       Master File: QNET master file - format I                                                                                                                                                                                                                                                                                 
  
 0. Input and Output Data File Names:
     - File:  1 is: qnet1.dat                                                   
     - File:  2 is: qnet2.dat                                                   
     - File:  3 is: qnet3.dat                                                   
     - File:  4 is: qnet4.dat                                                   
     - File:  5 is: qnet5.dat                                                   
     - File:  6 is: none                                                        
     - File:  7 is: none                                                        
     - File:  8 is: none                                                        
     - File:  9 is: none                                                        
     - File: 10 is: qnet10.out                                                  
     - File: 11 is: none                                                        
     - File: 12 is: none                                                        
     - File: 13 is: none                                                        
     - File: 14 is: none                                                        
     - File: 15 is: none                                                        
     - File: 16 is: none                                                        
     - File: 17 is: none                                                        
     - File: 18 is: none                                                        
     - File: 19 is: none                                                        
     - File: 20 is: none                                                        
     - File: 21 is: none                                                        
     - File: 22 is: none                                                        
     - File: 23 is: none                                                        
     - File: 24 is: none                                                        
     - File: 25 is: none                                                        
     - File: 26 is: none                                                        
     - File: 27 is: none                                                        
     - File: 28 is: none                                                        
     - File: 29 is: none                                                        
 
     - Simulation Time   :     3600
     - Data Output Rate 1:      900
     - Data Output Rate 2:      300
     - Data Output Rate 3:        0
     - Data Output Rate 4:        0
   
      - Tree Update Interval-Method-Error 
     - vt=  1       2       0     0     1    20     2     1  0.00
     - vt=  2       2       0     0     1    20     2     1  0.00
     - vt=  3       2       0     0     1    20     2     1  0.00
     - vt=  4       2       0     0     1    20     2     1  0.00
     - vt=  5       2       0     0     1    20     2     1  0.00
   
     - Err check level 1 :        0
     - Err check level 2 :        0
     - Complete file:   0   qnet_i.int                                                  
     - QNET master file - format I                                                                                                                                                                                                                                                                                 
    
 --------------------------------------------------
    
 1. Open Node/Zone Coordinates File: 
     - QNET Node Coordinate File                                                                                                                                                                                                                                                                                   
    
   a. Node coordinate ranges:   
     - Minimum X =     0.250
     - Maximum X =     3.750
     - Minimum Y =    -0.750
     - Maximum Y =     2.750
    
   b. Network window coordinates:   
     - Minimum X =     0.075
     - Maximum X =     3.925
     - Minimum Y =    -0.925
     - Maximum Y =     2.925
  
   b. Analysis of Node Type Totals  
      - Number origin and destinations= 10
      - Number destinations only      = 0
      - Number origin only            = 0
      - Number nodes only             = 22
      - Number of invalid nodes       = 0
   
      - Number of CMS coded nodes     = 0
   
      - Number origins (total)        = 10
      - Number destinations (total)   = 10
      - Number nodes (total)          = 32
   
   c. Analysis of Min/Max Zone/Node Numbers 
      - Minimum origin     = 1
      - Minimum destination= 1
      - Maximum origin     = 10
      - Maximum destination= 10
     
     - Complete file:   1   qnet1.dat                                                   
     - QNET Node Coordinate File                                                                                                                                                                                                                                                                                   
    
 --------------------------------------------------
    
  2. Open Link Characteristics File:
     - QNET Link File                                                                                                                                                                                                                                                                                              
     - Number of links        =        68
          File 2 in 2 phases per link format 
     - Maximum link number    =        80
   
     - Number signalized links=        22
     - Number of stop signs   =        12
     - Number of yield signs  =         0
   
     - Number of HOV links    =         0
     - Links surveillanced    =        68
     - Number of banned turns =         0
     - Number of opposed links=        33
   
     - Number of dummy links  =         0
   
     
     - Complete file:   2   qnet2.dat                                                   
     - QNET Link File                                                                                                                                                                                                                                                                                              
      - Total Network Length (km)            35.4000015
      - Total Network Length (lane-km)       56.4000015
      - Number Network Vehicle Spots Needed  5632
      - Number Network Vehicle Spots Present 50000
    
 --------------------------------------------------
    
  3. Open Signal Timing File:
     - QNET Signal File                                                                                                                                                                                                                                                                                            
      - Number of signals    = 6
      - Number of plans      = 1
      - Plan duration (secs) = 3600
      - Standard Signal Format
      - Current signal plan  = 1
     
     - Complete file:   3   qnet3.dat                                                   
     - QNET Signal File                                                                                                                                                                                                                                                                                            
    
 --------------------------------------------------
    
  4. Open Origin-Destination Demand File:
     -  QNET O-D Demand File                                                  
      - Number of O-D pairs     = 46
      - O-D scale factor is     = 1.00000000
      - No Time shift applied to demands 
      - Total number of vehicles=  4700
     
     - Complete file:   4   qnet4.dat                                                   
     - QNET O-D Demand File                                                                                                                                                                                                                                                                                        
    
 --------------------------------------------------
    
  5. Open Incident Data File:
     - QNET Incident File                                                    
      - number of incidents  = 2
     
     - Complete file:   5   qnet5.dat                                                   
     - QNET Incident File                                                                                                                                                                                                                                                                                          
    
 --------------------------------------------------
    
  6. Average link flows and travel times:
     
     - Complete file:   6   none                                                        
     -                                                                                                                                                                                                                                                                                                             
    
 --------------------------------------------------
    
  7. Read Expected Future Travel Costs on Links:
     
     - Complete file:   7   none                                                        
     -                                                                                                                                                                                                                                                                                                             
 ---------------------------------------------
  12. Toll plaza - Road pricing inputs  
      - number of toll plazas or links set to 0
      
 --------------------------------------------------
  13. Macro distance customization  
      - No Macro node Distances file used
         
 ---------------------------------------------
  14. CMS Lag distance customization 
      - No CMS Lag Time file used
    
 ---------------------------------------------
  15. Accident Rate Analysis 
      - Setting default accident rates     
     
 ---------------------------------------------
  16. Bias Factor Input Processing 
     Reading bias factor customization fileqnet\biasfact.dat                                                                                                                                                                                                                                                                                                                                                       
        Error reading the bias factor file
      - Bias factors set to defaults
     
 ---------------------------------------------
  17. Antenna location input processing 
      - number of antenna set to 0 
      
 ---------------------------------------------
  18. Subnetwork Input File Processing 
      - subnetwork file not read in     
        
         
 ---------------------------------------------
  19. Platoon dispersion customization 
        - no platoon dispersion file completed
 ---------------------------------------------
  20. Lane striping customization 
     
     - Complete file:  20   none                                                        
     -                                                                                                                                                                                                                                                                                                             
 ---------------------------------------------
  20.b Lane permission calculation 
    
 ---------------------------------------------
  21. Detector location specification       
 ---------------------------------------------
  22. Bus stop  - inputs  
      - number of bus stops set to 0 
      
         
 ---------------------------------------------
  23. Ramp metering configuration 
      - No Ramp Metering  file used
 ---------------------------------------------
  24. Lane bias customization file 
  Lane Bias File:qnet\lanebias.dat                                                                                                                                                                                                                                                                                                                                                       
       - No lane bias customization opened
         
 ---------------------------------------------
  25. Wrong Turn Probability Inputs 
      - No Wrong Turn Probabilities Read in
         
 ---------------------------------------------
  26. Maximum Acceleration customization 
 Type (#)     :       1       2       3       4       5       6       7       8       9      10      11      12      13      14      15      16      17      18      19      20      21      22      23      24      25
 Mass (Kg)    :  1900.0  1220.0  1196.0  1326.0  1116.0  1483.0  1706.0  1525.0  1224.0  1558.0  1402.0  1262.0  1800.0  1591.0  1551.0  1090.0  1315.0  1823.0  1601.0  1823.0  1315.0 20411.0 31751.0 47626.0 20411.0
 Len (m)      :     4.8     4.8     4.8     4.8     4.8     4.8     4.8     4.8     4.8     4.8     4.8     4.8     4.7     5.2     4.9     4.4     4.5     4.8     4.6     5.4     4.5    16.0    16.0    16.0    12.0
 %Mass on Axle:     0.6     0.6     0.6     0.6     0.6     0.6     0.6     0.6     0.6     0.6     0.6     0.6     0.6     0.6     0.6     0.6     0.6     0.5     0.6     0.6     0.6     0.3     0.3     0.3     0.4
 Frict Coeff. :   0.500   0.500   0.500   0.500   0.500   0.500   0.500   0.500   0.500   0.500   0.500   0.500   0.500   0.500   0.500   0.500   0.500   0.500   0.500   0.500   0.500   0.500   0.500   0.500   0.500
 Power (kW)   :   119.0    85.0    82.0   109.0    79.0   109.0   106.0   102.0    86.0   157.0    99.0    85.0    97.0   127.0   119.0    78.0    97.0   113.0   142.0   142.0    97.0   336.0   261.0   261.0   336.0
 Trans Eff.   :   0.800   0.800   0.800   0.800   0.800   0.800   0.800   0.800   0.800   0.800   0.800   0.800   0.800   0.800   0.800   0.800   0.800   0.800   0.800   0.800   0.800   0.880   0.880   0.880   0.880
 Drag Coef.   :   0.340   0.340   0.340   0.340   0.340   0.340   0.340   0.340   0.340   0.340   0.340   0.340   0.340   0.310   0.360   0.340   0.340   0.300   0.450   0.320   0.300   0.580   0.580   0.580   0.780
 Front Area   :   2.730   2.730   2.730   2.730   2.730   2.730   2.730   2.730   2.730   2.730   2.730   2.730   2.470   2.640   2.440   2.280   2.300   3.210   2.960   3.620   2.300  10.700  10.700  10.700  10.700
 Roll Coef. 1 :   1.750   1.750   1.750   1.750   1.750   1.750   1.750   1.750   1.750   1.750   1.750   1.750   1.750   1.750   1.750   1.750   1.750   1.750   1.750   1.750   1.750   1.750   1.750   1.750   1.750
 Roll Coef. 2 :   0.033   0.033   0.033   0.033   0.033   0.033   0.033   0.033   0.033   0.033   0.033   0.033   0.033   0.033   0.033   0.033   0.033   0.033   0.033   0.033   0.033   0.033   0.033   0.033   0.033
 Roll Coef. 3 :   4.575   4.575   4.575   4.575   4.575   4.575   4.575   4.575   4.575   4.575   4.575   4.575   4.575   4.575   4.575   4.575   4.575   4.575   4.575   4.575   4.575   4.575   4.575   4.575   4.575
 Pedal level  :   1.000   1.000   1.000   1.000   1.000   1.000   1.000   1.000   1.000   1.000   1.000   1.000   1.000   1.000   1.000   1.000   1.000   1.000   1.000   1.000   1.000   1.000   1.000   1.000   1.000
 Gear par 11164.0001164.0001164.0001164.0001164.0001164.0001164.0001164.0001164.0001164.0001164.0001164.0001164.0001164.0001164.0001164.0001164.0001164.0001164.0001164.0001164.0001164.0001164.0001164.0001164.000
Gear par 2  -0.750  -0.750  -0.750  -0.750  -0.750  -0.750  -0.750  -0.750  -0.750  -0.750  -0.750  -0.750  -0.750  -0.750  -0.750  -0.750  -0.750  -0.750  -0.750  -0.750  -0.750  -0.750  -0.750  -0.750  -0.750
      - No Maximum Acceleration file used
 ---------------------------------------------
  27. Lane Change Data Customization 
     - Lane change parameters set to defaults 
      
 ---------------------------------------------
  28. Customization of opposing links 
      - No additional opposing links specified
      - Opposing gap global defaults 
        a. Opposing gap default size : 3.99999991E-02
        b. Opposing gap decay inter. : 1.19999993
        c. Opposing gap coef. of var.: 0.00000000E+00
        d. Correction for right turn : -0.500000000
        e. Correction for left turn  : 0.500000000
        f. Correction for stop sign  : 0.00000000E+00
        g. Correction for added lane : 0.500000000
   
         
 ---------------------------------------------
  27. Plume dispersion output file 
      Output interval: 0  secs
       - no plume dispersion file set up 
 ---------------------------------------------
  31. Max Vehicle Speed - inputs  
      - vehicle type speeds unrestricted 
      
                                               
 ----------------------------------------------
  32. Roadway LOS                              
      file: qnet\lnklos.dat                                                                                                                                                                                                                                                                                                                                                         
      - No LOS file specified        
         
 ---------------------------------------------
  34. ATIS Message Stream      
      file: qnet\atis_msg.dat                                                                                                                                                                                                                                                                                                                                                       
      - No ATIS Messages specified        
         
 ---------------------------------------------
  35. Link Grade               
      file: qnet\lnkgrade.dat                                                                                                                                                                                                                                                                                                                                                       
      - No Link Grades specified        
         
 ---------------------------------------------
  36. Instantaneous Fuel and Emissions 
      - Default fuel/emiss rates
         
 ---------------------------------------------
  41. Pedestrian Crossings        
      - No Pedestrian file used
 ---------------------------------------------
  42. Wind Heading Data        
      - no wind speed data specified     
      
    
 ---------------------------------------------
  44. Trip Generation Rates                 
  - No Trip Generation file used
 ---------------------------------------------
  34. Eco-drive file - inputs  
      - No eco-drive file input
      
 ---------------------------------------------
  34. VT-CPFM - Inputs
      - No VT-CPFM Input
      
 ---------------------------------------------
  34. Speed Harmonization Control file - inputs  
      - No SPD-HARM control file input
      
 ---------------------------------------------
  35. Eco-cruse control system - inputs  
      - No eco-cruise control file input
      
 ---------------------------------------------
  36. Q-Learning Speed Harmonization - inputs  
      - No Q-Learning speed harmonization file input
      
 ---------------------------------------------
  38. Nash Bargaining Signal Control - Inputs  
      - No Q-Learning Signal Control file input
      
 ---------------------------------------------
 101. Decomposing Macro O-Ds into Micro Departures
      - First and last od pair : 1 47
      - First/last od override : 0 999999
      - Total number of vehicles =  4700
 ---------------------------------------------
 102. Checking for presence of ATMS 1-5  
     - interact\atms1.exe                       not found 
     - interact\atms2.exe                       not found 
     - interact\atms3.exe                       not found 
     - interact\atms4.exe                       not found 
     - interact\atms5.exe                       not found 
   
 ---------------------------------------------
   
  200. Starting Minimum Path Calculations 
      - Minimum Path Trees for Vehicle Type  1
    
 --------------------------------------------------
    
  8. Checking Externally Specified Trees - File 8
   
    
 --------------------------------------------------
    
  8. Checking Externally Specified Trees - File 8
   
 
 Timing Optimization at   5. mins for Signal  5
  
        link  lane   arri satu   - y-critical -    offset cycle  lost green      green inter phase phase
 ph ln  numb  numb   flow flow   lane appr  sum      time  time  time  time      phase green start   end
(#)(#)   (#)   (#)  (vph)(vph)    (%)  (%)  (%)     (sec) (sec) (sec) (sec)      (sec) (sec) (sec) (sec)
  1  1    66     1      0 2000     0.   1.  14.      25.0  55.0   8.0  47.0       13.6   4.0   0.0  13.6
  2  1    47     1    214 2000    11.  13.  14.      25.0  55.0   8.0  47.0       33.4   4.0  17.6  51.0
  2  2    50     1    252 2000    13.  13.  14.      25.0  55.0   8.0  47.0       33.4   4.0  17.6  51.0
  
 ph    offset cycle  lost green      green inter phase phase
 ##      time  time  time  time      phase green start   end
        (sec) (sec) (sec) (sec)      (sec) (sec) (sec) (sec)
  1      25.0  55.0   8.0  47.0       13.6   4.0   0.0  13.6
  2      25.0  55.0   8.0  47.0       33.4   4.0  17.6  51.0
 
 Timing Optimization at   5. mins for Signal  6
  
        link  lane   arri satu   - y-critical -    offset cycle  lost green      green inter phase phase
 ph ln  numb  numb   flow flow   lane appr  sum      time  time  time  time      phase green start   end
(#)(#)   (#)   (#)  (vph)(vph)    (%)  (%)  (%)     (sec) (sec) (sec) (sec)      (sec) (sec) (sec) (sec)
  1  1    70     1    130 2000     6.   6.  19.      25.0  55.0   8.0  47.0       19.7   4.0   0.0  19.7
  2  1    57     1    107 2000     5.  13.  19.      25.0  55.0   8.0  47.0       27.3   4.0  23.7  51.0
  2  2    60     1    256 2000    13.  13.  19.      25.0  55.0   8.0  47.0       27.3   4.0  23.7  51.0
  
 ph    offset cycle  lost green      green inter phase phase
 ##      time  time  time  time      phase green start   end
        (sec) (sec) (sec) (sec)      (sec) (sec) (sec) (sec)
  1      25.0  55.0   8.0  47.0       19.7   4.0   0.0  19.7
  2      25.0  55.0   8.0  47.0       27.3   4.0  23.7  51.0
 
 Timing Optimization at  10. mins for Signal  5
  
        link  lane   arri satu   - y-critical -    offset cycle  lost green      green inter phase phase
 ph ln  numb  numb   flow flow   lane appr  sum      time  time  time  time      phase green start   end
(#)(#)   (#)   (#)  (vph)(vph)    (%)  (%)  (%)     (sec) (sec) (sec) (sec)      (sec) (sec) (sec) (sec)
  1  1    66     1      0 2000     0.   4.  39.      27.3  50.0   8.0  42.0        7.8   4.0   0.0   7.8
  2  1    47     1    707 2000    35.  35.  39.      27.3  50.0   8.0  42.0       34.2   4.0  11.8  46.0
  2  2    50     1    383 2000    19.  35.  39.      27.3  50.0   8.0  42.0       34.2   4.0  11.8  46.0
  
 ph    offset cycle  lost green      green inter phase phase
 ##      time  time  time  time      phase green start   end
        (sec) (sec) (sec) (sec)      (sec) (sec) (sec) (sec)
  1      27.3  50.0   8.0  42.0        7.8   4.0   0.0   7.8
  2      27.3  50.0   8.0  42.0       34.2   4.0  11.8  46.0
 
 Timing Optimization at  10. mins for Signal  6
  
        link  lane   arri satu   - y-critical -    offset cycle  lost green      green inter phase phase
 ph ln  numb  numb   flow flow   lane appr  sum      time  time  time  time      phase green start   end
(#)(#)   (#)   (#)  (vph)(vph)    (%)  (%)  (%)     (sec) (sec) (sec) (sec)      (sec) (sec) (sec) (sec)
  1  1    70     1    346 2000    17.  17.  38.      27.3  50.0   8.0  42.0       18.5   4.0   0.0  18.5
  2  1    57     1    235 2000    12.  20.  38.      27.3  50.0   8.0  42.0       23.5   4.0  22.5  46.0
  2  2    60     1    405 2000    20.  20.  38.      27.3  50.0   8.0  42.0       23.5   4.0  22.5  46.0
  
 ph    offset cycle  lost green      green inter phase phase
 ##      time  time  time  time      phase green start   end
        (sec) (sec) (sec) (sec)      (sec) (sec) (sec) (sec)
  1      27.3  50.0   8.0  42.0       18.5   4.0   0.0  18.5
  2      27.3  50.0   8.0  42.0       23.5   4.0  22.5  46.0
 
 Timing Optimization at  15. mins for Signal  5
  
        link  lane   arri satu   - y-critical -    offset cycle  lost green      green inter phase phase
 ph ln  numb  numb   flow flow   lane appr  sum      time  time  time  time      phase green start   end
(#)(#)   (#)   (#)  (vph)(vph)    (%)  (%)  (%)     (sec) (sec) (sec) (sec)      (sec) (sec) (sec) (sec)
  1  1    66     1      0 2000     0.   5.  49.      24.5  45.0   8.0  37.0        5.1   4.0   0.0   5.1
  2  1    47     1    887 2000    44.  44.  49.      24.5  45.0   8.0  37.0       31.9   4.0   9.1  41.0
  2  2    50     1    517 2000    26.  44.  49.      24.5  45.0   8.0  37.0       31.9   4.0   9.1  41.0
  
 ph    offset cycle  lost green      green inter phase phase
 ##      time  time  time  time      phase green start   end
        (sec) (sec) (sec) (sec)      (sec) (sec) (sec) (sec)
  1      24.5  45.0   8.0  37.0        5.1   4.0   0.0   5.1
  2      24.5  45.0   8.0  37.0       31.9   4.0   9.1  41.0
 
 Timing Optimization at  15. mins for Signal  6
  
        link  lane   arri satu   - y-critical -    offset cycle  lost green      green inter phase phase
 ph ln  numb  numb   flow flow   lane appr  sum      time  time  time  time      phase green start   end
(#)(#)   (#)   (#)  (vph)(vph)    (%)  (%)  (%)     (sec) (sec) (sec) (sec)      (sec) (sec) (sec) (sec)
  1  1    70     1    393 2000    20.  20.  46.      24.5  45.0   8.0  37.0       16.1   4.0   0.0  16.1
  2  1    57     1    234 2000    12.  26.  46.      24.5  45.0   8.0  37.0       20.9   4.0  20.1  41.0
  2  2    60     1    519 2000    26.  26.  46.      24.5  45.0   8.0  37.0       20.9   4.0  20.1  41.0
  
 ph    offset cycle  lost green      green inter phase phase
 ##      time  time  time  time      phase green start   end
        (sec) (sec) (sec) (sec)      (sec) (sec) (sec) (sec)
  1      24.5  45.0   8.0  37.0       16.1   4.0   0.0  16.1
  2      24.5  45.0   8.0  37.0       20.9   4.0  20.1  41.0
 
 Timing Optimization at  20. mins for Signal  5
  
        link  lane   arri satu   - y-critical -    offset cycle  lost green      green inter phase phase
 ph ln  numb  numb   flow flow   lane appr  sum      time  time  time  time      phase green start   end
(#)(#)   (#)   (#)  (vph)(vph)    (%)  (%)  (%)     (sec) (sec) (sec) (sec)      (sec) (sec) (sec) (sec)
  1  1    66     1      0 2000     0.   4.  34.      35.2  40.0   8.0  32.0        3.8   4.0   0.0   3.8
  2  1    47     1    603 2000    30.  30.  34.      35.2  40.0   8.0  32.0       28.2   4.0   7.8  36.0
  2  2    50     1    456 2000    23.  30.  34.      35.2  40.0   8.0  32.0       28.2   4.0   7.8  36.0
  
 ph    offset cycle  lost green      green inter phase phase
 ##      time  time  time  time      phase green start   end
        (sec) (sec) (sec) (sec)      (sec) (sec) (sec) (sec)
  1      35.2  40.0   8.0  32.0        3.8   4.0   0.0   3.8
  2      35.2  40.0   8.0  32.0       28.2   4.0   7.8  36.0
 
 Timing Optimization at  20. mins for Signal  6
  
        link  lane   arri satu   - y-critical -    offset cycle  lost green      green inter phase phase
 ph ln  numb  numb   flow flow   lane appr  sum      time  time  time  time      phase green start   end
(#)(#)   (#)   (#)  (vph)(vph)    (%)  (%)  (%)     (sec) (sec) (sec) (sec)      (sec) (sec) (sec) (sec)
  1  1    70     1    282 2000    14.  14.  44.      35.2  40.0   8.0  32.0       12.1   4.0   0.0  12.1
  2  1    57     1    255 2000    13.  30.  44.      35.2  40.0   8.0  32.0       19.9   4.0  16.1  36.0
  2  2    60     1    593 2000    30.  30.  44.      35.2  40.0   8.0  32.0       19.9   4.0  16.1  36.0
  
 ph    offset cycle  lost green      green inter phase phase
 ##      time  time  time  time      phase green start   end
        (sec) (sec) (sec) (sec)      (sec) (sec) (sec) (sec)
  1      35.2  40.0   8.0  32.0       12.1   4.0   0.0  12.1
  2      35.2  40.0   8.0  32.0       19.9   4.0  16.1  36.0
 
 Timing Optimization at  25. mins for Signal  5
  
        link  lane   arri satu   - y-critical -    offset cycle  lost green      green inter phase phase
 ph ln  numb  numb   flow flow   lane appr  sum      time  time  time  time      phase green start   end
(#)(#)   (#)   (#)  (vph)(vph)    (%)  (%)  (%)     (sec) (sec) (sec) (sec)      (sec) (sec) (sec) (sec)
  1  1    66     1      0 2000     0.   4.  33.       8.3  35.0   8.0  27.0        3.1   4.0   0.0   3.1
  2  1    47     1    570 2000    28.  28.  33.       8.3  35.0   8.0  27.0       23.9   4.0   7.1  31.0
  2  2    50     1    387 2000    19.  28.  33.       8.3  35.0   8.0  27.0       23.9   4.0   7.1  31.0
  
 ph    offset cycle  lost green      green inter phase phase
 ##      time  time  time  time      phase green start   end
        (sec) (sec) (sec) (sec)      (sec) (sec) (sec) (sec)
  1       8.3  35.0   8.0  27.0        3.1   4.0   0.0   3.1
  2       8.3  35.0   8.0  27.0       23.9   4.0   7.1  31.0
 
 Timing Optimization at  25. mins for Signal  6
  
        link  lane   arri satu   - y-critical -    offset cycle  lost green      green inter phase phase
 ph ln  numb  numb   flow flow   lane appr  sum      time  time  time  time      phase green start   end
(#)(#)   (#)   (#)  (vph)(vph)    (%)  (%)  (%)     (sec) (sec) (sec) (sec)      (sec) (sec) (sec) (sec)
  1  1    70     1    186 2000     9.   9.  42.      35.2  40.0   8.0  32.0        9.6   4.0   0.0   9.6
  2  1    57     1    273 2000    14.  33.  42.      35.2  40.0   8.0  32.0       22.4   4.0  13.6  36.0
  2  2    60     1    656 2000    33.  33.  42.      35.2  40.0   8.0  32.0       22.4   4.0  13.6  36.0
  
 ph    offset cycle  lost green      green inter phase phase
 ##      time  time  time  time      phase green start   end
        (sec) (sec) (sec) (sec)      (sec) (sec) (sec) (sec)
  1      35.2  40.0   8.0  32.0        9.6   4.0   0.0   9.6
  2      35.2  40.0   8.0  32.0       22.4   4.0  13.6  36.0
 
 Timing Optimization at  30. mins for Signal  5
  
        link  lane   arri satu   - y-critical -    offset cycle  lost green      green inter phase phase
 ph ln  numb  numb   flow flow   lane appr  sum      time  time  time  time      phase green start   end
(#)(#)   (#)   (#)  (vph)(vph)    (%)  (%)  (%)     (sec) (sec) (sec) (sec)      (sec) (sec) (sec) (sec)
  1  1    66     1      0 2000     0.   7.  53.       8.3  35.0   8.0  27.0        3.2   4.0   0.0   3.2
  2  1    47     1    683 2000    34.  47.  53.       8.3  35.0   8.0  27.0       23.8   4.0   7.2  31.0
  2  2    50     1    931 2000    47.  47.  53.       8.3  35.0   8.0  27.0       23.8   4.0   7.2  31.0
  
 ph    offset cycle  lost green      green inter phase phase
 ##      time  time  time  time      phase green start   end
        (sec) (sec) (sec) (sec)      (sec) (sec) (sec) (sec)
  1       8.3  35.0   8.0  27.0        3.2   4.0   0.0   3.2
  2       8.3  35.0   8.0  27.0       23.8   4.0   7.2  31.0
 
 Timing Optimization at  30. mins for Signal  6
  
        link  lane   arri satu   - y-critical -    offset cycle  lost green      green inter phase phase
 ph ln  numb  numb   flow flow   lane appr  sum      time  time  time  time      phase green start   end
(#)(#)   (#)   (#)  (vph)(vph)    (%)  (%)  (%)     (sec) (sec) (sec) (sec)      (sec) (sec) (sec) (sec)
  1  1    70     1    507 2000    25.  25.  60.      35.2  40.0   8.0  32.0       11.6   4.0   0.0  11.6
  2  1    57     1    276 2000    14.  34.  60.      35.2  40.0   8.0  32.0       20.4   4.0  15.6  36.0
  2  2    60     1    686 2000    34.  34.  60.      35.2  40.0   8.0  32.0       20.4   4.0  15.6  36.0
  
 ph    offset cycle  lost green      green inter phase phase
 ##      time  time  time  time      phase green start   end
        (sec) (sec) (sec) (sec)      (sec) (sec) (sec) (sec)
  1      35.2  40.0   8.0  32.0       11.6   4.0   0.0  11.6
  2      35.2  40.0   8.0  32.0       20.4   4.0  15.6  36.0
 
 Timing Optimization at  35. mins for Signal  5
  
        link  lane   arri satu   - y-critical -    offset cycle  lost green      green inter phase phase
 ph ln  numb  numb   flow flow   lane appr  sum      time  time  time  time      phase green start   end
(#)(#)   (#)   (#)  (vph)(vph)    (%)  (%)  (%)     (sec) (sec) (sec) (sec)      (sec) (sec) (sec) (sec)
  1  1    66     1      0 2000     0.   7.  65.      29.4  40.0   8.0  32.0        3.9   4.0   0.0   3.9
  2  1    47     1   1153 2000    58.  58.  65.      29.4  40.0   8.0  32.0       28.1   4.0   7.9  36.0
  2  2    50     1    737 2000    37.  58.  65.      29.4  40.0   8.0  32.0       28.1   4.0   7.9  36.0
  
 ph    offset cycle  lost green      green inter phase phase
 ##      time  time  time  time      phase green start   end
        (sec) (sec) (sec) (sec)      (sec) (sec) (sec) (sec)
  1      29.4  40.0   8.0  32.0        3.9   4.0   0.0   3.9
  2      29.4  40.0   8.0  32.0       28.1   4.0   7.9  36.0
 
 Timing Optimization at  35. mins for Signal  6
  
        link  lane   arri satu   - y-critical -    offset cycle  lost green      green inter phase phase
 ph ln  numb  numb   flow flow   lane appr  sum      time  time  time  time      phase green start   end
(#)(#)   (#)   (#)  (vph)(vph)    (%)  (%)  (%)     (sec) (sec) (sec) (sec)      (sec) (sec) (sec) (sec)
  1  1    70     1    907 2000    45.  45.  68.       2.0  45.0   8.0  37.0       19.1   4.0   0.0  19.1
  2  1    57     1    191 2000    10.  23.  68.       2.0  45.0   8.0  37.0       17.9   4.0  23.1  41.0
  2  2    60     1    451 2000    23.  23.  68.       2.0  45.0   8.0  37.0       17.9   4.0  23.1  41.0
  
 ph    offset cycle  lost green      green inter phase phase
 ##      time  time  time  time      phase green start   end
        (sec) (sec) (sec) (sec)      (sec) (sec) (sec) (sec)
  1       2.0  45.0   8.0  37.0       19.1   4.0   0.0  19.1
  2       2.0  45.0   8.0  37.0       17.9   4.0  23.1  41.0
 
 Timing Optimization at  40. mins for Signal  5
  
        link  lane   arri satu   - y-critical -    offset cycle  lost green      green inter phase phase
 ph ln  numb  numb   flow flow   lane appr  sum      time  time  time  time      phase green start   end
(#)(#)   (#)   (#)  (vph)(vph)    (%)  (%)  (%)     (sec) (sec) (sec) (sec)      (sec) (sec) (sec) (sec)
  1  1    66     1      0 2000     0.   6.  52.      29.4  40.0   8.0  32.0        3.7   4.0   0.0   3.7
  2  1    47     1    929 2000    46.  46.  52.      29.4  40.0   8.0  32.0       28.3   4.0   7.7  36.0
  2  2    50     1    404 2000    20.  46.  52.      29.4  40.0   8.0  32.0       28.3   4.0   7.7  36.0
  
 ph    offset cycle  lost green      green inter phase phase
 ##      time  time  time  time      phase green start   end
        (sec) (sec) (sec) (sec)      (sec) (sec) (sec) (sec)
  1      29.4  40.0   8.0  32.0        3.7   4.0   0.0   3.7
  2      29.4  40.0   8.0  32.0       28.3   4.0   7.7  36.0
 
 Timing Optimization at  40. mins for Signal  6
  
        link  lane   arri satu   - y-critical -    offset cycle  lost green      green inter phase phase
 ph ln  numb  numb   flow flow   lane appr  sum      time  time  time  time      phase green start   end
(#)(#)   (#)   (#)  (vph)(vph)    (%)  (%)  (%)     (sec) (sec) (sec) (sec)      (sec) (sec) (sec) (sec)
  1  1    70     1   1248 2000    62.  62.  75.      35.6  50.0   8.0  42.0       28.4   4.0   0.0  28.4
  2  1    57     1    105 2000     5.  12.  75.      35.6  50.0   8.0  42.0       13.6   4.0  32.4  46.0
  2  2    60     1    247 2000    12.  12.  75.      35.6  50.0   8.0  42.0       13.6   4.0  32.4  46.0
  
 ph    offset cycle  lost green      green inter phase phase
 ##      time  time  time  time      phase green start   end
        (sec) (sec) (sec) (sec)      (sec) (sec) (sec) (sec)
  1      35.6  50.0   8.0  42.0       28.4   4.0   0.0  28.4
  2      35.6  50.0   8.0  42.0       13.6   4.0  32.4  46.0
 
 Timing Optimization at  45. mins for Signal  5
  
        link  lane   arri satu   - y-critical -    offset cycle  lost green      green inter phase phase
 ph ln  numb  numb   flow flow   lane appr  sum      time  time  time  time      phase green start   end
(#)(#)   (#)   (#)  (vph)(vph)    (%)  (%)  (%)     (sec) (sec) (sec) (sec)      (sec) (sec) (sec) (sec)
  1  1    66     1      0 2000     0.   5.  38.      13.3  35.0   8.0  27.0        3.1   4.0   0.0   3.1
  2  1    47     1    669 2000    33.  33.  38.      13.3  35.0   8.0  27.0       23.9   4.0   7.1  31.0
  2  2    50     1    221 2000    11.  33.  38.      13.3  35.0   8.0  27.0       23.9   4.0   7.1  31.0
  
 ph    offset cycle  lost green      green inter phase phase
 ##      time  time  time  time      phase green start   end
        (sec) (sec) (sec) (sec)      (sec) (sec) (sec) (sec)
  1      13.3  35.0   8.0  27.0        3.1   4.0   0.0   3.1
  2      13.3  35.0   8.0  27.0       23.9   4.0   7.1  31.0
 
 Timing Optimization at  45. mins for Signal  6
  
        link  lane   arri satu   - y-critical -    offset cycle  lost green      green inter phase phase
 ph ln  numb  numb   flow flow   lane appr  sum      time  time  time  time      phase green start   end
(#)(#)   (#)   (#)  (vph)(vph)    (%)  (%)  (%)     (sec) (sec) (sec) (sec)      (sec) (sec) (sec) (sec)
  1  1    70     1    695 2000    35.  35.  42.      32.0  45.0   8.0  37.0       28.0   4.0   0.0  28.0
  2  1    57     1     57 2000     3.   7.  42.      32.0  45.0   8.0  37.0        9.0   4.0  32.0  41.0
  2  2    60     1    135 2000     7.   7.  42.      32.0  45.0   8.0  37.0        9.0   4.0  32.0  41.0
  
 ph    offset cycle  lost green      green inter phase phase
 ##      time  time  time  time      phase green start   end
        (sec) (sec) (sec) (sec)      (sec) (sec) (sec) (sec)
  1      32.0  45.0   8.0  37.0       28.0   4.0   0.0  28.0
  2      32.0  45.0   8.0  37.0        9.0   4.0  32.0  41.0
 
 Timing Optimization at  50. mins for Signal  5
  
        link  lane   arri satu   - y-critical -    offset cycle  lost green      green inter phase phase
 ph ln  numb  numb   flow flow   lane appr  sum      time  time  time  time      phase green start   end
(#)(#)   (#)   (#)  (vph)(vph)    (%)  (%)  (%)     (sec) (sec) (sec) (sec)      (sec) (sec) (sec) (sec)
  1  1    66     1      0 2000     0.   4.  30.      13.3  35.0   8.0  27.0        3.2   4.0   0.0   3.2
  2  1    47     1    519 2000    26.  26.  30.      13.3  35.0   8.0  27.0       23.8   4.0   7.2  31.0
  2  2    50     1    121 2000     6.  26.  30.      13.3  35.0   8.0  27.0       23.8   4.0   7.2  31.0
  
 ph    offset cycle  lost green      green inter phase phase
 ##      time  time  time  time      phase green start   end
        (sec) (sec) (sec) (sec)      (sec) (sec) (sec) (sec)
  1      13.3  35.0   8.0  27.0        3.2   4.0   0.0   3.2
  2      13.3  35.0   8.0  27.0       23.8   4.0   7.2  31.0
 
 Timing Optimization at  50. mins for Signal  6
  
        link  lane   arri satu   - y-critical -    offset cycle  lost green      green inter phase phase
 ph ln  numb  numb   flow flow   lane appr  sum      time  time  time  time      phase green start   end
(#)(#)   (#)   (#)  (vph)(vph)    (%)  (%)  (%)     (sec) (sec) (sec) (sec)      (sec) (sec) (sec) (sec)
  1  1    70     1    381 2000    19.  19.  23.       1.8  40.0   8.0  32.0       25.5   4.0   0.0  25.5
  2  1    57     1     31 2000     2.   4.  23.       1.8  40.0   8.0  32.0        6.5   4.0  29.5  36.0
  2  2    60     1     74 2000     4.   4.  23.       1.8  40.0   8.0  32.0        6.5   4.0  29.5  36.0
  
 ph    offset cycle  lost green      green inter phase phase
 ##      time  time  time  time      phase green start   end
        (sec) (sec) (sec) (sec)      (sec) (sec) (sec) (sec)
  1       1.8  40.0   8.0  32.0       25.5   4.0   0.0  25.5
  2       1.8  40.0   8.0  32.0        6.5   4.0  29.5  36.0
 
 Timing Optimization at  55. mins for Signal  5
  
        link  lane   arri satu   - y-critical -    offset cycle  lost green      green inter phase phase
 ph ln  numb  numb   flow flow   lane appr  sum      time  time  time  time      phase green start   end
(#)(#)   (#)   (#)  (vph)(vph)    (%)  (%)  (%)     (sec) (sec) (sec) (sec)      (sec) (sec) (sec) (sec)
  1  1    66     1      0 2000     0.   5.  22.       2.8  30.0   8.0  22.0        3.0   4.0   0.0   3.0
  2  1    47     1    349 2000    17.  17.  22.       2.8  30.0   8.0  22.0       19.0   4.0   7.0  26.0
  2  2    50     1     66 2000     3.  17.  22.       2.8  30.0   8.0  22.0       19.0   4.0   7.0  26.0
  
 ph    offset cycle  lost green      green inter phase phase
 ##      time  time  time  time      phase green start   end
        (sec) (sec) (sec) (sec)      (sec) (sec) (sec) (sec)
  1       2.8  30.0   8.0  22.0        3.0   4.0   0.0   3.0
  2       2.8  30.0   8.0  22.0       19.0   4.0   7.0  26.0
 
 Timing Optimization at  55. mins for Signal  6
  
        link  lane   arri satu   - y-critical -    offset cycle  lost green      green inter phase phase
 ph ln  numb  numb   flow flow   lane appr  sum      time  time  time  time      phase green start   end
(#)(#)   (#)   (#)  (vph)(vph)    (%)  (%)  (%)     (sec) (sec) (sec) (sec)      (sec) (sec) (sec) (sec)
  1  1    70     1    209 2000    10.  10.  14.      29.1  35.0   8.0  27.0       21.8   4.0   0.0  21.8
  2  1    57     1     17 2000     1.   3.  14.      29.1  35.0   8.0  27.0        5.2   4.0  25.8  31.0
  2  2    60     1     40 2000     2.   3.  14.      29.1  35.0   8.0  27.0        5.2   4.0  25.8  31.0
  
 ph    offset cycle  lost green      green inter phase phase
 ##      time  time  time  time      phase green start   end
        (sec) (sec) (sec) (sec)      (sec) (sec) (sec) (sec)
  1      29.1  35.0   8.0  27.0       21.8   4.0   0.0  21.8
  2      29.1  35.0   8.0  27.0        5.2   4.0  25.8  31.0
    
 --------------------------------------------------
    
 
 Timing Optimization at  60. mins for Signal  5
  
        link  lane   arri satu   - y-critical -    offset cycle  lost green      green inter phase phase
 ph ln  numb  numb   flow flow   lane appr  sum      time  time  time  time      phase green start   end
(#)(#)   (#)   (#)  (vph)(vph)    (%)  (%)  (%)     (sec) (sec) (sec) (sec)      (sec) (sec) (sec) (sec)
  1  1    66     1      0 2000     0.   5.  14.       2.8  30.0   8.0  22.0        5.0   4.0   0.0   5.0
  2  1    47     1    191 2000    10.  10.  14.       2.8  30.0   8.0  22.0       17.0   4.0   9.0  26.0
  2  2    50     1     36 2000     2.  10.  14.       2.8  30.0   8.0  22.0       17.0   4.0   9.0  26.0
  
 ph    offset cycle  lost green      green inter phase phase
 ##      time  time  time  time      phase green start   end
        (sec) (sec) (sec) (sec)      (sec) (sec) (sec) (sec)
  1       2.8  30.0   8.0  22.0        5.0   4.0   0.0   5.0
  2       2.8  30.0   8.0  22.0       17.0   4.0   9.0  26.0
 
 Timing Optimization at  60. mins for Signal  6
  
        link  lane   arri satu   - y-critical -    offset cycle  lost green      green inter phase phase
 ph ln  numb  numb   flow flow   lane appr  sum      time  time  time  time      phase green start   end
(#)(#)   (#)   (#)  (vph)(vph)    (%)  (%)  (%)     (sec) (sec) (sec) (sec)      (sec) (sec) (sec) (sec)
  1  1    70     1    114 2000     6.   6.  10.      29.2  30.0   8.0  22.0       15.9   4.0   0.0  15.9
  2  1    57     1      9 2000     0.   5.  10.      29.2  30.0   8.0  22.0        6.1   4.0  19.9  26.0
  2  2    60     1     22 2000     1.   5.  10.      29.2  30.0   8.0  22.0        6.1   4.0  19.9  26.0
  
 ph    offset cycle  lost green      green inter phase phase
 ##      time  time  time  time      phase green start   end
        (sec) (sec) (sec) (sec)      (sec) (sec) (sec) (sec)
  1      29.2  30.0   8.0  22.0       15.9   4.0   0.0  15.9
  2      29.2  30.0   8.0  22.0        6.1   4.0  19.9  26.0
 
 LINK FLOW SUMMARIES AT TIME:   60. minutes
 
=======================================================   Link Grn  V/C     ==Travel Time==     Aver Aver    =VEH. ON LINK=
 LINK  ===NODES==      LINK          Speed Sat Lane Len   Flow Time Rat     Total Free Avg     Speed Stops   Max  Max   Cur
 (##)  Strt   End      NAME          (kph)(vph) (#)(km)  (vehs) (%) (%)     (min)(min)(min)    (kph)  (%)    Pos  Obs   Obs
===========================================================================================================================
    1    11     1                       60 2000  1 0.25     150 100   7      39.  0.2  0.3      57.3   0      25    4     0
    2    12    11                       60 2000  1 0.50     100 100   4      52.  0.5  0.5      58.0   0      50    5     0
    3    13    12                       60 2000  1 1.00     100  50   9     119.  1.0  1.2      50.6  34     100    8     0
    4    14    13                       60 2000  1 1.00     100 100   4     104.  1.0  1.0      57.7   0     100    7     0
    5    15    14                       60 2000  1 0.50     400  49  39     340.  0.5  0.9      35.3  81      50   21     0
    6     4    15                       60 2000  1 0.25     450 100  22     127.  0.2  0.3      53.2   7      25   11     0
    7    15     4                       60 2000  1 0.25     150 100   7      40.  0.2  0.3      56.8   0      25    7     0
    8    14    15                       60 2000  1 0.50     100 100   4      52.  0.5  0.5      57.4   1      50    6     0
    9    13    14                       60 2000  1 1.00     100  49   9     109.  1.0  1.1      55.2  47     100    8     0
   10    12    13                       60 2000  1 1.00     100 100   4     104.  1.0  1.0      57.9   0     100    8     0
   11    11    12                       60 2000  1 0.50     400  50  39     885.  0.5  2.2      13.6 117      50   50     0
   12     1    11                       60 2000  1 0.25     450 100  22     320.  0.2  0.7      21.1  34      25   25     0
   13    17    10                      110 2000  3 0.60    1450 100  24     496.  0.3  0.3     105.2   0     180   25     0
   15    19    17                      110 2000  3 0.30    1350 100  22     233.  0.2  0.2     104.3   1      90   14     0
   16    21    19                      110 2000  3 1.70    1650 100  27    4406.  0.9  2.7      38.2  42     510  192     0
   18    23    21                      110 2000  3 0.30    1250 100  20     238.  0.2  0.2      94.5  21      90   17     0
   19     5    23                      110 2000  3 0.60    1250 100  20     423.  0.3  0.3     106.4   1     180   26     0
   21    35     5                      110 2000  3 0.60    1450 100  24     513.  0.3  0.4     101.7   1     180   39     0
   23    34    35                      110 2000  3 0.30    1350 100  22     255.  0.2  0.2      95.4   5      90   22     0
   25    33    34                      110 2000  3 1.70    1650 100  27    2899.  0.9  1.8      58.1  40     510  133     0
   26    32    33                      110 2000  3 0.30    1250 100  20    1325.  0.2  1.1      17.0  34      90   85     0
   28    10    32                      110 2000  3 0.60    1250 100  20    1909.  0.3  1.5      23.6  33     180  165     0
   29    25     9                       60 2000  2 0.25     150 100   3      41.  0.2  0.3      54.6   0      50    7     0
   30    26    25                       60 2000  2 0.50     100 100   2      69.  0.5  0.7      43.4  94     100    6     0
   31    27    26                       60 2000  2 1.00     100  49   4     113.  1.0  1.1      53.1  64     200    9     0
   32    28    27                       60 2000  2 1.00     100 100   2     104.  1.0  1.0      57.6   3     200    8     0
   33    29    28                       60 2000  2 0.50     400  49  19     304.  0.5  0.8      39.4  74     100   22     0
   34     6    29                       60 2000  2 0.25     450 100  11     241.  0.2  0.5      28.0 110      50   19     0
   35    29     6                       60 2000  2 0.25     150 100   3      41.  0.2  0.3      54.5   0      50    6     0
   36    28    29                       60 2000  2 0.50     100 100   2      69.  0.5  0.7      43.5  93     100    8     0
   37    27    28                       60 2000  2 1.00     100  49   4     121.  1.0  1.2      49.5  37     200    9     0
   38    26    27                       60 2000  2 1.00     100 100   2     105.  1.0  1.0      57.4   2     200    8     0
   39    25    26                       60 2000  2 0.50     400  49  19     664.  0.5  1.7      18.1 108     100   66     0
   40     9    25                       60 2000  2 0.25     450 100  11     232.  0.2  0.5      29.1 107      50   17     0
   41    11    25                       60 2000  1 1.00     100 100   4     122.  1.0  1.2      49.2  97     100    9     0
   42    25    11                       60 2000  1 1.00     100 100   4     247.  1.0  2.5      24.3 123     100   19     0
   45    12    18                       60 2000  1 0.35     300 100  14     565.  0.4  1.9      11.2  54      34   34     0
   46    18    12                       60 2000  1 0.35     200  49  19     108.  0.4  0.5      38.7  55      34    9     0
   47    18    30                       60 2000  1 0.30     400  75  26     725.  0.3  1.8       9.9 111      30   30     0
   48    30    18                       60 2000  1 0.30     100 100   4      42.  0.3  0.4      42.5  54      30    9     0
   49    30    26                       60 2000  1 0.35     200  50  19     105.  0.4  0.5      39.9  49      34    9     0
   50    26    30                       60 2000  1 0.35     300  75  19     437.  0.4  1.5      14.4  70      34   34     0
   51    13    27                       60 2000  1 1.00       0 100   0       0.  1.0  1.0       0.0   0     100    0     0
   52    27    13                       60 2000  1 1.00       0 100   0       0.  1.0  1.0       0.0   0     100    0     0
   55    14    22                       60 2000  1 0.35     300 100  14     115.  0.4  0.4      54.8   2      34   11     0
   56    22    14                       60 2000  1 0.35     200  50  19     115.  0.4  0.6      36.6  57      34   13     0
   57    22    31                       60 2000  1 0.30     100  47  10      48.  0.3  0.5      37.9  70      30    7     0
   58    31    22                       60 2000  1 0.30     400 100  19     164.  0.3  0.4      43.8  37      30   15     0
   59    31    28                       60 2000  1 0.35     200  50  19     108.  0.4  0.5      38.7  44      34   18     0
   60    28    31                       60 2000  1 0.35     300  47  31     154.  0.4  0.5      40.8  48      34   14     0
   61    15    29                       60 2000  1 1.00     100 100   4     121.  1.0  1.2      49.7  95     100   10     0
   62    29    15                       60 2000  1 1.00     100 100   4     130.  1.0  1.3      46.2 100     100   10     0
   65    18    17                       60 2000  1 0.30     100 100   4      32.  0.3  0.3      56.2   0      30    6     0
   66    32    30                       60 2000  1 0.30       0  24   0       0.  0.3  0.3       0.0   0      30    0     0
   67    30    33                       60 2000  1 0.30     400 100  19     501.  0.3  1.3      14.4  42      30   30     0
   68    19    18                       60 2000  1 0.30     300 100  14    1263.  0.3  4.2       4.3 124      30   30     0
   69    22    21                       60 2000  1 0.30     400 100  19     133.  0.3  0.3      54.1   7      30   10     0
   70    34    31                       60 2000  1 0.30     300  52  28     358.  0.3  1.2      15.1 132      30   30     0
   71    31    35                       60 2000  1 0.30     100 100   4      32.  0.3  0.3      55.5   2      30    7     0
   72    23    22                       60 2000  1 0.30       0 100   0       0.  0.3  0.3       0.0   0      30    0     0
   73    12     2                       60 2000  1 0.25     300 100  14      82.  0.2  0.3      55.1   0      25    7     0
   74     3    14                       60 2000  1 0.25     100  50   9      40.  0.2  0.4      37.9  51      25    7     0
   75     8    26                       60 2000  1 0.25     100  50   9     100.  0.2  1.0      15.0  73      25   15     0
   76     7    28                       60 2000  1 0.25     100  50   9      41.  0.2  0.4      37.0  51      25    6     0
   77    28     7                       60 2000  1 0.25     300 100  14      83.  0.2  0.3      54.4   0      25   10     0
   78    26     8                       60 2000  1 0.25     300 100  14      83.  0.2  0.3      54.3   0      25    8     0
   79    14     3                       60 2000  1 0.25     300 100  14      83.  0.2  0.3      54.4   0      25    9     0
   80     2    12                       60 2000  1 0.25     100  49   9     221.  0.2  2.2       6.8  94      25   23     0
  
 -Total link travel times =     23449.80 veh-min
                          =       390.83 veh-hrs
 -Total network travel    =     15090.00 veh-km
 -Total network length    =        35.40 km
 
 -Average network speed   =        38.61 km/h
 -Average trip time/veh   =         4.99 min
 -Average trip length/veh =         3.21 km
 -Number Invisible veh.   =         0
 -Total network stops     =      9013.93
 -Average network stops   =        35.07 percent
 
 
 AVERAGE/TOTAL O-D TRIP TIMES/DISTANCES BY VEHICLE TYPE
 
  Veh. Orig Dest    =Num of Vehs=   Dept. Time   Arr. Time     ========= Trip Times ==========   Total
 Type  Zone Zone    Dep  Arr  Enr   First  Last First  Last    Total     Min   Avg   Max  S.D.  Distance 
                                    (Min)(Min) (Min)(Min) (Veh-Min)    (Min)(Min)(Min) (Min)(Veh-Km)
 ========================================================================================================
    1    1   2       50   50    0     0.3  29.7   1.4  38.4    166.6    1.03  3.33  8.71  3.01      49.9
    1    1   3       50   50    0     0.1  29.7   3.5  40.5    305.0    3.12  6.10 11.33  3.26     149.8
    1    1   4       50   50    0     0.2  29.6   4.0  40.3    316.7    3.60  6.33 11.76  3.27     174.8
    1    1   5       50   50    0     0.1  29.7   3.8  40.6    522.9    3.67 10.46 16.49  4.03     214.6
    1    1   6       50   50    0     1.2  29.7   6.9  42.0    698.3    5.67 13.97 19.12  4.33     239.6
    1    1   7       50   50    0     0.0  29.7   5.2  41.3    569.1    5.06 11.38 18.23  4.66     214.6
    1    1   8       50   50    0     0.3  29.7   2.9  37.8    183.1    2.25  3.66  8.14  1.82      99.8
    1    1   9       50   50    0     0.7  29.7   2.5  37.4    144.0    1.69  2.88  7.64  1.96      74.9
    1    1  10       50   50    0     0.6  29.6   2.4  38.5    293.4    1.78  5.87 11.80  3.88      99.8
    1    2   7       50   50    0     0.5  29.6   5.1  39.4    531.6    4.15 10.63 17.62  4.75     189.7
    1    2   8       50   50    0     0.0  29.7   2.3  35.7    384.8    1.79  7.70 13.54  4.60      74.8
    1    3   7       50   50    0     0.0  29.7   2.2  31.5     96.4    1.52  1.93  2.39  0.23      74.8
    1    3   8       50   50    0     0.1  29.7   4.5  52.4    870.8    4.34 17.42 24.28  7.79     189.7
    1    4   1       50   50    0     0.0  29.7   4.0  33.8    210.0    3.87  4.20  4.70  0.19     174.8
    1    4   2       50   50    0     0.1  29.7   3.6  33.5    182.6    3.18  3.65  4.10  0.22     149.8
    1    4   3       50   50    0     0.2  29.7   1.6  31.5     69.5    1.01  1.39  1.93  0.25      49.9
    1    4   5       50   50    0     0.7  29.7   3.3  31.9    134.6    2.13  2.69  3.31  0.31     114.7
    1    4   6       50   50    0     0.4  29.7   2.2  31.5     88.7    1.70  1.77  1.91  0.06      74.9
    1    4   7       50   50    0     0.3  29.7   2.6  32.0    125.5    2.23  2.51  2.89  0.18      99.8
    1    4   8       50   50    0     0.2  29.7   5.5  53.3    873.2    5.20 17.46 25.44  8.07     214.7
    1    4   9       50   50    0     0.0  29.7   6.0  53.4    881.1    5.92 17.62 25.96  8.01     239.6
    1    4  10       50   50    0     0.5  29.7   3.7  33.4    177.0    3.09  3.54  4.49  0.32     199.7
    1    5  10     1250 1250    0     0.0  30.0   1.9  32.1   2594.7    1.90  2.08  3.60  0.17    4365.7
    1    6   1       50   50    0     0.1  29.7   6.4  53.7    897.3    6.13 17.95 26.10  8.58     239.6
    1    6   2       50   50    0     0.1  29.7   5.9  53.8   1040.5    5.74 20.81 25.79  7.33     214.7
    1    6   3       50   50    0     0.9  29.6   3.7  32.5    153.2    2.60  3.06  3.74  0.30      99.8
    1    6   4       50   50    0     0.0  29.6   1.9  31.7    106.7    1.90  2.13  2.66  0.18      74.9
    1    6   5       50   50    0     0.4  29.7   2.6  31.7    124.0    1.98  2.48  2.99  0.27      99.8
    1    6   7       50   50    0     0.2  29.7   1.7  31.7     76.7    1.22  1.53  2.00  0.21      49.9
    1    6   8       50   50    0     0.1  29.7   4.0  33.8    189.3    3.30  3.79  4.66  0.29     149.8
    1    6   9       50   50    0     0.4  29.8   4.6  34.5    220.1    3.91  4.40  4.99  0.27     174.8
    1    6  10       50   50    0     0.4  29.7   4.8  34.0    212.8    3.58  4.26  5.33  0.38     214.6
    1    7   2       50   50    0     0.1  29.7   5.0  52.9    806.8    4.76 16.14 24.85  8.64     189.7
    1    7   3       50   50    0     0.0  29.7   2.0  32.0    115.5    1.57  2.31  2.85  0.30      74.8
    1    8   2       50   50    0     0.4  29.7   2.8  31.8    217.7    1.78  4.35  9.94  2.97      74.8
    1    8   3       50   50    0     0.3  29.7   4.2  36.1    378.1    3.56  7.56 15.09  3.76     189.7
    1    9   1       50   50    0     0.2  29.7   2.2  36.4    170.4    1.90  3.41  8.25  2.25      74.9
    1    9   2       50   50    0     1.1  29.7   4.6  38.5    276.9    2.50  5.54 10.88  3.35      99.8
    1    9   3       50   50    0     0.2  29.7   5.1  37.3    511.1    4.23 10.22 15.79  3.67     214.6
    1    9   4       50   50    0     0.0  29.7   4.6  37.7    534.0    4.59 10.68 16.19  3.68     239.6
    1    9   5       50   50    0     0.3  29.7   4.4  34.4    389.4    3.39  7.79 14.20  3.51     199.6
    1    9   6       50   50    0     0.1  29.6   4.5  34.3    232.4    3.93  4.65  7.11  0.75     174.8
    1    9   7       50   50    0     0.3  29.7   3.8  33.7    195.2    3.26  3.90  6.61  0.61     149.8
    1    9   8       50   50    0     0.4  29.7   1.8  31.8     89.5    1.20  1.79  3.79  0.68      49.9
    1    9  10       50   50    0     0.2  29.7   2.9  33.6    257.4    2.50  5.15 10.61  2.76     114.7
    1   10   5     1250 1250    0     0.0  30.0   1.9  34.7   6954.8    1.90  5.56 13.95  3.39    4365.9
    
 - Vehicle class :    1      Total Veh-Km =      15060.8
 - Vehicle class :    1      Total Veh-Hrs=        409.5
 
==================================================================================
    
    
    
    
     
==================================================================================
 AVERAGE/TOTAL O-D TRIP TIMES/DISTANCES FOR ALL VEHICLE CLASSES
                                    ====Trip Time====  Max Pre-Trip
 Orig Dest       =Num of Vehs=     Avg    SD     Total    Park Park   Tot. Dist
 Zone Zone       Dep  Arr Enrt    (min) (min)    (min)     Veh Time    veh-km
===============================================================================
    1    2        50   50    0     3.33  3.01    166.6      60   29      49.9
    1    3        50   50    0     6.10  3.26    305.0      60   29     149.8
    1    4        50   50    0     6.33  3.27    316.7      60   29     174.8
    1    5        50   50    0    10.46  4.03    522.9      60   29     214.6
    1    6        50   50    0    13.97  4.33    698.3      60   29     239.6
    1    7        50   50    0    11.38  4.66    569.1      60   29     214.6
    1    8        50   50    0     3.66  1.82    183.1      60   29      99.8
    1    9        50   50    0     2.88  1.96    144.0      60   29      74.9
    1   10        50   50    0     5.87  3.88    293.4      60   29      99.8
    2    7        50   50    0    10.63  4.75    531.6       1    3     189.7
    2    8        50   50    0     7.70  4.60    384.8       1    3      74.8
    3    7        50   50    0     1.93  0.23     96.4       2    9      74.8
    3    8        50   50    0    17.42  7.79    870.8       2    9     189.7
    4    1        50   50    0     4.20  0.19    210.0       6   29     174.8
    4    2        50   50    0     3.65  0.22    182.6       6   29     149.8
    4    3        50   50    0     1.39  0.25     69.5       6   29      49.9
    4    5        50   50    0     2.69  0.31    134.6       6   29     114.7
    4    6        50   50    0     1.77  0.06     88.7       6   29      74.9
    4    7        50   50    0     2.51  0.18    125.5       6   29      99.8
    4    8        50   50    0    17.46  8.07    873.2       6   29     214.7
    4    9        50   50    0    17.62  8.01    881.1       6   29     239.6
    4   10        50   50    0     3.54  0.32    177.0       6   29     199.7
    5   10      1250 1250    0     2.08  0.17   2594.7       3   28    4365.7
    6    1        50   50    0    17.95  8.58    897.3       3   29     239.6
    6    2        50   50    0    20.81  7.33   1040.5       3   29     214.7
    6    3        50   50    0     3.06  0.30    153.2       3   29      99.8
    6    4        50   50    0     2.13  0.18    106.7       3   29      74.9
    6    5        50   50    0     2.48  0.27    124.0       3   29      99.8
    6    7        50   50    0     1.53  0.21     76.7       3   29      49.9
    6    8        50   50    0     3.79  0.29    189.3       3   29     149.8
    6    9        50   50    0     4.40  0.27    220.1       3   29     174.8
    6   10        50   50    0     4.26  0.38    212.8       3   29     214.6
    7    2        50   50    0    16.14  8.64    806.8       2   21     189.7
    7    3        50   50    0     2.31  0.30    115.5       2   21      74.8
    8    2        50   50    0     4.35  2.97    217.7       2   28      74.8
    8    3        50   50    0     7.56  3.76    378.1       2   28     189.7
    9    1        50   50    0     3.41  2.25    170.4       4   29      74.9
    9    2        50   50    0     5.54  3.35    276.9       4   29      99.8
    9    3        50   50    0    10.22  3.67    511.1       4   29     214.6
    9    4        50   50    0    10.68  3.68    534.0       4   29     239.6
    9    5        50   50    0     7.79  3.51    389.4       4   29     199.6
    9    6        50   50    0     4.65  0.75    232.4       4   29     174.8
    9    7        50   50    0     3.90  0.61    195.2       4   29     149.8
    9    8        50   50    0     1.79  0.68     89.5       4   29      49.9
    9   10        50   50    0     5.15  2.76    257.4       4   29     114.7
   10    5      1250 1250    0     5.56  3.39   6954.8     167   26    4365.9
 - All Vehicle Classes        Total Veh-Km =      15060.8
 - All Vehicle Classes        Total Veh-Hrs=        409.6
 
 
 
 Sum of the total trip time     =   24569.2 veh-mins      409.49 veh-hrs.
 Average          trip time     =      5.23 mins            314. secs
 
  Total demand to enter network =  4700
  Vehicles eligible to enter    =  4700
  Vehicles in their driveways   =  0
  Vehicles left on network      =  0
  Vehicles that completed trip  =  4700
 
       SUMMARY OF NETWORK INCIDENTS 
 
 
 INCIDENT  1 on link  25   from  33 to  34
 Lane Losses: 0.5000.5000.500
   start time:  10.0 min   end time  :  15.0 min   duration  :   5.0 min
 
 INCIDENT  2 on link  25   from  33 to  34
 Lane Losses: 0.2500.2500.250
   start time:  15.0 min   end time  :  25.0 min   duration  :  10.0 min
