QNET master file                                                                                                                                                                                                                                                                                            
 Total Statistics: 
  1       4700.00          0.00          0.00          0.00          0.00       4700.00     - vehicle trips                    
  2       4700.00          0.00          0.00          0.00          0.00       4700.00     - person trips                     
  3      15039.71          0.00          0.00          0.00          0.00      15039.71     - vehicle-km                       
  4      15039.71          0.00          0.00          0.00          0.00      15039.71     - person-km                        
  5       7739.26          0.00          0.00          0.00          0.00       7739.26     - vehicle-stops                    
  6     995921.94          0.00          0.00          0.00          0.00     995921.94     - vehicle-secs                     
  7     995921.94          0.00          0.00          0.00          0.00     995921.94     - person-secs                      
  8     372331.72          0.00          0.00          0.00          0.00     372331.72     - total delay                      
  9     111499.20          0.00          0.00          0.00          0.00     111499.20     - stopped delay                    
 10     260832.83          0.00          0.00          0.00          0.00     260832.83     - accel/decel delay                
 11  206206672.00          0.00          0.00          0.00          0.00  206206672.00     - accel-noise                      
 12       1265.87          0.00          0.00          0.00          0.00       1265.87     - fuel (l)                         
 13        390.84          0.00          0.00          0.00          0.00        390.84     - HC (g)                           
 14       9404.02          0.00          0.00          0.00          0.00       9404.02     - CO (g)                           
 15       2148.76          0.00          0.00          0.00          0.00       2148.76     - NOx (g)                          
 16    2932150.00          0.00          0.00          0.00          0.00    2932150.00     - CO2 (g)                          
 17          0.00          0.00          0.00          0.00          0.00          0.00     - PM (g)                           
 18      30370.82          0.00          0.00          0.00          0.00      30370.82     - crashes*10e-6                    
 19      14209.45          0.00          0.00          0.00          0.00      14209.45     - injury crashes                   
 20        150.94          0.00          0.00          0.00          0.00        150.94     - fatal crashes                    
 21       1391.62          0.00          0.00          0.00          0.00       1391.62     - no damage                        
 22      14454.92          0.00          0.00          0.00          0.00      14454.92     - minor damage                     
 23       8523.80          0.00          0.00          0.00          0.00       8523.80     - moderate damage                  
 24          0.00          0.00          0.00          0.00          0.00          0.00     - dollars of toll                  
 
 Average Statistics: 
  1        1.0000        0.0000        0.0000        0.0000        0.0000        1.0000     - vehicle trips                    
  2        1.0000        0.0000        0.0000        0.0000        0.0000        1.0000     - person trips                     
  3        3.1999        0.0000        0.0000        0.0000        0.0000        3.1999     - vehicle-km                       
  4        3.1999        0.0000        0.0000        0.0000        0.0000        3.1999     - person-km                        
  5        1.6467        0.0000        0.0000        0.0000        0.0000        1.6467     - vehicle-stops                    
  6      211.8983        0.0000        0.0000        0.0000        0.0000      211.8983     - vehicle-secs                     
  7      211.8983        0.0000        0.0000        0.0000        0.0000      211.8983     - person-secs                      
  8       79.2195        0.0000        0.0000        0.0000        0.0000       79.2195     - total delay                      
  9       23.7232        0.0000        0.0000        0.0000        0.0000       23.7232     - stopped delay                    
 10       55.4963        0.0000        0.0000        0.0000        0.0000       55.4963     - accel/decel delay                
 11    43873.7617        0.0000        0.0000        0.0000        0.0000    43873.7617     - accel-noise                      
 12        0.2693        0.0000        0.0000        0.0000        0.0000        0.2693     - fuel (l)                         
 13        0.0832        0.0000        0.0000        0.0000        0.0000        0.0832     - HC (g)                           
 14        2.0009        0.0000        0.0000        0.0000        0.0000        2.0009     - CO (g)                           
 15        0.4572        0.0000        0.0000        0.0000        0.0000        0.4572     - NOx (g)                          
 16      623.8617        0.0000        0.0000        0.0000        0.0000      623.8617     - CO2 (g)                          
 17        0.0000        0.0000        0.0000        0.0000        0.0000        0.0000     - PM (g)                           
 18        6.4619        0.0000        0.0000        0.0000        0.0000        6.4619     - crashes*10e-6                    
 19        3.0233        0.0000        0.0000        0.0000        0.0000        3.0233     - injury crashes                   
 20        0.0321        0.0000        0.0000        0.0000        0.0000        0.0321     - fatal crashes                    
 21        0.2961        0.0000        0.0000        0.0000        0.0000        0.2961     - no damage                        
 22        3.0755        0.0000        0.0000        0.0000        0.0000        3.0755     - minor damage                     
 23        1.8136        0.0000        0.0000        0.0000        0.0000        1.8136     - moderate damage                  
 24        0.0000        0.0000        0.0000        0.0000        0.0000        0.0000     - dollars of toll                  
